(WriteImageCmd (CallExpr L7Q.1J_2A_2z.3i.) "!")
(StmtCmd (AssertStmt (IntExpr 6749) "7"))
(ShowCmd (FloatExpr 537))
(PrintCmd "haU")
(TimeCmd
 (StmtCmd
  (WriteImageCmd
   (CallExpr
    v
    (IntExpr 2)
    (IntExpr 1)
    (FloatExpr 8577157390)
    (VarExpr f2H.)
    (IntExpr 478)
    (CallExpr g9q_ (VarExpr a9h.4b.4d.1d.8m_))
    (CallExpr w (IntExpr 5))
    (CallExpr R)
    (FloatExpr 0)
    (FloatExpr 0)
    (CallExpr N)
    (IntExpr 5)
    (CallExpr d)
    (IntExpr 3)
    (FloatExpr 0)
    (FloatExpr 0)
    (CallExpr
     h5y.8N.
     (CallExpr I8c.)
     (VarExpr F7i.)
     (CallExpr C5g.0n_ (VarExpr T))
     (IntExpr 5)
     (FloatExpr 0)
     (IntExpr 5)
     (CallExpr u)
     (CallExpr x1U_0C_ (VarExpr A5m_2z.4P.9G.9Y.))
     (FloatExpr 1)))
   "&")))
(WriteImageCmd (FloatExpr 0) "")
(WriteImageCmd (IntExpr 4277) "#nHB")
(StmtCmd (AssertStmt (IntExpr 4) ""))
(TimeCmd (StmtCmd (PrintCmd "5P")))
(TimeCmd (StmtCmd (PrintCmd "")))
(WriteImageCmd (CallExpr E (FloatExpr 335)) "]")
(WriteImageCmd (VarExpr N) "")
(ReadImageCmd "" (VarArgument M0d.))
(ShowCmd (FloatExpr 3))
