(TimeCmd (WriteImageCmd (IntExpr 0) "e;C"))
(PrintCmd " ")
(PrintCmd "")
(PrintCmd "")
(WriteImageCmd (VarExpr k5Y_0q.) "")
(PrintCmd "M)F")
(TimeCmd (TimeCmd (AssertStmt (IntExpr 88246675) "Cv")))
(WriteImageCmd (VarExpr a7m_) "=")
(PrintCmd "")
(TimeCmd (ReadImageCmd "" (VarArgument H7d_)))
(PrintCmd "i~")
(ReadImageCmd "7" (VarArgument I))
(StmtCmd (LetStmt (ArgLValue (VarArgument E9x.9a.8K_6x_)) (CallExpr T0E_)))
(PrintCmd "X")
(ReadImageCmd "o>H>8" (VarArgument l))
