(ReadImageCmd "" (VarArgument t))
(StmtCmd (AssertStmt (CallExpr r6m_4E_ (IntExpr 30)) ""))
(WriteImageCmd (FloatExpr 0) "")
(ShowCmd
 (CallExpr
  x
  (CallExpr
   b
   (CallExpr T)
   (CallExpr
    L
    (CallExpr R1m_8G_3d. (FloatExpr 7))
    (CallExpr D4e.7c.8h. (VarExpr C2Z_8T_))
    (VarExpr q1W_)
    (VarExpr i5K_2D.3R_)
    (FloatExpr 669)
    (VarExpr y)
    (CallExpr F0x_1B.9K. (FloatExpr 30336))
    (VarExpr w)
    (IntExpr 66)
    (FloatExpr 7741)
    (FloatExpr 0)
    (VarExpr d3D_)
    (FloatExpr 890)
    (FloatExpr 8665)
    (VarExpr C)
    (VarExpr b)
    (IntExpr 3)
    (CallExpr b (FloatExpr 0))
    (VarExpr H)
    (FloatExpr 0)
    (CallExpr K9b. (FloatExpr 0) (IntExpr 56))
    (CallExpr q0d_)
    (VarExpr z)
    (IntExpr 2)
    (CallExpr g1a_ (IntExpr 77))
    (CallExpr z (CallExpr k (FloatExpr 6)) (IntExpr 5634))
    (CallExpr i (CallExpr d5G. (IntExpr 72)))
    (FloatExpr 0)
    (CallExpr q0A_ (IntExpr 50) (FloatExpr 0))
    (CallExpr T5o_ (FloatExpr 0))
    (FloatExpr 0)
    (VarExpr v6o.)
    (VarExpr z)
    (VarExpr T)
    (FloatExpr 0)
    (CallExpr L (IntExpr 1))
    (IntExpr 7832)
    (VarExpr e0I.3G_)
    (VarExpr n1G.2q.8l_9a_)
    (FloatExpr 0)
    (CallExpr V7b.4d_ (CallExpr T (FloatExpr 0)))
    (CallExpr l6v_ (CallExpr q (IntExpr 68)))
    (IntExpr 44)
    (VarExpr V3X_9G.)
    (VarExpr W)
    (IntExpr 607)
    (VarExpr J)
    (FloatExpr 0)
    (FloatExpr 534458925495)
    (FloatExpr 0)
    (VarExpr H)
    (IntExpr 3558)
    (CallExpr d)
    (FloatExpr 0)
    (VarExpr k1r_)
    (IntExpr 4)
    (IntExpr 4)
    (IntExpr 990)
    (IntExpr 449)
    (FloatExpr 0)
    (IntExpr 0)
    (FloatExpr 0)
    (CallExpr h6l_5d.2H.1h_)
    (FloatExpr 0)
    (VarExpr P3K_5c.4L_)
    (IntExpr 4)
    (FloatExpr 0)
    (CallExpr h)
    (IntExpr 3)
    (CallExpr V (CallExpr p8d. (FloatExpr 110)))
    (FloatExpr 0)
    (CallExpr
     P1y.
     (VarExpr d)
     (CallExpr f9Z.1Q_)
     (CallExpr b9w.1o.2w.)
     (CallExpr c4B.2j_2L.0m_)
     (CallExpr a8e.))
    (FloatExpr 0)
    (IntExpr 78)
    (VarExpr M)
    (CallExpr N (CallExpr E))
    (VarExpr D)
    (CallExpr F)
    (CallExpr h)
    (VarExpr f)
    (CallExpr h0W.4q_0u_7r.)
    (IntExpr 16)
    (FloatExpr 0)
    (IntExpr 4)
    (CallExpr Z)
    (IntExpr 9)
    (VarExpr U)
    (IntExpr 7)
    (FloatExpr 828374)
    (IntExpr 73010)
    (FloatExpr 0)
    (IntExpr 6)
    (IntExpr 9)
    (CallExpr f (CallExpr U))
    (FloatExpr 0)
    (CallExpr V (FloatExpr 0))
    (IntExpr 26)
    (CallExpr m8O_1C_ (IntExpr 6))
    (CallExpr o)
    (CallExpr n (IntExpr 73))
    (IntExpr 3)
    (VarExpr n)
    (FloatExpr 28)
    (CallExpr F4I_ (CallExpr J4q.4O.))
    (FloatExpr 0)
    (CallExpr k3X. (FloatExpr 0) (FloatExpr 7) (IntExpr 74))
    (CallExpr o (CallExpr o0r. (VarExpr q9M_) (CallExpr O)))
    (CallExpr J0V.0l_6r_3S_9l.0n.0w.9d_8O_ (FloatExpr 0))
    (FloatExpr 8631252588)
    (VarExpr k)
    (CallExpr A)
    (CallExpr w4o. (FloatExpr 53))
    (IntExpr 66)
    (IntExpr 19697213)
    (CallExpr U)
    (VarExpr L0I.)
    (IntExpr 872)
    (IntExpr 6)
    (FloatExpr 0)
    (CallExpr
     x5N_
     (VarExpr o)
     (VarExpr j2R.)
     (CallExpr
      s
      (FloatExpr 31)
      (CallExpr
       f
       (CallExpr N (IntExpr 3))
       (FloatExpr 0)
       (IntExpr 68)
       (FloatExpr 22)))
     (FloatExpr 4055)
     (CallExpr b)
     (VarExpr w)
     (FloatExpr 51730)
     (IntExpr 9270)
     (FloatExpr 29)
     (FloatExpr 42)
     (CallExpr J7d.7N.6C. (CallExpr C) (CallExpr p (IntExpr 21)))
     (IntExpr 5352)
     (VarExpr E)
     (CallExpr O3Q_ (CallExpr A2q_))
     (IntExpr 8057)
     (VarExpr j4K.)
     (CallExpr Q)
     (FloatExpr 0)
     (FloatExpr 0)
     (CallExpr A (CallExpr y7I. (VarExpr h)))
     (CallExpr c)
     (VarExpr J5i_)
     (CallExpr
      Z
      (CallExpr
       M
       (FloatExpr 0)
       (CallExpr f (FloatExpr 0))
       (CallExpr f1p_ (FloatExpr 0))
       (CallExpr C0a_ (CallExpr H0p_))
       (VarExpr W5A.6K.5N_0C.)
       (CallExpr c)
       (CallExpr G6h. (FloatExpr 38097229688))
       (CallExpr F (VarExpr n6A.9x_0Y.))
       (FloatExpr 1)
       (IntExpr 7)
       (CallExpr o0A.)
       (FloatExpr 0)
       (CallExpr x)
       (IntExpr 66)
       (VarExpr P)
       (CallExpr F3p_)
       (FloatExpr 65824203)
       (CallExpr h2y_3m_ (FloatExpr 0))
       (IntExpr 4)
       (CallExpr I)
       (CallExpr d)
       (CallExpr a3m_0r.)
       (CallExpr Y (CallExpr e (FloatExpr 8200)))
       (CallExpr x (IntExpr 6))
       (VarExpr B4R_)
       (FloatExpr 539)
       (VarExpr v)))
     (IntExpr 5)
     (CallExpr Z6L_7l.)
     (IntExpr 595033)
     (IntExpr 316)
     (CallExpr w (VarExpr N5g_))
     (IntExpr 9)
     (VarExpr N)
     (FloatExpr 4652118)
     (VarExpr J)
     (CallExpr o)
     (CallExpr W)
     (VarExpr d)
     (CallExpr U6V_)
     (CallExpr Y5E.0N_0y. (IntExpr 6))
     (VarExpr e1K.)
     (VarExpr N)
     (CallExpr s5F_9v.0k_1a.)
     (IntExpr 5)
     (IntExpr 7832)
     (CallExpr B (VarExpr E6w.4c_1S_7B_7o.1k_) (FloatExpr 0))
     (IntExpr 69)
     (FloatExpr 0)
     (CallExpr j)
     (VarExpr f)
     (IntExpr 3))
    (IntExpr 2)
    (VarExpr J))
   (IntExpr 83)
   (IntExpr 9))))
(WriteImageCmd (VarExpr Q9N_9E_7R.) "4")
(PrintCmd "")
(PrintCmd " ")
(StmtCmd (ReturnStmt (VarExpr i)))
(ReadImageCmd "S" (VarArgument k3i.5y.3s.8A.1C_9s_))
(ShowCmd
 (CallExpr
  N
  (CallExpr
   q
   (IntExpr 3)
   (CallExpr V (IntExpr 2368))
   (CallExpr J)
   (VarExpr K2k.9t.)
   (FloatExpr 0)
   (CallExpr m8z_)
   (CallExpr y7S.)
   (VarExpr B3R.)
   (FloatExpr 0)
   (FloatExpr 0)
   (VarExpr e5s_5b.)
   (VarExpr A5b_)
   (IntExpr 288)
   (CallExpr H2h. (FloatExpr 0))
   (CallExpr S)
   (FloatExpr 0)
   (CallExpr u)
   (FloatExpr 28907)
   (CallExpr x (VarExpr b4S.7f.9G.))
   (IntExpr 2)
   (CallExpr R)
   (IntExpr 0)
   (FloatExpr 91354)
   (FloatExpr 0)
   (IntExpr 53)
   (IntExpr 20)
   (CallExpr F (VarExpr W3P_4m.1w.0v.4C_))
   (IntExpr 7)
   (CallExpr
    X5f_9p_
    (FloatExpr 0)
    (VarExpr t)
    (IntExpr 2)
    (CallExpr g9m_9N_ (FloatExpr 0))
    (IntExpr 750)
    (VarExpr i8o_6Q_1K_))
   (VarExpr x)
   (VarExpr G8U.)
   (CallExpr M (CallExpr R))
   (IntExpr 4)
   (FloatExpr 47)
   (FloatExpr 0)
   (CallExpr u)
   (CallExpr
    j3e.4Q_
    (IntExpr 9)
    (FloatExpr 0)
    (CallExpr Z)
    (VarExpr J6f.6X_4E.)
    (IntExpr 22)
    (VarExpr m8k_9s_8k.8k.4W.)
    (CallExpr k (VarExpr S3D.9Z_)))
   (CallExpr B1m.5F.8i_3g_0F.1c_)
   (CallExpr
    x
    (VarExpr C7X.)
    (CallExpr
     R
     (VarExpr X)
     (IntExpr 2)
     (VarExpr Y5O_)
     (VarExpr o9y.)
     (VarExpr E)
     (VarExpr E6X.9c_)
     (CallExpr H1I.4v_ (VarExpr B) (VarExpr J))
     (CallExpr
      O6u.
      (CallExpr x4q.)
      (CallExpr F4d. (VarExpr L) (VarExpr M) (FloatExpr 4))
      (FloatExpr 0)
      (IntExpr 3)
      (FloatExpr 0)
      (FloatExpr 0)
      (IntExpr 36))
     (IntExpr 4)
     (IntExpr 97)
     (FloatExpr 0)
     (VarExpr h8T.0d_)
     (FloatExpr 0)
     (FloatExpr 208)
     (VarExpr w)
     (VarExpr o9L.)
     (CallExpr m (VarExpr I4j.9t_) (FloatExpr 0) (FloatExpr 0))
     (VarExpr t)
     (FloatExpr 0)
     (FloatExpr 9)
     (VarExpr W)
     (VarExpr S1E_4u.)
     (CallExpr A (CallExpr C (FloatExpr 89) (IntExpr 5)) (IntExpr 788))
     (VarExpr I3o.)
     (VarExpr G9T_0S.)
     (VarExpr M)
     (CallExpr M)
     (VarExpr L4G.)
     (VarExpr l)
     (VarExpr e)
     (FloatExpr 0)
     (CallExpr D)
     (VarExpr X)
     (VarExpr w9c_)
     (CallExpr h)
     (CallExpr L9S_ (VarExpr F))
     (FloatExpr 7)
     (FloatExpr 4)
     (CallExpr A)
     (VarExpr n)
     (FloatExpr 839)
     (CallExpr c1W_)
     (IntExpr 626768)
     (VarExpr f2p_)
     (CallExpr U0b_6X_ (VarExpr h5m_) (VarExpr C9i.8Y.7G.1t_))
     (CallExpr A)
     (CallExpr g4G.7q. (IntExpr 0))
     (IntExpr 5827)
     (IntExpr 922)
     (VarExpr L4b.)
     (IntExpr 7)
     (IntExpr 7)
     (FloatExpr 0)
     (CallExpr
      j9I.
      (CallExpr M6B_9l_ (VarExpr D))
      (CallExpr i (FloatExpr 346710)))
     (VarExpr n8x.4C.)
     (CallExpr m)
     (IntExpr 23)
     (IntExpr 7)
     (VarExpr s)
     (CallExpr J4U_1i_ (IntExpr 343))
     (IntExpr 4)
     (VarExpr u2W_9s.)
     (CallExpr g (VarExpr p))
     (FloatExpr 0)
     (IntExpr 68646)
     (CallExpr A3U_7W_ (IntExpr 6862))
     (CallExpr p5U_1T.1n_5x_5m_5L.5n.)
     (IntExpr 7)
     (IntExpr 675)
     (IntExpr 56)
     (IntExpr 1636)
     (FloatExpr 0)
     (FloatExpr 770)
     (CallExpr k)
     (IntExpr 0)
     (CallExpr M3o_6h_)
     (VarExpr a)
     (CallExpr C)
     (FloatExpr 0)
     (IntExpr 6)
     (CallExpr p7o_)
     (IntExpr 30))
    (IntExpr 0))
   (VarExpr u9E.)
   (IntExpr 2)
   (FloatExpr 118)
   (FloatExpr 0)
   (VarExpr Z4W_8q.7G.)
   (IntExpr 8)
   (IntExpr 3)
   (CallExpr O (VarExpr C2B_))
   (VarExpr W1f.)
   (IntExpr 95)
   (IntExpr 172)
   (FloatExpr 9)
   (VarExpr U5X_5i_4J_4q_)
   (VarExpr v5x_)
   (VarExpr f4n_)
   (IntExpr 59)
   (IntExpr 9)
   (VarExpr n6H.0c.)
   (CallExpr F4Y_0q_)
   (CallExpr Q)
   (VarExpr Y)
   (VarExpr K2V.5D.0h.)
   (VarExpr d6d.)
   (IntExpr 592)
   (IntExpr 2)
   (VarExpr t)
   (FloatExpr 4)
   (FloatExpr 0)
   (VarExpr k9G.1u.)
   (CallExpr d)
   (CallExpr D (VarExpr Z0r.))
   (CallExpr
    j
    (VarExpr b7l_)
    (VarExpr f3H.)
    (FloatExpr 8)
    (IntExpr 88)
    (IntExpr 1)
    (VarExpr I9Z.1Y_)
    (FloatExpr 6)
    (VarExpr L)
    (VarExpr D)
    (CallExpr X9Y.)
    (VarExpr o1v.3A_8T_)
    (CallExpr t0U. (IntExpr 1))
    (CallExpr Z3P_))
   (CallExpr B0j_5f.)
   (VarExpr o7A.)
   (CallExpr E1f.)
   (FloatExpr 0)
   (CallExpr F (FloatExpr 0))
   (CallExpr r4R.6c_ (VarExpr e))
   (VarExpr T1e_8Q.)
   (FloatExpr 635)
   (VarExpr G8e.3z.1w.)
   (CallExpr J (FloatExpr 0))
   (CallExpr N5V.)
   (FloatExpr 9)
   (VarExpr P)
   (FloatExpr 0)
   (IntExpr 3)
   (VarExpr S)
   (VarExpr h1s.5h.3V_9e_6s.5n_)
   (FloatExpr 0)
   (CallExpr E2e_ (FloatExpr 0) (FloatExpr 27) (VarExpr f8Q.))
   (FloatExpr 870366)
   (CallExpr t3B.)
   (IntExpr 4)
   (FloatExpr 7)
   (FloatExpr 0)
   (FloatExpr 0)
   (FloatExpr 0)
   (IntExpr 4773)
   (IntExpr 5)
   (IntExpr 6)
   (CallExpr B3N.4r.)
   (VarExpr g)
   (IntExpr 9)
   (IntExpr 351)
   (CallExpr d8S_4y. (FloatExpr 0))
   (CallExpr w (FloatExpr 0))
   (VarExpr o)
   (CallExpr x1p.7E_)
   (VarExpr O4v.)
   (FloatExpr 0)
   (FloatExpr 418)
   (CallExpr L (IntExpr 7))
   (IntExpr 52489)
   (CallExpr w)
   (IntExpr 36)
   (IntExpr 8)
   (FloatExpr 0)
   (CallExpr
    y8w_1V.
    (FloatExpr 5)
    (CallExpr a)
    (CallExpr F8s_)
    (FloatExpr 0)
    (FloatExpr 0)
    (CallExpr x8G_0E.)
    (IntExpr 90)
    (FloatExpr 687741)
    (VarExpr y))
   (CallExpr
    t
    (CallExpr A (CallExpr i) (CallExpr c))
    (IntExpr 9)
    (IntExpr 1)
    (CallExpr J (CallExpr s2z_9c.7m_ (FloatExpr 0)) (CallExpr X)))
   (IntExpr 1)
   (FloatExpr 0)
   (VarExpr y9x_5m_)
   (VarExpr F0S_)
   (CallExpr V8e_0k_1e.)
   (VarExpr a5F_5z_)
   (CallExpr Z)
   (VarExpr A5h.0g.)
   (VarExpr c9f_)
   (VarExpr k)
   (VarExpr c)
   (VarExpr g9m.)
   (CallExpr w (FloatExpr 2576386299))
   (CallExpr K0r_ (VarExpr T))
   (VarExpr B7x.2O.)
   (VarExpr R)
   (CallExpr m0D_4L.))
  (IntExpr 6)))
(ShowCmd (CallExpr s8c_ (CallExpr u)))
(TimeCmd (StmtCmd (PrintCmd "a")))
(PrintCmd "")
(ReadImageCmd "" (VarArgument u))
(PrintCmd "xK")
(ShowCmd (VarExpr X0E_))
(TimeCmd (StmtCmd (ReturnStmt (FloatExpr 0))))
(ShowCmd (VarExpr y6P.9S.2D_))
