(PrintCmd "")
(PrintCmd "_")
(StmtCmd (ReturnStmt (IntExpr 8)))
(TimeCmd (TimeCmd (ReadImageCmd "" (VarArgument T))))
(WriteImageCmd (FloatExpr 0) "")
(TimeCmd (TimeCmd (ReadImageCmd "Ra" (VarArgument T))))
(ShowCmd (IntExpr 66614))
(TimeCmd
 (TimeCmd (LetStmt (ArgLValue (VarArgument U9Y.9W.)) (CallExpr F0z.9q.))))
(ReadImageCmd "7P)" (VarArgument B1E.))
(TimeCmd (ReadImageCmd ");" (VarArgument w)))
(ReadImageCmd "" (VarArgument U1B.3n_))
(PrintCmd "")
(PrintCmd "")
