(TimeCmd (StmtCmd (PrintCmd "%T")))
(ReadImageCmd "Fx" (VarArgument p))
(TimeCmd (StmtCmd (ReadImageCmd "!" (VarArgument R))))
(PrintCmd "")
(TimeCmd
 (StmtCmd
  (WriteImageCmd
   (CallExpr
    v5s.3d.
    (FloatExpr 0)
    (CallExpr J6a.8R.3F_ (IntExpr 71))
    (IntExpr 8)
    (VarExpr R)
    (CallExpr
     L1z.
     (CallExpr z9f_1X. (FloatExpr 8))
     (CallExpr H (IntExpr 50) (FloatExpr 0))
     (FloatExpr 0)
     (IntExpr 9)
     (IntExpr 0)
     (IntExpr 50)
     (CallExpr c5E_7z_8q. (IntExpr 7))
     (IntExpr 1)
     (CallExpr
      U9j.
      (FloatExpr 0)
      (FloatExpr 5)
      (VarExpr k)
      (FloatExpr 0)
      (IntExpr 6505)
      (FloatExpr 0)
      (FloatExpr 0)
      (FloatExpr 9)
      (IntExpr 6598)
      (CallExpr g)
      (CallExpr Y (VarExpr f0j_))
      (FloatExpr 0)
      (CallExpr c (FloatExpr 0))
      (CallExpr B8r_1p. (VarExpr L) (FloatExpr 3) (FloatExpr 0))
      (FloatExpr 2816)
      (CallExpr W6L_)
      (VarExpr o1q.)
      (CallExpr K)
      (VarExpr M)
      (VarExpr E8d_))
     (VarExpr G)
     (FloatExpr 84)
     (VarExpr e3e_9A.6o_4t.)
     (IntExpr 21)
     (IntExpr 7)
     (IntExpr 2)
     (FloatExpr 0)
     (FloatExpr 984)
     (IntExpr 1)
     (IntExpr 6)
     (VarExpr A8z_8T_6U_)
     (FloatExpr 0)
     (IntExpr 704)
     (FloatExpr 0)
     (IntExpr 9)
     (CallExpr l))
    (IntExpr 8)
    (VarExpr r4X.)
    (FloatExpr 758)
    (CallExpr q (VarExpr p) (FloatExpr 5) (FloatExpr 7099806))
    (FloatExpr 81)
    (VarExpr i8x_8p_9S.)
    (FloatExpr 0)
    (IntExpr 6)
    (IntExpr 4)
    (IntExpr 5)
    (FloatExpr 77)
    (VarExpr a)
    (IntExpr 30)
    (VarExpr b3n.)
    (CallExpr O4T_)
    (CallExpr c5C_ (IntExpr 4) (VarExpr b) (VarExpr b1X_0X.))
    (VarExpr R8u.))
   "0B")))
(ShowCmd (IntExpr 2))
(StmtCmd
 (LetStmt (ArgLValue (VarArgument I2U.1C.)) (CallExpr r3k. (VarExpr b))))
(WriteImageCmd (FloatExpr 0) "n")
(StmtCmd (AssertStmt (FloatExpr 0) "E"))
(WriteImageCmd (IntExpr 96) "j")
(ReadImageCmd "" (VarArgument N))
(StmtCmd (LetStmt (ArgLValue (VarArgument O)) (FloatExpr 0)))
(StmtCmd (LetStmt (ArgLValue (VarArgument t1V_6U.5t.)) (IntExpr 156789)))
(WriteImageCmd (IntExpr 70385) "")
