(StmtCmd (ReturnStmt (FloatExpr 2)))
(TimeCmd (StmtCmd (ShowCmd (FloatExpr 7))))
(PrintCmd "")
(TimeCmd
 (StmtCmd (LetStmt (ArgLValue (VarArgument J7n_)) (VarExpr J1K_5M_3U.9G.))))
(ShowCmd (CallExpr y5G.8F.7y.))
(WriteImageCmd (VarExpr y1y.0q_7j_0a.) "2")
(PrintCmd "")
(TimeCmd (StmtCmd (WriteImageCmd (FloatExpr 0) "Q")))
(ShowCmd (FloatExpr 0))
(StmtCmd (AssertStmt (FloatExpr 998) "W"))
(ReadImageCmd "W" (VarArgument m9N.))
(ShowCmd (VarExpr S0g.3y.3n.3H_))
(TimeCmd (StmtCmd (AssertStmt (IntExpr 934) "")))
(TimeCmd (StmtCmd (ShowCmd (CallExpr M9M.4G_ (CallExpr v) (VarExpr U9N.)))))
(StmtCmd (AssertStmt (IntExpr 253) ""))
(ShowCmd (VarExpr i3l_))
(StmtCmd (LetStmt (ArgLValue (VarArgument j2L.9T_)) (CallExpr C)))
