(ReadImageCmd "" (VarArgument I9b.0t.7r_8X_))
(ReadImageCmd "" (VarArgument m5v_6P_5X.9a_8C_0o_7N.9X_))
(WriteImageCmd (FloatExpr 2) "")
(ShowCmd (IntExpr 4))
(ShowCmd (CallExpr N1L.3X.3Y.0r_ (FloatExpr 278682209944021)))
(StmtCmd (ReturnStmt (IntExpr 6096)))
(ShowCmd (IntExpr 9))
(WriteImageCmd (IntExpr 56055) "v")
(PrintCmd "BN")
(TimeCmd (StmtCmd (ReadImageCmd "" (VarArgument Z))))
(WriteImageCmd (VarExpr D) "(")
(ReadImageCmd "A>M}" (VarArgument e2x_4S.))
(TimeCmd (StmtCmd (WriteImageCmd (IntExpr 696) "")))
