(ReadImageCmd "" (VarArgument Q7i.))
(WriteImageCmd (FloatExpr 0) "/e")
(PrintCmd "+")
(WriteImageCmd (VarExpr h) "")
(ShowCmd (VarExpr e1X_6p.))
(ShowCmd (VarExpr F))
(TimeCmd (LetStmt (ArgLValue (VarArgument e)) (CallExpr q8C.)))
(WriteImageCmd (FloatExpr 0) "n")
(StmtCmd (LetStmt (ArgLValue (VarArgument p8T.0w.)) (CallExpr u5n_)))
(ShowCmd (IntExpr 9))
(WriteImageCmd (IntExpr 9) "Y91d7")
(ReadImageCmd "MF" (VarArgument Q3K_))
(TimeCmd (WriteImageCmd (IntExpr 46) ""))
(ShowCmd (FloatExpr 0))
(WriteImageCmd
 (CallExpr
  S
  (VarExpr I8U.3C.)
  (IntExpr 1)
  (FloatExpr 6650)
  (CallExpr l)
  (FloatExpr 951735458)
  (FloatExpr 0))
 "2")
(WriteImageCmd (IntExpr 528) "a)")
(ShowCmd (IntExpr 0))
(WriteImageCmd (IntExpr 5) "")
(ReadImageCmd "" (VarArgument C))
