(TimeCmd (StmtCmd (WriteImageCmd (VarExpr D2K.6w_) "s")))
(PrintCmd ")")
(WriteImageCmd (IntExpr 6) "=Zp")
(WriteImageCmd (VarExpr e) "a")
(TimeCmd (StmtCmd (ReadImageCmd "%aQ" (VarArgument E4i_2B.))))
(WriteImageCmd (CallExpr k (CallExpr y4c. (VarExpr v)) (FloatExpr 8)) "")
(TimeCmd (StmtCmd (ShowCmd (CallExpr u (FloatExpr 206) (CallExpr v7U_)))))
(PrintCmd "")
(ReadImageCmd "$o" (VarArgument w))
(WriteImageCmd (FloatExpr 5668800263) "Kl@")
(ReadImageCmd "" (VarArgument T))
(ReadImageCmd "" (VarArgument t1R.2l_8i_2h_))
(StmtCmd
 (LetStmt
  (ArgLValue (VarArgument m))
  (CallExpr
   S
   (CallExpr O7r_9R_)
   (IntExpr 429)
   (VarExpr S2S.0t.7U_)
   (IntExpr 3)
   (VarExpr T)
   (CallExpr C0b_ (IntExpr 266))
   (IntExpr 917)
   (IntExpr 9)
   (IntExpr 88)
   (CallExpr r)
   (IntExpr 7)
   (VarExpr f7y.)
   (IntExpr 5)
   (FloatExpr 0)
   (CallExpr E7g.1M_)
   (IntExpr 3)
   (CallExpr v)
   (IntExpr 8)
   (VarExpr t4A_8u_)
   (IntExpr 52)
   (CallExpr a)
   (FloatExpr 0)
   (CallExpr D6B_7q.)
   (FloatExpr 0)
   (CallExpr s)
   (IntExpr 8)
   (VarExpr V)
   (VarExpr Q4H.1f_6d.)
   (IntExpr 41044382)
   (FloatExpr 0)
   (FloatExpr 86579)
   (IntExpr 382)
   (FloatExpr 0)
   (FloatExpr 78)
   (CallExpr c5i. (VarExpr j))
   (IntExpr 27)
   (IntExpr 12)
   (CallExpr T)
   (VarExpr J7N.)
   (FloatExpr 0)
   (FloatExpr 0)
   (CallExpr K (IntExpr 1))
   (FloatExpr 742)
   (VarExpr i)
   (VarExpr w)
   (CallExpr r6q_ (CallExpr e3R.4r_1s_))
   (VarExpr l8Z_1c.0G.)
   (VarExpr M)
   (VarExpr V4j_3O.8b_6q_)
   (VarExpr l1P_0r_)
   (IntExpr 1)
   (IntExpr 954)
   (FloatExpr 0)
   (CallExpr n5u_8O.8q_2I_ (CallExpr w (CallExpr W)))
   (CallExpr z (FloatExpr 0) (VarExpr h5d_))
   (IntExpr 0)
   (VarExpr R))))
