(WriteImageCmd (VarExpr T) "\6")
(WriteImageCmd (FloatExpr 29) "$m")
(StmtCmd (ReturnStmt (CallExpr P)))
(PrintCmd "")
(StmtCmd (AssertStmt (FloatExpr 841) ""))
(ReadImageCmd "Vx86H" (VarArgument Z))
(ReadImageCmd "" (VarArgument g))
(PrintCmd "")
(TimeCmd (ShowCmd (VarExpr S8p.5U.2m_4V_2g.1a_)))
(ShowCmd (VarExpr R))
(PrintCmd "1P")
(PrintCmd "z")
