(WriteImageCmd (VarExpr A8M.4c_5x.) "O")
(ReadImageCmd "" (VarArgument y))
(PrintCmd "")
(ShowCmd (FloatExpr 0))
(WriteImageCmd (CallExpr z1S_0q.0t.5o.1u. (FloatExpr 0)) "")
(ReadImageCmd "N" (VarArgument k))
(PrintCmd "XL2f")
(ReadImageCmd "W" (VarArgument H6f.))
(PrintCmd "qt")
(ReadImageCmd "" (VarArgument P))
(ShowCmd (FloatExpr 35))
(ReadImageCmd "" (VarArgument i))
(WriteImageCmd (VarExpr A6t.) "]")
(ReadImageCmd "" (VarArgument I))
(ShowCmd (CallExpr h (FloatExpr 0)))
(TimeCmd (StmtCmd (ShowCmd (IntExpr 68))))
(ShowCmd (CallExpr m))
