(StmtCmd (ReturnStmt (CallExpr X2F_)))
(PrintCmd "t")
(WriteImageCmd (CallExpr F8f_ (IntExpr 6)) "")
(ShowCmd
 (CallExpr
  A6J_0G_0n_0T.
  (IntExpr 8)
  (FloatExpr 0)
  (CallExpr I (IntExpr 6))
  (FloatExpr 0)))
(ShowCmd (FloatExpr 1280452))
(PrintCmd "b=RcoI")
(PrintCmd "")
(StmtCmd (AssertStmt (FloatExpr 427543) ""))
(ShowCmd (FloatExpr 4082928564))
(StmtCmd (AssertStmt (VarExpr K5P_2c.8M_4c_) "+"))
(TimeCmd (StmtCmd (ShowCmd (VarExpr R6y_5b.8w.))))
(TimeCmd (StmtCmd (WriteImageCmd (FloatExpr 277) "")))
(StmtCmd (AssertStmt (IntExpr 1) ""))
(WriteImageCmd
 (CallExpr
  K
  (CallExpr
   E1V_6x_1D_
   (VarExpr k)
   (FloatExpr 41)
   (VarExpr w)
   (VarExpr h5M_2w.4G.)
   (IntExpr 2035036)))
 "")
(ShowCmd (CallExpr L (FloatExpr 0)))
(ReadImageCmd "`" (VarArgument b0y.3Y.4N.))
(ShowCmd (VarExpr R))
