(WriteImageCmd (VarExpr E9K_5t.5a.2U.1G_) ":")
(StmtCmd (AssertStmt (CallExpr w) "h"))
(ReadImageCmd "" (VarArgument r))
(StmtCmd (LetStmt (ArgLValue (VarArgument N)) (IntExpr 5)))
(WriteImageCmd (VarExpr C1y_) "")
(ReadImageCmd "" (VarArgument A))
(ShowCmd (VarExpr B))
(ReadImageCmd "kjj" (VarArgument R))
(PrintCmd "V")
(WriteImageCmd (CallExpr g8N_8M. (IntExpr 301) (IntExpr 9)) "")
(TimeCmd (StmtCmd (ShowCmd (FloatExpr 5))))
(TimeCmd (StmtCmd (TimeCmd (StmtCmd (WriteImageCmd (VarExpr v2Y_8z.) "")))))
