(ReadImageCmd "<" (VarArgument D))
(StmtCmd (ReturnStmt (VarExpr b8D.)))
(TimeCmd (StmtCmd (ReadImageCmd "m" (VarArgument J))))
(ReadImageCmd "cM@Rrs" (VarArgument E5O_9y.4c.9k_))
(TimeCmd (StmtCmd (ReadImageCmd "LdMy" (VarArgument A))))
(ShowCmd (IntExpr 2))
(StmtCmd (ReturnStmt (VarExpr f)))
(ReadImageCmd "f]}" (VarArgument L3P_))
(ReadImageCmd "lD" (VarArgument x))
(StmtCmd (AssertStmt (FloatExpr 84655) ""))
(WriteImageCmd (CallExpr J) "")
(StmtCmd (LetStmt (ArgLValue (VarArgument t)) (FloatExpr 0)))
