(TimeCmd (TimeCmd (ReadImageCmd "tTHew" (VarArgument O6x.))))
(StmtCmd (ReturnStmt (IntExpr 5)))
(StmtCmd (AssertStmt (CallExpr d) "e1"))
(WriteImageCmd (CallExpr S1g_9p.4N_2j_ (IntExpr 2) (FloatExpr 2)) "")
(ShowCmd (IntExpr 73))
(ReadImageCmd "U" (VarArgument I4O.7X.))
(TimeCmd (LetStmt (ArgLValue (VarArgument p6X.)) (CallExpr w)))
(StmtCmd (LetStmt (ArgLValue (VarArgument y)) (CallExpr D (IntExpr 4))))
(PrintCmd "Z")
(StmtCmd (ReturnStmt (IntExpr 21)))
(PrintCmd "")
(PrintCmd "")
(StmtCmd (AssertStmt (IntExpr 9) "}"))
(ShowCmd (IntExpr 0))
