(StmtCmd (AssertStmt (CallExpr b7s_9c_) "O"))
(PrintCmd "P")
(WriteImageCmd (CallExpr O) "")
(TimeCmd (StmtCmd (TimeCmd (StmtCmd (PrintCmd "")))))
(StmtCmd (LetStmt (ArgLValue (VarArgument q3J.8j.3S_)) (VarExpr e5M.1I.0F.)))
(TimeCmd (StmtCmd (TimeCmd (StmtCmd (PrintCmd "O=>2")))))
(TimeCmd (StmtCmd (TimeCmd (StmtCmd (PrintCmd "")))))
(PrintCmd "gx")
