(StmtCmd (AssertStmt (VarExpr m0W.0X.) ""))
(StmtCmd (LetStmt (ArgLValue (VarArgument F)) (VarExpr d8h.)))
(WriteImageCmd (IntExpr 3) "")
(PrintCmd "")
(WriteImageCmd (VarExpr s7p.) "-")
(WriteImageCmd (CallExpr j) "")
(WriteImageCmd (IntExpr 2) "")
(ReadImageCmd " y5G" (VarArgument B))
(WriteImageCmd (CallExpr I8X.3n.) "")
(TimeCmd (ReturnStmt (CallExpr n)))
(PrintCmd "u1[h")
(ReadImageCmd "!" (VarArgument L))
(TimeCmd
 (TimeCmd
  (WriteImageCmd
   (CallExpr
    S5S_
    (CallExpr o4J.1S_ (CallExpr u9b.0c_5r.))
    (IntExpr 0)
    (FloatExpr 0)
    (IntExpr 41)
    (IntExpr 64)
    (IntExpr 5)
    (IntExpr 3)
    (IntExpr 8)
    (IntExpr 0)
    (IntExpr 381)
    (IntExpr 70)
    (CallExpr V0r_ (IntExpr 949))
    (IntExpr 1018)
    (IntExpr 985)
    (VarExpr b9y_)
    (VarExpr W2K_)
    (IntExpr 45)
    (CallExpr
     H6O.
     (FloatExpr 5205)
     (CallExpr L)
     (FloatExpr 0)
     (FloatExpr 780944)
     (VarExpr g7D.5C.4w_9r_9u_)
     (VarExpr v)
     (VarExpr P)
     (IntExpr 6)
     (VarExpr b8u_6v.)
     (VarExpr V6h.0m.9S.)
     (IntExpr 5)
     (VarExpr V2Q.)
     (FloatExpr 0)
     (FloatExpr 0)
     (VarExpr t)
     (VarExpr M7n.4i.)
     (CallExpr k (VarExpr D6a.1K.) (CallExpr o2y.8S_) (IntExpr 55))
     (VarExpr y)
     (IntExpr 1)
     (VarExpr B)
     (CallExpr g)
     (FloatExpr 0)
     (IntExpr 25)
     (FloatExpr 87)
     (VarExpr D3f_)
     (IntExpr 7)
     (IntExpr 2)
     (VarExpr I9C_)
     (FloatExpr 84565)
     (CallExpr n4x.)
     (VarExpr p6K.8k_0z_0R_9X.)
     (FloatExpr 0)
     (CallExpr b (VarExpr n))
     (VarExpr W)
     (CallExpr I)
     (FloatExpr 0)
     (IntExpr 3)
     (CallExpr
      g
      (VarExpr N8G.)
      (IntExpr 933)
      (CallExpr W5p_1Z.9j.5U.0R_)
      (CallExpr w)
      (IntExpr 4))
     (IntExpr 7)
     (CallExpr
      b
      (VarExpr q2d_)
      (CallExpr g)
      (FloatExpr 4906088)
      (FloatExpr 0)
      (FloatExpr 0))
     (VarExpr C)
     (CallExpr V3Q.)
     (CallExpr Q1a. (VarExpr Y))
     (FloatExpr 4)
     (VarExpr t7n.0g_)
     (VarExpr h))
    (VarExpr W)
    (CallExpr G (VarExpr S))
    (IntExpr 6)
    (CallExpr E (FloatExpr 9))
    (CallExpr i8T_0O_ (FloatExpr 0))
    (CallExpr a)
    (CallExpr N)
    (IntExpr 2675)
    (FloatExpr 2)
    (FloatExpr 1)
    (VarExpr d8g.)
    (VarExpr h)
    (CallExpr
     v
     (CallExpr b)
     (CallExpr f7L.3O_8p_ (IntExpr 6))
     (VarExpr B)
     (CallExpr I1R_)
     (IntExpr 848237)
     (VarExpr c1L_)
     (FloatExpr 0)
     (IntExpr 711)
     (IntExpr 3)
     (IntExpr 575)
     (IntExpr 5)
     (VarExpr S)
     (FloatExpr 1)
     (FloatExpr 8)
     (FloatExpr 0)
     (CallExpr y6B.8X.)
     (IntExpr 5)
     (FloatExpr 75)
     (FloatExpr 0))
    (IntExpr 11)
    (FloatExpr 0)
    (VarExpr K6V.1x.4z.)
    (FloatExpr 0)
    (IntExpr 3)
    (IntExpr 113)
    (CallExpr E)
    (VarExpr X4Z.)
    (CallExpr N)
    (FloatExpr 333488036688)
    (CallExpr r)
    (VarExpr X3H_)
    (IntExpr 365)
    (IntExpr 3)
    (VarExpr C6m.)
    (FloatExpr 0)
    (IntExpr 3)
    (CallExpr m9C.4g.9a. (CallExpr j) (FloatExpr 6166716) (IntExpr 9))
    (CallExpr w)
    (VarExpr G)
    (FloatExpr 0)
    (IntExpr 290)
    (FloatExpr 0)
    (CallExpr
     m4P.
     (FloatExpr 0)
     (VarExpr W)
     (FloatExpr 4)
     (FloatExpr 971)
     (IntExpr 6)
     (VarExpr l3y_0L_8M.)
     (CallExpr l5S_ (FloatExpr 0))
     (FloatExpr 75)
     (IntExpr 449))
    (CallExpr P)
    (CallExpr O5r.8G_ (FloatExpr 0) (CallExpr a6u. (FloatExpr 8)))
    (FloatExpr 0)
    (FloatExpr 0)
    (FloatExpr 7054)
    (IntExpr 7)
    (IntExpr 9)
    (CallExpr K4t_ (CallExpr w4J_ (IntExpr 8)) (FloatExpr 0) (CallExpr P))
    (FloatExpr 0)
    (IntExpr 2785)
    (FloatExpr 0)
    (IntExpr 93)
    (FloatExpr 7892825)
    (FloatExpr 0)
    (VarExpr S)
    (CallExpr v)
    (VarExpr w)
    (FloatExpr 0)
    (IntExpr 391)
    (FloatExpr 0)
    (CallExpr W (CallExpr j))
    (FloatExpr 761)
    (IntExpr 6)
    (CallExpr x (CallExpr x) (CallExpr S3G.8l_0l_))
    (IntExpr 526)
    (IntExpr 4650573)
    (CallExpr m)
    (VarExpr c9X_)
    (IntExpr 1)
    (VarExpr e7N.1p.)
    (FloatExpr 0)
    (VarExpr I)
    (FloatExpr 0)
    (CallExpr q9z. (CallExpr n))
    (CallExpr h)
    (VarExpr y)
    (FloatExpr 2)
    (CallExpr Y)
    (IntExpr 69)
    (FloatExpr 0)
    (VarExpr e2b.)
    (IntExpr 7)
    (FloatExpr 0)
    (VarExpr f)
    (FloatExpr 0)
    (CallExpr q3e.8W.1d.7x_2Q_)
    (CallExpr
     m7f_7r.
     (CallExpr W7s_)
     (VarExpr H)
     (FloatExpr 0)
     (VarExpr r9W_2Y.))
    (VarExpr c)
    (IntExpr 0)
    (FloatExpr 5)
    (FloatExpr 0)
    (FloatExpr 2)
    (IntExpr 605)
    (IntExpr 1)
    (IntExpr 73)
    (CallExpr
     k7Y_
     (IntExpr 8)
     (CallExpr T)
     (IntExpr 831)
     (VarExpr U8I_)
     (IntExpr 656)
     (VarExpr Y)
     (IntExpr 8)
     (FloatExpr 9)
     (FloatExpr 0)
     (VarExpr Q)
     (FloatExpr 0)
     (FloatExpr 2303096)
     (FloatExpr 90280)
     (CallExpr f (IntExpr 7) (VarExpr m))
     (CallExpr d0q. (CallExpr L (FloatExpr 373)) (CallExpr P8J.) (IntExpr 2))
     (FloatExpr 0)
     (VarExpr J)
     (CallExpr
      J6u_1h.1N.
      (FloatExpr 75)
      (VarExpr I)
      (CallExpr u (VarExpr q2T_)))
     (IntExpr 6)
     (VarExpr U1z_6p_)
     (CallExpr e)
     (IntExpr 619)
     (FloatExpr 0)
     (VarExpr T0V.9E.)
     (IntExpr 7)
     (VarExpr X)
     (IntExpr 202)
     (VarExpr U8v_2n.)
     (CallExpr Q3m_ (VarExpr B))
     (IntExpr 6)
     (VarExpr X4H.7j.))
    (FloatExpr 0)
    (FloatExpr 0)
    (IntExpr 9)
    (IntExpr 9)
    (IntExpr 63)
    (FloatExpr 6541)
    (VarExpr a)
    (IntExpr 17)
    (CallExpr I (IntExpr 150))
    (FloatExpr 0)
    (IntExpr 7)
    (IntExpr 0)
    (IntExpr 44)
    (FloatExpr 24)
    (IntExpr 922)
    (VarExpr S3E_)
    (IntExpr 8459)
    (CallExpr
     z
     (VarExpr g)
     (VarExpr C9t.9m_0t.2K_)
     (CallExpr z (VarExpr J9W.)))
    (IntExpr 9)
    (IntExpr 1)
    (IntExpr 81)
    (VarExpr k0L_6M_2a_1b.9I.1f_)
    (IntExpr 6902)
    (FloatExpr 0)
    (VarExpr q)
    (VarExpr h)
    (CallExpr c)
    (CallExpr r)
    (CallExpr T)
    (VarExpr T6o.2Y_5c_2l_)
    (IntExpr 1)
    (VarExpr z)
    (FloatExpr 0)
    (CallExpr i (CallExpr W3u.1W_) (FloatExpr 0))
    (IntExpr 15)
    (VarExpr S)
    (FloatExpr 37999555)
    (VarExpr R))
   "")))
(ShowCmd (VarExpr P1w.))
(PrintCmd "Rg")
(ReadImageCmd "" (VarArgument B))
(PrintCmd "5&")
