(ReadImageCmd "_" (VarArgument j))
(PrintCmd "a")
(ReadImageCmd "^" (VarArgument P7f.9j_2q_))
(TimeCmd (AssertStmt (FloatExpr 0) ""))
(PrintCmd "")
(WriteImageCmd (CallExpr O9u.6p.6O_ (IntExpr 3)) "")
(ReadImageCmd "" (VarArgument k2x.))
(WriteImageCmd (FloatExpr 0) "|")
(TimeCmd (PrintCmd "%'b6#L"))
(TimeCmd (ShowCmd (FloatExpr 13481)))
(ShowCmd (VarExpr n2w_5u_))
