(ShowCmd (CallExpr k6D.3y_0k_8z_2X_ (VarExpr o8Z_6V.)))
(StmtCmd (AssertStmt (IntExpr 31) ""))
(PrintCmd "")
(StmtCmd (AssertStmt (FloatExpr 8) ""))
(PrintCmd "")
(WriteImageCmd (FloatExpr 6) "")
(WriteImageCmd (CallExpr d) "-")
(PrintCmd "")
(PrintCmd "0")
(ReadImageCmd "" (VarArgument w))
(PrintCmd "")
(TimeCmd (StmtCmd (ReadImageCmd "6" (VarArgument W5A_))))
(ShowCmd (CallExpr h2Q_3R.7h.7L.3D_))
(PrintCmd ",9")
(ShowCmd (VarExpr v))
(WriteImageCmd
 (CallExpr
  Q1r_
  (VarExpr g6t_8l.7Q_9R.8x_4Y.4L.1X_)
  (VarExpr d3m.)
  (FloatExpr 0)
  (FloatExpr 4)
  (VarExpr F8U_6Q_6z_1Y_5i_0q.0Y.)
  (CallExpr W4Z_0N_3h.)
  (FloatExpr 0)
  (IntExpr 52)
  (IntExpr 60)
  (VarExpr Y)
  (FloatExpr 0)
  (FloatExpr 0)
  (CallExpr G (VarExpr n))
  (CallExpr m8q.3y_9F_8r_7H_)
  (CallExpr s (VarExpr b))
  (IntExpr 4)
  (VarExpr O)
  (FloatExpr 0)
  (FloatExpr 0)
  (FloatExpr 4)
  (CallExpr w)
  (VarExpr j2G.7b_)
  (IntExpr 1)
  (FloatExpr 0)
  (CallExpr
   t
   (IntExpr 43)
   (FloatExpr 0)
   (IntExpr 0)
   (CallExpr r (VarExpr L7O_)))
  (FloatExpr 240981)
  (CallExpr
   j
   (IntExpr 9)
   (IntExpr 686)
   (CallExpr p7v.1o. (IntExpr 5))
   (VarExpr F8y.)
   (FloatExpr 760)
   (IntExpr 5)
   (FloatExpr 1487)
   (CallExpr f9y_5I.)
   (CallExpr n)
   (FloatExpr 791973)
   (FloatExpr 845588)
   (VarExpr E)
   (CallExpr f7c_8U_ (IntExpr 97)))
  (IntExpr 68)
  (FloatExpr 9646170887)
  (CallExpr m)
  (VarExpr S6M.0s_6U.)
  (IntExpr 1)
  (CallExpr
   f
   (FloatExpr 3008540)
   (VarExpr b)
   (VarExpr U)
   (FloatExpr 0)
   (VarExpr R)
   (CallExpr w (VarExpr w) (CallExpr I5o.) (VarExpr a) (VarExpr e))
   (FloatExpr 2)
   (FloatExpr 0)
   (IntExpr 407)
   (CallExpr N9d.9o. (CallExpr O (FloatExpr 0)))
   (IntExpr 5)
   (VarExpr Q)
   (CallExpr M)
   (VarExpr k3N_0O.)
   (IntExpr 9459)
   (IntExpr 7)
   (IntExpr 83)
   (IntExpr 6))
  (IntExpr 5)
  (VarExpr m)
  (FloatExpr 0)
  (IntExpr 2)
  (FloatExpr 0)
  (CallExpr
   X7P.9A_
   (VarExpr D)
   (CallExpr
    P
    (CallExpr u6W_ (FloatExpr 0))
    (CallExpr G (IntExpr 5))
    (CallExpr h8p_)))
  (VarExpr t5j.2x.)
  (CallExpr g (FloatExpr 7))
  (FloatExpr 0)
  (CallExpr i)
  (VarExpr t8O_)
  (FloatExpr 227)
  (FloatExpr 5)
  (IntExpr 9)
  (VarExpr A4W.7D.)
  (FloatExpr 54)
  (IntExpr 0)
  (IntExpr 8)
  (IntExpr 177)
  (VarExpr R)
  (FloatExpr 0)
  (CallExpr J (VarExpr O))
  (VarExpr t4e.)
  (IntExpr 5)
  (CallExpr D3C_)
  (VarExpr W)
  (VarExpr n)
  (FloatExpr 0)
  (IntExpr 1)
  (IntExpr 62255)
  (VarExpr a2E_6y.)
  (CallExpr s (FloatExpr 0))
  (IntExpr 5075)
  (CallExpr u)
  (VarExpr s)
  (VarExpr b1i.)
  (VarExpr e4j_9K.)
  (IntExpr 708)
  (FloatExpr 0)
  (IntExpr 5)
  (IntExpr 20)
  (VarExpr T)
  (VarExpr M1n_7o_)
  (FloatExpr 0)
  (FloatExpr 6764)
  (FloatExpr 0)
  (IntExpr 4)
  (VarExpr E3c.8O_0a.9e.)
  (VarExpr g)
  (CallExpr e3h_ (IntExpr 4) (CallExpr d5h.9h. (VarExpr V2v.)))
  (CallExpr C)
  (IntExpr 2)
  (VarExpr W)
  (VarExpr a)
  (IntExpr 7)
  (IntExpr 786)
  (VarExpr g)
  (VarExpr u)
  (FloatExpr 75414486)
  (IntExpr 3)
  (VarExpr k)
  (VarExpr b)
  (CallExpr v0n.)
  (FloatExpr 3)
  (FloatExpr 17566)
  (IntExpr 64)
  (FloatExpr 7)
  (IntExpr 2)
  (VarExpr d)
  (VarExpr S)
  (IntExpr 8)
  (FloatExpr 0)
  (IntExpr 7)
  (CallExpr S (VarExpr F) (IntExpr 4))
  (FloatExpr 0)
  (VarExpr b9k_)
  (FloatExpr 0)
  (IntExpr 9)
  (VarExpr l)
  (IntExpr 3)
  (VarExpr v2R.)
  (VarExpr J7J_)
  (CallExpr
   u8k.9U.7m.
   (IntExpr 5)
   (IntExpr 17)
   (CallExpr
    Y
    (VarExpr q3U.1z.5z.)
    (CallExpr o4C_)
    (IntExpr 8)
    (IntExpr 331)
    (VarExpr W9z_)
    (CallExpr x0H.)
    (IntExpr 6)
    (VarExpr Y2i.)
    (VarExpr S)
    (FloatExpr 0)
    (VarExpr W4R_1m.)
    (VarExpr E)
    (CallExpr d8T. (IntExpr 469903) (IntExpr 1))
    (VarExpr D3U.)
    (VarExpr C3b_)
    (CallExpr
     g4I_
     (VarExpr o)
     (CallExpr w)
     (FloatExpr 739813557)
     (VarExpr B)
     (IntExpr 3)
     (CallExpr T6l.)
     (FloatExpr 0)
     (FloatExpr 873)
     (IntExpr 0)
     (CallExpr R)
     (IntExpr 9)
     (VarExpr d4M.)
     (FloatExpr 0)
     (VarExpr i)
     (CallExpr N)
     (VarExpr G)
     (IntExpr 0)
     (FloatExpr 546)
     (VarExpr u)
     (CallExpr M (IntExpr 34))
     (IntExpr 2433)
     (CallExpr
      V0I.
      (VarExpr D8M.0E.)
      (FloatExpr 0)
      (CallExpr a (FloatExpr 0))
      (CallExpr Q0j_)
      (FloatExpr 83)
      (FloatExpr 0)
      (FloatExpr 0)
      (CallExpr P3v.4g_))
     (IntExpr 9)
     (FloatExpr 76239))
    (FloatExpr 0)
    (IntExpr 3)
    (VarExpr f8x.)
    (IntExpr 17)
    (FloatExpr 8)
    (CallExpr
     Y6J_1A_5M_9Y_
     (CallExpr n (VarExpr B2j.))
     (VarExpr r4I.5O.)
     (FloatExpr 7)
     (FloatExpr 616)
     (CallExpr
      m
      (CallExpr
       w
       (FloatExpr 0)
       (VarExpr I)
       (VarExpr d)
       (VarExpr w)
       (IntExpr 2)
       (FloatExpr 16)
       (CallExpr
        D2M.
        (CallExpr M7q.8J.)
        (FloatExpr 0)
        (FloatExpr 0)
        (IntExpr 5)
        (FloatExpr 0)
        (FloatExpr 62130)
        (IntExpr 4)
        (VarExpr s))
       (IntExpr 122635)
       (CallExpr Y)
       (IntExpr 65))
      (CallExpr E (IntExpr 8))
      (CallExpr W)
      (CallExpr A)
      (CallExpr b9t.)
      (IntExpr 5)
      (IntExpr 2)
      (IntExpr 6)
      (CallExpr w)
      (FloatExpr 0)
      (FloatExpr 0)
      (FloatExpr 7)
      (FloatExpr 0)
      (FloatExpr 0)
      (IntExpr 9)
      (CallExpr n5L.0T_8U_ (CallExpr D) (CallExpr H))
      (CallExpr U5Y_)
      (FloatExpr 0)
      (IntExpr 9)
      (FloatExpr 0)
      (CallExpr m)
      (IntExpr 1)
      (FloatExpr 0)
      (IntExpr 3)
      (VarExpr R)
      (CallExpr B9F_)
      (CallExpr i1h.7D_0W_)
      (VarExpr y5O.8Z_8b.7V.8I.)
      (VarExpr a)
      (IntExpr 9)
      (IntExpr 679)
      (VarExpr S2F_)
      (FloatExpr 583)
      (VarExpr y)
      (VarExpr Y)
      (IntExpr 74))
     (FloatExpr 79)
     (FloatExpr 0))))
  (FloatExpr 3)
  (FloatExpr 277739299)
  (VarExpr D5J.)
  (CallExpr H)
  (FloatExpr 0)
  (VarExpr z5z_)
  (FloatExpr 0)
  (CallExpr R6t_3Q_ (VarExpr i2x_))
  (IntExpr 60546)
  (IntExpr 0)
  (VarExpr D)
  (FloatExpr 0)
  (VarExpr Y8y.)
  (VarExpr O4t_5i.5j.3n_7Q_)
  (FloatExpr 0)
  (IntExpr 69)
  (VarExpr a)
  (IntExpr 0)
  (IntExpr 3)
  (FloatExpr 0)
  (FloatExpr 4)
  (CallExpr Q2O_ (IntExpr 2513))
  (CallExpr w)
  (CallExpr T (CallExpr l1K_ (VarExpr H)))
  (CallExpr w)
  (VarExpr v)
  (IntExpr 90)
  (CallExpr T (CallExpr W))
  (VarExpr J)
  (FloatExpr 0)
  (CallExpr j4V. (IntExpr 1089))
  (FloatExpr 4)
  (IntExpr 1)
  (CallExpr c1i. (FloatExpr 0))
  (IntExpr 6)
  (FloatExpr 60)
  (IntExpr 30)
  (FloatExpr 0)
  (IntExpr 58)
  (FloatExpr 0)
  (VarExpr N5P.)
  (FloatExpr 27)
  (CallExpr m1Z.)
  (CallExpr S8G_0P_)
  (VarExpr a)
  (FloatExpr 32)
  (VarExpr H1J_)
  (FloatExpr 0)
  (IntExpr 6)
  (VarExpr v8s.6I.0p_)
  (CallExpr i7H_6t.1h.)
  (FloatExpr 3)
  (CallExpr N (CallExpr Y2Q.8t.9q_))
  (IntExpr 9)
  (VarExpr k3f.1i.)
  (CallExpr e (VarExpr u1Z.2G_) (VarExpr y7r_) (FloatExpr 0) (IntExpr 7))
  (CallExpr i)
  (VarExpr E4t.)
  (FloatExpr 0)
  (CallExpr
   E9y.3A_
   (CallExpr
    B1E_
    (FloatExpr 4979939220)
    (CallExpr V1q.)
    (CallExpr t8t_)
    (VarExpr Y9c.)
    (VarExpr x)
    (VarExpr a)
    (IntExpr 7)
    (FloatExpr 3561960)
    (FloatExpr 8)
    (VarExpr m2H.)
    (CallExpr
     k5Q_9H.1S.
     (VarExpr e7X_)
     (CallExpr f2t. (VarExpr n) (FloatExpr 6) (FloatExpr 1) (FloatExpr 924))
     (IntExpr 0)
     (CallExpr W (FloatExpr 0))
     (CallExpr h2V. (IntExpr 62))
     (CallExpr E)
     (IntExpr 8)
     (CallExpr
      L7n_2g_1Z_7Q.6m.
      (CallExpr X (CallExpr e (CallExpr m4N_4n.)))
      (FloatExpr 0)
      (IntExpr 5)
      (FloatExpr 0))
     (FloatExpr 40047))
    (FloatExpr 0)
    (CallExpr i6H.9V_ (FloatExpr 0) (CallExpr t7p_4Q_))
    (CallExpr U (FloatExpr 1))
    (CallExpr X9k. (VarExpr q))
    (CallExpr s)
    (CallExpr o (IntExpr 67))
    (IntExpr 37)
    (FloatExpr 1)
    (VarExpr g)
    (CallExpr Q6C.)
    (IntExpr 2)
    (CallExpr
     b
     (FloatExpr 0)
     (CallExpr
      J
      (IntExpr 941)
      (IntExpr 4586)
      (FloatExpr 0)
      (CallExpr x)
      (CallExpr
       w
       (FloatExpr 3)
       (IntExpr 37)
       (IntExpr 8044)
       (FloatExpr 4)
       (VarExpr k1k.))
      (VarExpr s3v_))
     (IntExpr 312610)
     (CallExpr o (IntExpr 72))
     (CallExpr i))
    (CallExpr j)
    (CallExpr B2g.8W_2J. (VarExpr B))
    (IntExpr 61)
    (FloatExpr 0)
    (VarExpr S)
    (FloatExpr 71)
    (VarExpr T0D.4D_)
    (FloatExpr 4955)
    (FloatExpr 824)
    (IntExpr 6)
    (FloatExpr 3)
    (IntExpr 7)
    (CallExpr c)
    (IntExpr 60)
    (IntExpr 122)
    (IntExpr 63)
    (FloatExpr 0)
    (CallExpr C)
    (CallExpr a4i_ (IntExpr 9) (CallExpr A2Z_))
    (VarExpr b4O.7h.4H_)
    (IntExpr 2)
    (FloatExpr 0)
    (VarExpr v)
    (CallExpr i (FloatExpr 0))
    (VarExpr J)
    (VarExpr g7h_7Z.1R.)))
  (CallExpr F (VarExpr U1C_1Z_))
  (CallExpr N)
  (IntExpr 1)
  (VarExpr O)
  (VarExpr s0J_)
  (IntExpr 163768080)
  (VarExpr H)
  (FloatExpr 58)
  (FloatExpr 0)
  (CallExpr k (CallExpr f8J.))
  (FloatExpr 909))
 "")
(ShowCmd (FloatExpr 0))
