(PrintCmd "")
(WriteImageCmd (VarExpr r) "~")
(WriteImageCmd (CallExpr B6F_7c_) "#")
(WriteImageCmd (FloatExpr 0) "")
(StmtCmd (ReturnStmt (FloatExpr 19151823)))
(TimeCmd (ReturnStmt (FloatExpr 0)))
(ShowCmd (IntExpr 0))
(WriteImageCmd (VarExpr c) "?h")
(ShowCmd (VarExpr S1T_4y_8l_))
(TimeCmd (ReadImageCmd "" (VarArgument o)))
(ReadImageCmd "" (VarArgument l5n.))
(PrintCmd "8r;$P<hI")
(TimeCmd (AssertStmt (FloatExpr 5) ";"))
