(ReadImageCmd "" (VarArgument N))
(ReadImageCmd "" (VarArgument h))
(WriteImageCmd (IntExpr 4) "T")
(StmtCmd (LetStmt (ArgLValue (VarArgument X8B.)) (FloatExpr 7874923249)))
(ReadImageCmd "W " (VarArgument Z4F.7r_5L.7r.))
(StmtCmd (AssertStmt (CallExpr W6t.) " "))
(ReadImageCmd "" (VarArgument h))
(PrintCmd "+")
(TimeCmd (AssertStmt (FloatExpr 0) ""))
