(ReadImageCmd ">i" (VarArgument S))
(ShowCmd (IntExpr 8))
(StmtCmd (LetStmt (ArgLValue (VarArgument u9N.6w_)) (CallExpr R)))
(TimeCmd (StmtCmd (WriteImageCmd (CallExpr t3S. (CallExpr k)) "l<;")))
(TimeCmd (StmtCmd (WriteImageCmd (FloatExpr 94) "")))
(StmtCmd (ReturnStmt (IntExpr 8)))
(StmtCmd (AssertStmt (IntExpr 2245055) ""))
(WriteImageCmd (IntExpr 5) "")
(PrintCmd "")
(ShowCmd (VarExpr l))
(ShowCmd (CallExpr f))
(WriteImageCmd (VarExpr l) "")
(ShowCmd (IntExpr 67))
(WriteImageCmd (IntExpr 2) "c")
