(TimeCmd (PrintCmd ""))
(TimeCmd (ReadImageCmd "k" (VarArgument w8l_3y.0a.0k_)))
(StmtCmd (LetStmt (ArgLValue (VarArgument e)) (FloatExpr 0)))
(ReadImageCmd "" (VarArgument T))
(PrintCmd "")
(TimeCmd (ShowCmd (FloatExpr 0)))
(TimeCmd (ShowCmd (FloatExpr 0)))
(StmtCmd
 (LetStmt
  (ArgLValue (VarArgument k))
  (CallExpr
   U
   (CallExpr s6L.)
   (FloatExpr 0)
   (FloatExpr 0)
   (IntExpr 3)
   (IntExpr 75)
   (VarExpr Q)
   (VarExpr B)
   (FloatExpr 0)
   (FloatExpr 0)
   (FloatExpr 72)
   (VarExpr H8v_4C.)
   (CallExpr c (CallExpr G))
   (CallExpr Q2g_ (CallExpr a6U_))
   (VarExpr k6Q.)
   (FloatExpr 802)
   (IntExpr 85)
   (IntExpr 84)
   (VarExpr s)
   (CallExpr N)
   (FloatExpr 1136)
   (FloatExpr 0)
   (VarExpr W)
   (IntExpr 4)
   (VarExpr g9x.4t_)
   (VarExpr L)
   (FloatExpr 5152415619669)
   (FloatExpr 0)
   (VarExpr r4T_)
   (VarExpr S)
   (CallExpr A)
   (FloatExpr 489)
   (VarExpr t0x_)
   (FloatExpr 1)
   (CallExpr X)
   (CallExpr m (VarExpr T))
   (FloatExpr 0)
   (VarExpr f1x.)
   (IntExpr 66)
   (CallExpr k0v_)
   (IntExpr 4)
   (VarExpr s)
   (FloatExpr 0)
   (VarExpr e9J.)
   (IntExpr 4)
   (IntExpr 9)
   (FloatExpr 0)
   (IntExpr 733)
   (FloatExpr 0)
   (IntExpr 6)
   (CallExpr z)
   (CallExpr O)
   (FloatExpr 8615)
   (VarExpr I4D.)
   (IntExpr 164)
   (VarExpr u)
   (VarExpr s5h.7q_)
   (IntExpr 6)
   (FloatExpr 7)
   (IntExpr 32)
   (IntExpr 7)
   (VarExpr V3E_)
   (CallExpr f1k. (FloatExpr 8) (IntExpr 5))
   (VarExpr S)
   (CallExpr z8W_)
   (VarExpr Z)
   (IntExpr 3)
   (FloatExpr 0)
   (FloatExpr 0)
   (IntExpr 5)
   (VarExpr p5l_)
   (VarExpr c5L_2z_)
   (CallExpr E3j_6m. (VarExpr o) (CallExpr w) (CallExpr j7L_6v. (IntExpr 536)))
   (FloatExpr 0)
   (VarExpr F)
   (VarExpr o)
   (CallExpr L)
   (IntExpr 7)
   (CallExpr v)
   (CallExpr u)
   (VarExpr G8w.)
   (IntExpr 7)
   (FloatExpr 0)
   (FloatExpr 0)
   (CallExpr H2h_6C_)
   (FloatExpr 3)
   (CallExpr n0E_ (IntExpr 0) (VarExpr x) (VarExpr o))
   (CallExpr G1S.8e.9i.)
   (VarExpr r)
   (IntExpr 422)
   (FloatExpr 5)
   (VarExpr B)
   (CallExpr
    a8d_
    (IntExpr 271)
    (FloatExpr 0)
    (IntExpr 99)
    (CallExpr g6p. (VarExpr w))
    (CallExpr J6q_)
    (CallExpr q (VarExpr O))
    (IntExpr 352)
    (IntExpr 67)
    (CallExpr
     C1F.
     (FloatExpr 25)
     (VarExpr F0I_5U.)
     (CallExpr
      r
      (IntExpr 7)
      (CallExpr O (VarExpr G0C_))
      (VarExpr i9n_9B_5t.)
      (FloatExpr 0)))
    (FloatExpr 0)
    (IntExpr 6)
    (FloatExpr 0)
    (CallExpr o)
    (FloatExpr 0)
    (CallExpr
     q
     (CallExpr
      C1V_1I_3m.6W.
      (CallExpr a (IntExpr 17))
      (VarExpr x9C_4G_9m.2B_8C.7E_)
      (FloatExpr 0)
      (IntExpr 1)
      (CallExpr T6y.9I.)
      (VarExpr M)
      (IntExpr 9)
      (VarExpr d)
      (CallExpr H (IntExpr 8))
      (IntExpr 74)
      (FloatExpr 0)
      (IntExpr 849)
      (FloatExpr 0)
      (FloatExpr 0)
      (IntExpr 42)
      (IntExpr 77)
      (CallExpr p4B_ (CallExpr s7h.) (VarExpr x))
      (FloatExpr 0)
      (CallExpr K2G.)
      (VarExpr y8p_)
      (VarExpr R1G.6B_6R.3P.)
      (IntExpr 63)
      (FloatExpr 42223161092)
      (IntExpr 0)
      (FloatExpr 0)
      (IntExpr 4)
      (FloatExpr 0)
      (CallExpr f6m.0p_1M.7j_ (FloatExpr 0))
      (VarExpr p9l_7w.)
      (FloatExpr 394154394510607)
      (VarExpr c)
      (CallExpr F0F_7r_ (VarExpr z7l_2H.))
      (CallExpr b3I.)
      (IntExpr 71995)
      (IntExpr 22)))
    (CallExpr d)
    (IntExpr 17)
    (VarExpr I1W.)
    (VarExpr t)
    (VarExpr v)
    (CallExpr D6O.)
    (IntExpr 9)
    (CallExpr h)
    (VarExpr y6C.)
    (IntExpr 138))
   (VarExpr w)
   (CallExpr L6C_9M.1D.)
   (CallExpr
    g
    (VarExpr R7B_)
    (IntExpr 96782)
    (CallExpr a1T_2L_ (FloatExpr 805864401)))
   (VarExpr S2d.)
   (CallExpr k0C.7R. (VarExpr z))
   (FloatExpr 61)
   (FloatExpr 633)
   (IntExpr 5)
   (VarExpr W)
   (IntExpr 6)
   (IntExpr 1)
   (FloatExpr 7367)
   (CallExpr s8E_2p_ (VarExpr I1z_) (VarExpr M) (IntExpr 4) (FloatExpr 3189))
   (CallExpr
    O7x_6k.
    (CallExpr z (FloatExpr 0))
    (CallExpr
     r3w_
     (VarExpr E1Q_)
     (FloatExpr 5837)
     (FloatExpr 0)
     (VarExpr K6J.)
     (VarExpr L)
     (FloatExpr 0)
     (VarExpr m0h.)
     (IntExpr 7)
     (FloatExpr 0)
     (IntExpr 3)
     (CallExpr
      t
      (CallExpr T (IntExpr 2))
      (FloatExpr 0)
      (IntExpr 3)
      (VarExpr s)
      (CallExpr w8y.2y_ (IntExpr 607) (CallExpr V) (IntExpr 6))
      (CallExpr
       A
       (VarExpr K0I_9x.5Q.)
       (CallExpr
        n3X.
        (VarExpr r)
        (VarExpr a)
        (CallExpr f)
        (VarExpr I)
        (CallExpr F3e_)
        (FloatExpr 0)
        (CallExpr B)
        (IntExpr 596)
        (FloatExpr 4875)
        (FloatExpr 65)
        (CallExpr p)
        (FloatExpr 57)
        (IntExpr 3)
        (IntExpr 8)
        (IntExpr 549)
        (FloatExpr 0)
        (IntExpr 8701)
        (CallExpr a)
        (VarExpr S6K.)
        (FloatExpr 0)
        (FloatExpr 9)
        (FloatExpr 0)
        (IntExpr 330)
        (CallExpr q5K_3g.7X.8Y. (IntExpr 7))
        (CallExpr c1q_)
        (IntExpr 7531251)
        (FloatExpr 55248)
        (IntExpr 7)
        (VarExpr E)
        (CallExpr
         U7a_0D_5j.
         (VarExpr U7Q_8o.6T.6W_0z.8F.0d.0u.3V.6D.7N_8L.2P.))
        (FloatExpr 0)
        (VarExpr q0o.)
        (IntExpr 5)
        (VarExpr s)
        (CallExpr m)
        (FloatExpr 0)
        (VarExpr e8b_)
        (IntExpr 9)
        (CallExpr e6V_0H.5H. (FloatExpr 0) (VarExpr C))
        (IntExpr 54)
        (CallExpr b1C. (CallExpr x (VarExpr h)))
        (CallExpr
         Q
         (CallExpr Q8k.7J.)
         (CallExpr
          W
          (FloatExpr 0)
          (CallExpr i0e. (IntExpr 98))
          (IntExpr 844)
          (VarExpr T0Q.)
          (FloatExpr 0)
          (CallExpr W6M.)
          (FloatExpr 590)
          (IntExpr 1)
          (FloatExpr 0)
          (CallExpr g)
          (IntExpr 7)
          (CallExpr W)
          (VarExpr a)
          (CallExpr z3p_)
          (IntExpr 526)
          (CallExpr Y)
          (VarExpr B)
          (CallExpr O (FloatExpr 0) (CallExpr q3W.))
          (FloatExpr 0)
          (IntExpr 4)
          (VarExpr h)
          (CallExpr M)
          (FloatExpr 0)
          (FloatExpr 0)
          (IntExpr 7400)
          (VarExpr r)
          (VarExpr S)
          (IntExpr 771)
          (VarExpr E1f.8C_9K_)
          (VarExpr e9K_)
          (IntExpr 3)
          (IntExpr 47)
          (IntExpr 2)
          (IntExpr 6)
          (CallExpr
           P6s_
           (IntExpr 5986)
           (IntExpr 8)
           (CallExpr
            Q0s_
            (IntExpr 8)
            (CallExpr I)
            (FloatExpr 0)
            (FloatExpr 0)
            (CallExpr q)
            (VarExpr N)
            (FloatExpr 59)
            (CallExpr
             l
             (CallExpr g (CallExpr d (VarExpr X8G.)))
             (FloatExpr 1821))
            (FloatExpr 657)
            (CallExpr
             j4V_9F.2Y_
             (VarExpr z2q.7V_5H_)
             (CallExpr c (CallExpr t6T_))
             (IntExpr 2)
             (VarExpr B5F_9V_1l.)
             (FloatExpr 0)
             (CallExpr C)
             (VarExpr m)
             (VarExpr N7W.)
             (VarExpr J3h_)
             (VarExpr q)
             (VarExpr D0R.)
             (FloatExpr 959631292))
            (IntExpr 852)
            (CallExpr
             i0o.9W.9H.0p.2s.9x_
             (IntExpr 9728)
             (CallExpr T1J.0B_0U_4x_))
            (FloatExpr 0)
            (FloatExpr 1213)
            (VarExpr U)
            (FloatExpr 0))
           (CallExpr o6M.1n.8Z.2A_)
           (VarExpr b4v_3j_)
           (CallExpr T1T_5p.)
           (FloatExpr 0)
           (FloatExpr 44)
           (CallExpr o (CallExpr J6p_8a_) (VarExpr u) (FloatExpr 4079790))
           (IntExpr 0)
           (IntExpr 412)
           (VarExpr Y5L_))
          (CallExpr
           f6X_4p_8u.7U.
           (CallExpr T)
           (FloatExpr 2036)
           (CallExpr
            Y
            (FloatExpr 55962556)
            (FloatExpr 0)
            (FloatExpr 0)
            (CallExpr O9V.6a_ (VarExpr E0o.6f.))
            (VarExpr r)
            (FloatExpr 0)
            (IntExpr 6)
            (IntExpr 1)
            (VarExpr a4R.)
            (FloatExpr 0)
            (CallExpr w)
            (VarExpr t8r_)
            (VarExpr R)
            (CallExpr d (FloatExpr 1))
            (CallExpr A4Y_)
            (VarExpr e3f_)
            (CallExpr
             b3h_8f.
             (IntExpr 19)
             (CallExpr
              J9t_
              (VarExpr c)
              (VarExpr V1G_9o.7r_)
              (IntExpr 26032)
              (VarExpr v)
              (IntExpr 3)
              (VarExpr Z)
              (FloatExpr 2802)
              (FloatExpr 8)
              (FloatExpr 1)
              (CallExpr
               K
               (IntExpr 6)
               (CallExpr
                t0Q.
                (FloatExpr 0)
                (CallExpr L9L.)
                (IntExpr 822)
                (VarExpr C)
                (FloatExpr 0)
                (IntExpr 23)
                (IntExpr 35)
                (IntExpr 839))
               (IntExpr 791)
               (FloatExpr 0)
               (VarExpr a5m_)
               (FloatExpr 0)
               (VarExpr G)
               (VarExpr V3n_0d.2t_)
               (FloatExpr 0)
               (VarExpr B2w.1n.)
               (CallExpr y)
               (CallExpr i)
               (CallExpr M)
               (VarExpr o)
               (CallExpr m0m. (IntExpr 169))
               (IntExpr 15)
               (VarExpr O)
               (IntExpr 9)
               (IntExpr 1)
               (IntExpr 189)
               (VarExpr j3V.5v_6u.6M.0c.4n_3x_)
               (IntExpr 64730)
               (FloatExpr 0)
               (FloatExpr 0)
               (CallExpr c)
               (VarExpr F)
               (IntExpr 9)
               (FloatExpr 0)
               (VarExpr i7n.)
               (VarExpr x)
               (CallExpr r)
               (FloatExpr 0)
               (CallExpr Z (IntExpr 3))
               (FloatExpr 9)
               (IntExpr 709)
               (VarExpr O)
               (IntExpr 1)
               (IntExpr 7)
               (IntExpr 1)
               (IntExpr 6)
               (FloatExpr 9029)
               (FloatExpr 0)
               (CallExpr J (CallExpr F6i.7x.) (CallExpr P3Z.3e.))
               (CallExpr t (VarExpr X))
               (IntExpr 522)
               (FloatExpr 0)
               (VarExpr E)
               (IntExpr 0)
               (IntExpr 9)
               (FloatExpr 0)
               (FloatExpr 0)
               (FloatExpr 0)
               (FloatExpr 0)
               (FloatExpr 0)
               (FloatExpr 9)
               (CallExpr W (VarExpr d3s_))
               (VarExpr z4a.3I_)
               (VarExpr r)
               (VarExpr A2S.5e_)
               (VarExpr L9B_)
               (CallExpr B)
               (IntExpr 61)
               (CallExpr g)
               (FloatExpr 0)
               (IntExpr 9)
               (VarExpr i3V_)
               (CallExpr
                d
                (CallExpr w (CallExpr D3R. (FloatExpr 757) (VarExpr v0q.)))
                (IntExpr 2)
                (IntExpr 3)
                (FloatExpr 0)
                (IntExpr 1)
                (IntExpr 5)
                (VarExpr S)
                (FloatExpr 0)
                (VarExpr b3x_)
                (VarExpr i9g.4T.9N_)
                (CallExpr h (FloatExpr 0))
                (IntExpr 7)
                (CallExpr A9y_)
                (FloatExpr 0)
                (VarExpr M8P.)
                (VarExpr c7j_2M.)
                (FloatExpr 0)
                (FloatExpr 73)
                (VarExpr j)
                (FloatExpr 437031523536183168)
                (FloatExpr 0))
               (FloatExpr 34681)
               (VarExpr m9Q.0U_)
               (FloatExpr 7)
               (FloatExpr 3)
               (IntExpr 7)
               (VarExpr c)
               (IntExpr 6)
               (CallExpr J3d.)
               (FloatExpr 60201733)
               (IntExpr 4)
               (FloatExpr 0)
               (VarExpr D)
               (FloatExpr 12)
               (CallExpr M)
               (FloatExpr -9223372036854775808))
              (IntExpr 4)
              (FloatExpr 0)
              (FloatExpr 0)
              (IntExpr 49))
             (FloatExpr 9943396220005)
             (FloatExpr 898782339797)
             (VarExpr M4C_)
             (IntExpr 7)
             (IntExpr 8)
             (CallExpr d7g_)
             (VarExpr A2Q.3g.)
             (IntExpr 6)
             (VarExpr c1I_)
             (FloatExpr 0)
             (FloatExpr 623)
             (FloatExpr 0)
             (CallExpr b (FloatExpr 62))
             (VarExpr d)
             (IntExpr 3)
             (VarExpr w9u.6L_)
             (VarExpr R1Y.)
             (IntExpr 56)
             (VarExpr v)
             (FloatExpr 0)
             (CallExpr O)
             (VarExpr O7G_)
             (IntExpr 19)
             (VarExpr D)
             (FloatExpr 0)
             (VarExpr q)
             (CallExpr x1J_)
             (FloatExpr 89)
             (IntExpr 3)
             (CallExpr d)
             (CallExpr
              y
              (IntExpr 1)
              (IntExpr 171)
              (CallExpr G (VarExpr c6v_5X_2T.3S.) (FloatExpr 0) (FloatExpr 0))
              (CallExpr h)
              (FloatExpr 0)
              (FloatExpr 9)
              (VarExpr k5U_4B.)
              (CallExpr I (FloatExpr 0))
              (FloatExpr 25)
              (IntExpr 9)
              (FloatExpr 0)
              (FloatExpr 7)
              (CallExpr b)))
            (IntExpr 87)
            (VarExpr k)
            (FloatExpr 0)
            (CallExpr m (VarExpr g4W_3j.5S.))
            (IntExpr 38)
            (FloatExpr 0)
            (VarExpr t1W_)
            (FloatExpr 6))
           (VarExpr v)))
         (FloatExpr 6)
         (CallExpr Y (CallExpr c4D.9k_9t_9s.)))
        (IntExpr 6)
        (CallExpr c)
        (IntExpr 9)
        (CallExpr E)
        (VarExpr g)
        (IntExpr 26)
        (IntExpr 1)
        (VarExpr d2w.0N.8E.2e_)
        (FloatExpr 0)))
      (FloatExpr 0))
     (FloatExpr 254)
     (VarExpr v)
     (CallExpr C (VarExpr C1p_))
     (FloatExpr 23300))
    (FloatExpr 0)
    (VarExpr Q)
    (CallExpr t3X.3p_3r.7R.0i.9q.)
    (CallExpr a6T_)
    (FloatExpr 874032)
    (VarExpr Z0h_)
    (IntExpr 6)
    (VarExpr G)
    (VarExpr P2J_)
    (IntExpr 1861)
    (CallExpr d (IntExpr 8))
    (FloatExpr 0)
    (IntExpr 6)
    (IntExpr 1))
   (VarExpr P)
   (IntExpr 4)
   (CallExpr V (IntExpr 3) (VarExpr L1K_))
   (FloatExpr 23949457927848672)
   (CallExpr Q6L_)
   (CallExpr V (VarExpr F8b.7D.4T.7P.))
   (VarExpr g)
   (IntExpr 31)
   (CallExpr Z9L_ (VarExpr M2j_))
   (IntExpr 43)
   (FloatExpr 99289893)
   (FloatExpr 0)
   (FloatExpr 3)
   (IntExpr 5)
   (IntExpr 6)
   (IntExpr 6)
   (CallExpr l)
   (VarExpr J4T.6r_4j.)
   (CallExpr g)
   (CallExpr H (IntExpr 647) (CallExpr J))
   (IntExpr 0)
   (IntExpr 4356)
   (IntExpr 13)
   (IntExpr 8)
   (CallExpr T0o_2g.2y_)
   (CallExpr L (IntExpr 8))
   (FloatExpr 503)
   (VarExpr x8y_4F.0l.3r.6Z_)
   (FloatExpr 372561688)
   (VarExpr v)
   (FloatExpr 730)
   (FloatExpr 9)
   (CallExpr q (VarExpr u) (CallExpr v1I. (VarExpr p)) (VarExpr E))
   (FloatExpr 0)
   (CallExpr t5z_6D_8T.)
   (IntExpr 6)
   (FloatExpr 0)
   (FloatExpr 82)
   (VarExpr u)
   (VarExpr N)
   (FloatExpr 0)
   (CallExpr S7y_)
   (IntExpr 18647)
   (CallExpr n))))
(TimeCmd
 (TimeCmd (TimeCmd (LetStmt (ArgLValue (VarArgument b)) (CallExpr M)))))
(ReadImageCmd "HH" (VarArgument M))
(StmtCmd (AssertStmt (VarExpr G) "0"))
(WriteImageCmd (VarExpr J1G.4C.) "")
(ShowCmd (CallExpr u0y_ (CallExpr c5e_2p.)))
(ShowCmd (CallExpr b))
(StmtCmd (LetStmt (ArgLValue (VarArgument n)) (IntExpr 32)))
(PrintCmd "")
(PrintCmd "")
(TimeCmd (TimeCmd (ReadImageCmd "Zlz" (VarArgument m1X.))))
(ShowCmd (VarExpr Q))
