(ShowCmd
 (CallExpr B (CallExpr a (CallExpr F7X. (VarExpr J6D.7B_))) (VarExpr m)))
(ShowCmd (CallExpr O5d_ (IntExpr 9)))
(ReadImageCmd "" (VarArgument u))
(PrintCmd "")
(TimeCmd (WriteImageCmd (CallExpr r9H_8k_4P_) ""))
(WriteImageCmd (IntExpr 1) "Z")
(TimeCmd (AssertStmt (VarExpr v) "?ia"))
(TimeCmd (ShowCmd (FloatExpr 0)))
(ReadImageCmd "" (VarArgument c5K.))
(ShowCmd (FloatExpr 8163))
(StmtCmd (ReturnStmt (IntExpr 5)))
