(StmtCmd (LetStmt (ArgLValue (VarArgument a7M_6J.)) (IntExpr 8)))
(TimeCmd
 (StmtCmd
  (TimeCmd
   (StmtCmd
    (WriteImageCmd (CallExpr I (VarExpr M) (IntExpr 98) (VarExpr H)) "")))))
(TimeCmd (StmtCmd (WriteImageCmd (CallExpr a) "")))
(ReadImageCmd "#U" (VarArgument n3G.))
(StmtCmd (ReturnStmt (IntExpr 1)))
(ShowCmd (IntExpr 617))
(StmtCmd (LetStmt (ArgLValue (VarArgument V1f_2k.6j_2O_0s_)) (IntExpr 0)))
(StmtCmd (ReturnStmt (VarExpr D5d_)))
(ReadImageCmd ";U" (VarArgument G8F.))
(StmtCmd (ReturnStmt (VarExpr I0n.)))
(ReadImageCmd "" (VarArgument P))
(TimeCmd (StmtCmd (PrintCmd "")))
(WriteImageCmd (CallExpr P (VarExpr z)) "")
(PrintCmd "")
(TimeCmd (StmtCmd (ShowCmd (FloatExpr 0))))
(WriteImageCmd (VarExpr l) "")
(ReadImageCmd "GT" (VarArgument U))
(PrintCmd "~C}")
(ReadImageCmd "" (VarArgument Y))
