(TimeCmd (WriteImageCmd (CallExpr N4k.7P. (VarExpr u5S.1l_)) ""))
(WriteImageCmd (IntExpr 9) "2")
(TimeCmd (LetStmt (ArgLValue (VarArgument E)) (VarExpr A)))
(PrintCmd "")
(TimeCmd (PrintCmd "p"))
(ShowCmd (CallExpr Q1z_))
(ReadImageCmd "" (VarArgument E2B_))
(TimeCmd (TimeCmd (ShowCmd (FloatExpr 0))))
(ShowCmd (FloatExpr 0))
