(TimeCmd (StmtCmd (PrintCmd "Dl-")))
(TimeCmd (StmtCmd (ReadImageCmd "CP5Ft d" (VarArgument O8K.5m.7d.8w_2A.2e_))))
(TimeCmd (StmtCmd (ReadImageCmd "" (VarArgument U0v_))))
(TimeCmd (StmtCmd (PrintCmd "U=")))
(ReadImageCmd "" (VarArgument c5H.))
(TimeCmd
 (StmtCmd (WriteImageCmd (CallExpr U (FloatExpr 0) (VarExpr k8h.)) ";")))
(PrintCmd "")
(WriteImageCmd (VarExpr h4z_3r.2c.4s.1s.) "G")
(StmtCmd (LetStmt (ArgLValue (VarArgument L8O.9f_)) (FloatExpr 2160)))
(ShowCmd (FloatExpr 0))
(StmtCmd (AssertStmt (VarExpr P2J.) ""))
(ReadImageCmd "" (VarArgument b))
(TimeCmd (StmtCmd (PrintCmd "K")))
(ReadImageCmd "*" (VarArgument J3w.5L.))
(TimeCmd (StmtCmd (ShowCmd (CallExpr K))))
(PrintCmd "")
(WriteImageCmd (FloatExpr 95359) "")
(ShowCmd (IntExpr 655))
