(ShowCmd (IntExpr 882))
(ShowCmd (IntExpr 68))
(ReadImageCmd "]~}|W>Jz" (VarArgument J))
(PrintCmd "")
(WriteImageCmd (FloatExpr 39474813618832504) "")
(PrintCmd "")
(WriteImageCmd (IntExpr 0) "iJB")
(TimeCmd (LetStmt (ArgLValue (VarArgument N)) (CallExpr g7o.)))
(ReadImageCmd "" (VarArgument k4k.5r.0E.9e_))
(TimeCmd (ReadImageCmd "B" (VarArgument K)))
(TimeCmd (ReadImageCmd "+N" (VarArgument B5k_)))
(WriteImageCmd (FloatExpr 0) "")
(ReadImageCmd "y" (VarArgument N6j.))
(WriteImageCmd (VarExpr N) "")
