(ReadImageCmd "B" (VarArgument m))
(PrintCmd "HW")
(ShowCmd (FloatExpr 6))
(ShowCmd (FloatExpr 0))
(ShowCmd (IntExpr 8))
(ReadImageCmd "be;}" (VarArgument m3q.))
(StmtCmd (AssertStmt (IntExpr 928) "[A"))
(PrintCmd "s58")
(PrintCmd "P")
(ReadImageCmd "<'" (VarArgument m9t.5a_5r_))
(WriteImageCmd (CallExpr u (FloatExpr 0)) "cc")
(ReadImageCmd "FV" (VarArgument o2a_))
(WriteImageCmd
 (CallExpr
  z
  (CallExpr i (VarExpr N2y_4q.) (FloatExpr 0))
  (CallExpr j2k_ (FloatExpr 0) (CallExpr F9F_))
  (VarExpr R)
  (IntExpr 85377)
  (CallExpr A3Q.9b.9r_5z.)
  (CallExpr f8K_4m.8O_)
  (CallExpr e9O.4L_5W_3D.)
  (IntExpr 58801)
  (VarExpr z1v.)
  (CallExpr I)
  (VarExpr Z))
 "")
(TimeCmd (StmtCmd (ReadImageCmd "" (VarArgument L3S.))))
(WriteImageCmd
 (CallExpr
  v7h.9z.0j.
  (FloatExpr 0)
  (IntExpr 4)
  (IntExpr 56)
  (CallExpr U0x.0M_4L_0y.)
  (VarExpr X0R_))
 "J")
(PrintCmd "")
(StmtCmd (LetStmt (ArgLValue (VarArgument U)) (VarExpr y)))
(ShowCmd (IntExpr 892))
(ReadImageCmd "]P&M," (VarArgument q1y.))
