(ShowCmd (FloatExpr 547227800775))
(PrintCmd "U0kI")
(ShowCmd (VarExpr a6s.4I.6L_3D.))
(TimeCmd (StmtCmd (TimeCmd (StmtCmd (PrintCmd "")))))
(StmtCmd (AssertStmt (VarExpr m) "m{"))
(PrintCmd "")
(TimeCmd (StmtCmd (ReturnStmt (VarExpr S))))
(TimeCmd (StmtCmd (ReturnStmt (FloatExpr 916952924414752512))))
(WriteImageCmd
 (CallExpr
  F0F_
  (IntExpr 8)
  (FloatExpr 66)
  (FloatExpr 4)
  (FloatExpr 526203239)
  (CallExpr x5u_6D. (VarExpr T) (IntExpr 82))
  (FloatExpr 8)
  (IntExpr 496)
  (CallExpr h)
  (VarExpr i)
  (CallExpr I)
  (CallExpr
   x
   (CallExpr
    K0U_0n.
    (FloatExpr 0)
    (CallExpr G9D_0t. (FloatExpr 5750709))
    (VarExpr C)
    (VarExpr t2o.6t.8p.6V_)
    (IntExpr 3)
    (VarExpr g2V_)
    (FloatExpr 0)
    (FloatExpr 0)
    (VarExpr E2D.1z_9x.)
    (CallExpr M)
    (FloatExpr 0)
    (CallExpr v6b.)
    (FloatExpr 0)
    (CallExpr U)
    (FloatExpr 0))
   (IntExpr 7)))
 "Ec")
(WriteImageCmd (CallExpr f) "")
(ShowCmd (FloatExpr 0))
