(WriteImageCmd (IntExpr 0) "")
(WriteImageCmd (CallExpr Z2m_ (CallExpr l (IntExpr 47))) "$")
(ShowCmd (IntExpr 648825492359))
(TimeCmd (StmtCmd (ShowCmd (VarExpr x))))
(PrintCmd "")
(ReadImageCmd "^" (VarArgument m0d_))
(StmtCmd (AssertStmt (VarExpr X) ""))
(ShowCmd (IntExpr 67227))
(StmtCmd (LetStmt (ArgLValue (VarArgument L)) (CallExpr Z7t_3r_)))
(TimeCmd (StmtCmd (ReadImageCmd "" (VarArgument U))))
(WriteImageCmd (VarExpr B) "][")
(ReadImageCmd "" (VarArgument V5p.1r_0E_))
(StmtCmd (ReturnStmt (CallExpr M)))
(WriteImageCmd (IntExpr 8) "Mt-UO")
(WriteImageCmd (IntExpr 89998) "G)6vp$")
(TimeCmd (StmtCmd (WriteImageCmd (FloatExpr 0) "")))
(ReadImageCmd "_" (VarArgument B))
(ReadImageCmd "" (VarArgument l8c_))
