(StmtCmd (ReturnStmt (IntExpr 93)))
(StmtCmd
 (LetStmt
  (ArgLValue (VarArgument z))
  (CallExpr
   D
   (IntExpr 0)
   (IntExpr 90)
   (CallExpr
    Z1d.5O.4R_3J_
    (VarExpr d9N_)
    (VarExpr j)
    (CallExpr m)
    (IntExpr 4)
    (FloatExpr 0)
    (VarExpr w4w_)
    (CallExpr R (VarExpr E5j.))
    (FloatExpr 0)))))
(ShowCmd (VarExpr c7Z_9j.))
(TimeCmd (ReturnStmt (FloatExpr 2)))
(WriteImageCmd (CallExpr H9N_) "")
(StmtCmd (ReturnStmt (CallExpr X5f_)))
