(TimeCmd (ReturnStmt (IntExpr 4)))
(ShowCmd (IntExpr 5))
(ReadImageCmd "ou" (VarArgument j1K.3T_5m_5N.9P_))
(PrintCmd "")
(ShowCmd (IntExpr 58))
(StmtCmd (ReturnStmt (CallExpr M5j. (FloatExpr 715181102))))
(WriteImageCmd (FloatExpr 0) "jI")
(ShowCmd (CallExpr k3W.))
(ShowCmd (VarExpr h))
(ShowCmd (FloatExpr 24))
(TimeCmd (LetStmt (ArgLValue (VarArgument L4Y.)) (FloatExpr 0)))
(ShowCmd (VarExpr g8u_4D_5j_9O_))
(StmtCmd (ReturnStmt (FloatExpr 44413)))
(WriteImageCmd (FloatExpr 20) "")
(PrintCmd "k3")
