(StmtCmd (AssertStmt (CallExpr G8n_5T_) "Z"))
(TimeCmd (StmtCmd (ShowCmd (FloatExpr 0))))
(PrintCmd "a{")
(ReadImageCmd "H" (VarArgument m))
(WriteImageCmd (VarExpr E2U_) "E")
(StmtCmd (AssertStmt (FloatExpr 76) "IPxoRT"))
(ReadImageCmd "" (VarArgument L))
(PrintCmd "/!mZi")
(WriteImageCmd (CallExpr w) "Mx")
(ShowCmd (VarExpr Y7j_9c.8W_))
(StmtCmd (ReturnStmt (IntExpr 65929068)))
