(StmtCmd (LetStmt (ArgLValue (VarArgument d)) (CallExpr c2V_5I_6v_)))
(TimeCmd (StmtCmd (TimeCmd (StmtCmd (ShowCmd (VarExpr O1B.9b.))))))
(WriteImageCmd (CallExpr r) "")
(ReadImageCmd "sZi" (VarArgument J0q_))
(ReadImageCmd "" (VarArgument Q))
(ShowCmd (FloatExpr 502))
(StmtCmd (ReturnStmt (VarExpr o)))
(ShowCmd (IntExpr 6))
(PrintCmd "")
(StmtCmd (AssertStmt (VarExpr M9X_) "c"))
(PrintCmd "EA=")
(TimeCmd (StmtCmd (TimeCmd (StmtCmd (ShowCmd (VarExpr q))))))
(TimeCmd (StmtCmd (ShowCmd (CallExpr j))))
(TimeCmd (StmtCmd (WriteImageCmd (CallExpr c (IntExpr 4) (VarExpr M)) "4v")))
(PrintCmd "")
