(WriteImageCmd (FloatExpr 0) "")
(TimeCmd (StmtCmd (TimeCmd (StmtCmd (ReadImageCmd ">" (VarArgument R8m_))))))
(TimeCmd (StmtCmd (ShowCmd (IntExpr 38))))
(StmtCmd (AssertStmt (IntExpr 0) "*"))
(WriteImageCmd (VarExpr O9n.6v.4q_5y_) "")
(ShowCmd (CallExpr W))
(ReadImageCmd "ha5" (VarArgument e7Z_0G.))
(WriteImageCmd (FloatExpr 46898) "")
(PrintCmd "")
(PrintCmd "n")
(PrintCmd "")
(WriteImageCmd (IntExpr 795) "S!+")
(ShowCmd (IntExpr 4))
(ShowCmd (IntExpr 56))
(ShowCmd (VarExpr w))
(WriteImageCmd (IntExpr 86) "4_")
(TimeCmd (StmtCmd (ReadImageCmd "" (VarArgument u))))
(ReadImageCmd "T" (VarArgument Z))
