(TimeCmd (StmtCmd (WriteImageCmd (VarExpr Y) "f")))
(ShowCmd (CallExpr l))
(StmtCmd (ReturnStmt (VarExpr m9Z_)))
(WriteImageCmd (IntExpr 4) "L%")
(TimeCmd (StmtCmd (PrintCmd "")))
(ShowCmd (CallExpr V9g_8T.))
(ShowCmd (IntExpr 6))
(ReadImageCmd "m" (VarArgument y2u_))
(StmtCmd (AssertStmt (FloatExpr 6) ""))
(ShowCmd (FloatExpr 8178))
(StmtCmd (LetStmt (ArgLValue (VarArgument z)) (IntExpr 2)))
(ShowCmd (IntExpr 14))
(PrintCmd "u/")
(ShowCmd (VarExpr T))
(ShowCmd (FloatExpr 605280675))
(PrintCmd "")
