(StmtCmd (AssertStmt (FloatExpr 82871736214149) ""))
(StmtCmd
 (ReturnStmt
  (CallExpr
   D
   (CallExpr N0x_ (CallExpr l) (IntExpr 9) (FloatExpr 4) (VarExpr f0s.3u.)))))
(ReadImageCmd "" (VarArgument d3T.))
(TimeCmd (StmtCmd (ShowCmd (IntExpr 35))))
(StmtCmd (ReturnStmt (FloatExpr 3550)))
(StmtCmd (LetStmt (ArgLValue (VarArgument A6B_)) (CallExpr O3Q.)))
(ShowCmd (CallExpr n (FloatExpr 0)))
(ReadImageCmd "Fee" (VarArgument M))
(StmtCmd (LetStmt (ArgLValue (VarArgument y)) (FloatExpr 0)))
(StmtCmd (AssertStmt (IntExpr 908) "J"))
(ReadImageCmd "" (VarArgument R5O_))
(ShowCmd (IntExpr 0))
(ReadImageCmd "X" (VarArgument w6i_))
(TimeCmd (StmtCmd (LetStmt (ArgLValue (VarArgument u8c.)) (FloatExpr 2))))
(StmtCmd (LetStmt (ArgLValue (VarArgument z)) (IntExpr 3)))
(WriteImageCmd
 (CallExpr
  l
  (CallExpr k (VarExpr r2A.4V_5D.))
  (FloatExpr 0)
  (FloatExpr 0)
  (IntExpr 199)
  (IntExpr 25259)
  (VarExpr l)
  (IntExpr 13120)
  (FloatExpr 0))
 "")
