(PrintCmd "~q")
(ReadImageCmd "" (VarArgument F0Q_8T.9A.))
(ShowCmd (IntExpr 94))
(ShowCmd (VarExpr G1Q.5k_9G_))
(ReadImageCmd "" (VarArgument l))
(StmtCmd (LetStmt (ArgLValue (VarArgument U9z_)) (CallExpr y)))
(WriteImageCmd (VarExpr l4F_7m_0C_3s.2V.9Y_) "E")
(StmtCmd (ReturnStmt (IntExpr 9)))
(TimeCmd (StmtCmd (ReadImageCmd "'#" (VarArgument A))))
(PrintCmd "8")
(WriteImageCmd (VarExpr L) "WfJRYV")
(ShowCmd (FloatExpr 88622))
(PrintCmd "`)")
(TimeCmd (StmtCmd (ShowCmd (IntExpr 0))))
(PrintCmd "b")
(StmtCmd
 (ReturnStmt
  (CallExpr
   k1m_
   (FloatExpr 984234963)
   (IntExpr 0)
   (CallExpr V6C. (IntExpr 99) (IntExpr 9))
   (IntExpr 368)
   (FloatExpr 0)
   (FloatExpr 0)
   (FloatExpr 0)
   (VarExpr I)
   (IntExpr 90)
   (IntExpr 7)
   (VarExpr n)
   (VarExpr q6O.9x_)
   (CallExpr R9I_)
   (VarExpr u)
   (IntExpr 4)
   (FloatExpr 0)
   (FloatExpr 0)
   (VarExpr C)
   (VarExpr A6w_)
   (CallExpr
    M0U.
    (VarExpr U6b.)
    (IntExpr 7)
    (IntExpr 4)
    (CallExpr Z)
    (CallExpr o5Q. (IntExpr 2))
    (FloatExpr 15)
    (FloatExpr 5)
    (CallExpr R5W_6R.1K.7D_8s. (FloatExpr 16974))
    (IntExpr 7)
    (CallExpr S3B.0x.)
    (IntExpr 3)
    (CallExpr h (IntExpr 77))
    (IntExpr 36)
    (CallExpr u9m.)
    (IntExpr 95)
    (IntExpr 54)
    (CallExpr Y2R.)
    (FloatExpr 4)
    (CallExpr I)
    (CallExpr C (FloatExpr 240879))
    (CallExpr I (FloatExpr 0) (CallExpr F))
    (CallExpr N4k_ (CallExpr z))
    (FloatExpr 9)
    (IntExpr 9)
    (FloatExpr 0)
    (FloatExpr 0)
    (VarExpr a8P_4T.)
    (VarExpr I)
    (CallExpr f (CallExpr I (VarExpr d6O_)))
    (CallExpr S2c. (CallExpr n6m_7t_) (IntExpr 114))
    (FloatExpr 5)
    (IntExpr 727)
    (FloatExpr 0)
    (IntExpr 1)
    (FloatExpr 3)
    (CallExpr J)
    (IntExpr 279)
    (CallExpr t)
    (VarExpr s))
   (IntExpr 0)
   (IntExpr 9082)
   (CallExpr M5D.)
   (IntExpr 4)
   (FloatExpr 5)
   (CallExpr
    y9J.
    (VarExpr o8F.)
    (FloatExpr 312381)
    (CallExpr l)
    (CallExpr U)
    (VarExpr l)
    (VarExpr s8h.)
    (IntExpr 49)
    (IntExpr 2317)
    (VarExpr I3g.3H.)
    (FloatExpr 4)
    (VarExpr K)
    (FloatExpr 0)
    (VarExpr N)
    (IntExpr 8)
    (IntExpr 46043)
    (IntExpr 55)
    (VarExpr A9u_9K_1X.)
    (VarExpr c)
    (IntExpr 74238)
    (VarExpr a0g_)
    (CallExpr N0i.2H_ (IntExpr 45) (IntExpr 590)))
   (IntExpr 3)
   (IntExpr 86)
   (VarExpr T1n.)
   (CallExpr Z (IntExpr 8))
   (VarExpr A)
   (VarExpr Z)
   (VarExpr G3g.)
   (CallExpr
    L
    (VarExpr q)
    (CallExpr A0m.8t_)
    (IntExpr 5)
    (IntExpr 6)
    (CallExpr r)
    (CallExpr j (IntExpr 0))
    (CallExpr r)
    (CallExpr s)
    (FloatExpr 1)
    (CallExpr
     l
     (FloatExpr 0)
     (CallExpr d)
     (VarExpr N2O.7H_9a_5I_)
     (IntExpr 6)
     (IntExpr 1)
     (IntExpr 10)
     (IntExpr 8)
     (VarExpr H9s.))
    (FloatExpr 943)
    (VarExpr c6s.)
    (FloatExpr 0)
    (IntExpr 3))
   (VarExpr y8X.)
   (FloatExpr 0)
   (IntExpr 5785845)
   (IntExpr 931)
   (FloatExpr 0)
   (VarExpr W)
   (CallExpr
    O8r_
    (IntExpr 973)
    (IntExpr 5)
    (IntExpr 95)
    (IntExpr 94)
    (IntExpr 9)
    (FloatExpr 3)
    (VarExpr Q)
    (FloatExpr 0)
    (IntExpr 0)
    (IntExpr 0)
    (IntExpr 192)
    (VarExpr A3z_7i_)
    (IntExpr 8)
    (FloatExpr 426)
    (FloatExpr 64)
    (CallExpr s)
    (VarExpr V8V_)
    (CallExpr q8F_))
   (FloatExpr 0)
   (CallExpr k3y_7V_6d_ (CallExpr N))
   (FloatExpr 72885)
   (IntExpr 13)
   (IntExpr 1)
   (VarExpr a)
   (CallExpr G (VarExpr v))
   (CallExpr M2q.)
   (VarExpr i8a.9U_)
   (VarExpr j9L_0d.0I.5v_)
   (VarExpr k0X_9R_)
   (FloatExpr 83)
   (FloatExpr 0)
   (CallExpr D (FloatExpr 0) (FloatExpr 0) (VarExpr r9z.8w_))
   (CallExpr G (VarExpr h9F.0I_7t.))
   (VarExpr i)
   (FloatExpr 62)
   (VarExpr C)
   (VarExpr l6r_)
   (VarExpr V3e.)
   (CallExpr d)
   (FloatExpr 0)
   (IntExpr 5)
   (CallExpr N8x_ (FloatExpr 0))
   (VarExpr x)
   (VarExpr C)
   (IntExpr 15)
   (FloatExpr 1)
   (IntExpr 34)
   (CallExpr m (CallExpr N0N.3S_ (IntExpr 4) (CallExpr b)))
   (CallExpr i3e_9N_)
   (FloatExpr 0)
   (CallExpr f)
   (VarExpr w8F.)
   (IntExpr 773)
   (FloatExpr 0)
   (VarExpr q5j_)
   (FloatExpr 0)
   (VarExpr p)
   (FloatExpr 844985)
   (CallExpr N (IntExpr 5))
   (IntExpr 9)
   (VarExpr W4d.)
   (IntExpr 8)
   (IntExpr 8)
   (FloatExpr 82672)
   (VarExpr y1O_5v_)
   (IntExpr 4)
   (FloatExpr 0)
   (FloatExpr 739)
   (IntExpr 2)
   (FloatExpr 629)
   (VarExpr W)
   (CallExpr K (IntExpr 4))
   (VarExpr h)
   (FloatExpr 0)
   (FloatExpr 992)
   (VarExpr n)
   (FloatExpr 28809)
   (FloatExpr 0)
   (FloatExpr 8530)
   (FloatExpr 0)
   (VarExpr j7o_)
   (CallExpr f)
   (CallExpr M9r_)
   (VarExpr a)
   (CallExpr I)
   (FloatExpr 0)
   (FloatExpr 0)
   (IntExpr 76)
   (CallExpr H7i_ (VarExpr X9K_) (VarExpr g8n_))
   (IntExpr 59)
   (IntExpr 87)
   (IntExpr 4)
   (CallExpr r (CallExpr I4T_))
   (IntExpr 6)
   (CallExpr
    O
    (FloatExpr 437)
    (VarExpr B)
    (FloatExpr 0)
    (CallExpr x8S.2g_4A_5Y.)
    (IntExpr 7)
    (CallExpr H2C.0A_3n_ (FloatExpr 3))
    (FloatExpr 7)
    (IntExpr 3)
    (IntExpr 4)
    (IntExpr 8)
    (FloatExpr 0)
    (FloatExpr 0)
    (VarExpr h6e_7u_))
   (CallExpr j1T.)
   (VarExpr v9T.)
   (IntExpr 357)
   (IntExpr 2)
   (VarExpr D7V_4a.5o_6r.9Z.1T_9i_2a.)
   (IntExpr 3)
   (FloatExpr 0)
   (CallExpr j (VarExpr J))
   (IntExpr 0)
   (CallExpr
    m
    (IntExpr 1)
    (VarExpr a5s.)
    (IntExpr 975)
    (VarExpr f)
    (IntExpr 9)
    (CallExpr M9M_)
    (IntExpr 259)
    (VarExpr l6h.)
    (CallExpr G6b.6x_3Y.3z.1b_)
    (FloatExpr 98815)
    (VarExpr y)
    (IntExpr 1131)
    (FloatExpr 0)
    (FloatExpr 0)
    (FloatExpr 0)
    (FloatExpr 7)
    (FloatExpr 71271)
    (IntExpr 22)
    (VarExpr a6X.))
   (CallExpr Y))))
(StmtCmd (LetStmt (ArgLValue (VarArgument k8k.8l_)) (IntExpr 562)))
(ShowCmd (VarExpr J))
