(TimeCmd (StmtCmd (WriteImageCmd (VarExpr v6T.4I_3J.) "mzu,n")))
(TimeCmd (StmtCmd (ShowCmd (FloatExpr 0))))
(ShowCmd
 (CallExpr
  r7c.
  (VarExpr r3O_)
  (VarExpr R)
  (IntExpr 6)
  (VarExpr f6z_)
  (VarExpr J4s_3t_)
  (CallExpr
   K
   (VarExpr q5a.)
   (VarExpr X9C_6l.)
   (IntExpr 1)
   (CallExpr s2k_4g.3V. (CallExpr A6T_3Z_0F_7q_))
   (VarExpr L))
  (VarExpr i)
  (FloatExpr 69)
  (IntExpr 0)
  (FloatExpr 75)
  (VarExpr y3b.)
  (CallExpr n)
  (IntExpr 9)
  (CallExpr X5J.1k. (FloatExpr 0))
  (IntExpr 2)
  (CallExpr J0f_ (CallExpr c (FloatExpr 0)) (FloatExpr 53759459))
  (FloatExpr 4)
  (VarExpr E)
  (FloatExpr 7)
  (FloatExpr 0)
  (VarExpr A5V_5N.)
  (IntExpr 3)
  (CallExpr A0l.)
  (CallExpr h)
  (FloatExpr 334024)
  (IntExpr 4)
  (CallExpr u)
  (CallExpr
   y
   (IntExpr 143)
   (FloatExpr 5)
   (FloatExpr 0)
   (CallExpr S8Y.)
   (FloatExpr 939)
   (VarExpr y)
   (IntExpr 5995))
  (CallExpr
   Z
   (CallExpr
    h
    (CallExpr
     T
     (FloatExpr 0)
     (VarExpr y)
     (CallExpr
      H
      (IntExpr 4)
      (CallExpr m9E_ (VarExpr G))
      (VarExpr h5j_)
      (CallExpr n1K_ (CallExpr t))
      (CallExpr
       m
       (CallExpr J7N_4P. (FloatExpr 36))
       (FloatExpr 9)
       (FloatExpr 0)))
     (FloatExpr 46986964))
    (IntExpr 1)
    (CallExpr W)
    (VarExpr D)
    (IntExpr 91)
    (VarExpr Y8d_0o_)
    (IntExpr 9)
    (IntExpr 3)
    (IntExpr 0)
    (IntExpr 3)
    (CallExpr y5v.1g. (IntExpr 3))
    (IntExpr 1)
    (IntExpr 59)
    (VarExpr s)
    (FloatExpr 0)))
  (CallExpr e (VarExpr s))
  (FloatExpr 0)
  (CallExpr d (FloatExpr 0) (CallExpr u (VarExpr u1t_)) (IntExpr 690799))
  (FloatExpr 0)
  (FloatExpr 8419)
  (CallExpr
   E
   (IntExpr 1)
   (VarExpr q)
   (CallExpr v7i_)
   (IntExpr 7)
   (CallExpr u6S_6S.7h.)
   (FloatExpr 9)
   (CallExpr a)
   (VarExpr f0x.))
  (CallExpr A1a_4x.4U_)
  (IntExpr 93)
  (FloatExpr 0)
  (FloatExpr 0)
  (IntExpr 7)
  (FloatExpr 0)
  (IntExpr 64)
  (VarExpr d1M.)
  (IntExpr 4)
  (IntExpr 9)
  (IntExpr 3)
  (FloatExpr 0)
  (IntExpr 4)
  (CallExpr H (VarExpr f3X.))
  (FloatExpr 729)
  (FloatExpr 9)
  (VarExpr t8r_)
  (VarExpr p4G.)
  (CallExpr Q7P.)
  (CallExpr q)
  (IntExpr 9893)
  (FloatExpr 0)
  (IntExpr 2)
  (IntExpr 1)
  (VarExpr z)
  (IntExpr 4)
  (VarExpr A)
  (FloatExpr 642742)
  (IntExpr 3)
  (FloatExpr 0)
  (VarExpr n)
  (VarExpr G8L.)
  (IntExpr 896)
  (CallExpr l (CallExpr p) (VarExpr T))
  (IntExpr 9)
  (CallExpr n (CallExpr i7g.2W.2n.))
  (FloatExpr 0)
  (CallExpr e8w_ (FloatExpr 0) (VarExpr B))
  (IntExpr 37)
  (FloatExpr 9)
  (VarExpr k)
  (FloatExpr 0)
  (IntExpr 1)
  (VarExpr U)
  (CallExpr J (IntExpr 82))
  (IntExpr 11)
  (VarExpr t2N_)
  (FloatExpr 0)
  (CallExpr
   G
   (CallExpr y6n_1m. (FloatExpr 96))
   (IntExpr 1)
   (FloatExpr 0)
   (IntExpr 7)
   (CallExpr
    C
    (FloatExpr 5)
    (FloatExpr 9)
    (IntExpr 102)
    (CallExpr
     W0r_
     (VarExpr M4r.4w.)
     (FloatExpr 0)
     (IntExpr 83)
     (CallExpr S (IntExpr 6) (VarExpr w) (CallExpr K)))
    (IntExpr 34)
    (CallExpr
     Y
     (CallExpr i)
     (CallExpr
      e6s_
      (CallExpr
       z0g_
       (CallExpr X (IntExpr 6))
       (VarExpr M6v_4N_)
       (FloatExpr 279118)))))
   (CallExpr V)
   (IntExpr 2)
   (FloatExpr 0)
   (CallExpr w9x_1p.)
   (FloatExpr 0)
   (IntExpr 46)
   (IntExpr 52))
  (VarExpr Q3m_)
  (CallExpr
   v
   (CallExpr H)
   (IntExpr 5)
   (IntExpr 5)
   (FloatExpr 3471420)
   (CallExpr
    h0A_
    (CallExpr r4F. (CallExpr l (IntExpr 2)) (IntExpr 5))
    (FloatExpr 0))
   (IntExpr 4)
   (IntExpr 1)
   (IntExpr 2)
   (IntExpr 776)
   (IntExpr 6)
   (IntExpr 80)
   (VarExpr D))
  (CallExpr a)
  (VarExpr n4m_8U_)
  (FloatExpr 0)
  (IntExpr 4)
  (IntExpr 248)
  (FloatExpr 0)
  (CallExpr s5B.5g.2a.)
  (VarExpr I)
  (CallExpr R9n. (CallExpr L7I.6G_0Q_0u_))
  (VarExpr q)
  (VarExpr t)
  (FloatExpr 331)
  (IntExpr 6)
  (FloatExpr 731)
  (VarExpr D)
  (VarExpr k)
  (IntExpr 8)
  (IntExpr 9)
  (VarExpr v)
  (IntExpr 0)
  (IntExpr 8)
  (CallExpr D7B_5l_ (FloatExpr 232968))
  (CallExpr U (VarExpr X4S.) (VarExpr j))
  (FloatExpr 0)
  (FloatExpr 0)
  (CallExpr R)
  (IntExpr 3)
  (IntExpr 53)
  (IntExpr 41)
  (FloatExpr 1)
  (VarExpr F2k.)
  (CallExpr m)
  (VarExpr b)
  (IntExpr 5)
  (VarExpr B)
  (VarExpr q0T_5p.9e.)
  (FloatExpr 541)
  (FloatExpr 0)
  (IntExpr 8)
  (VarExpr b)
  (CallExpr o)
  (VarExpr W0r.2O.8k_4e_)
  (IntExpr 60)
  (IntExpr 91865)
  (VarExpr h)
  (FloatExpr 0)
  (FloatExpr 1)
  (CallExpr M)
  (CallExpr j (IntExpr 6))
  (CallExpr i (CallExpr s3X.4d. (IntExpr 0)) (VarExpr b6D_8Z.) (IntExpr 20))
  (CallExpr Q)
  (VarExpr J6W_8O_)
  (VarExpr t)
  (IntExpr 8)
  (VarExpr B)
  (IntExpr 4)
  (IntExpr 8)
  (VarExpr r)
  (CallExpr l (IntExpr 35))
  (VarExpr H0V.6E.1V.)
  (IntExpr 3)
  (FloatExpr 0)
  (VarExpr q)
  (IntExpr 2)
  (IntExpr 8)
  (CallExpr C (IntExpr 0) (VarExpr j) (VarExpr e0K_))
  (FloatExpr 677)
  (IntExpr 5)
  (FloatExpr 0)
  (IntExpr 25)
  (VarExpr b)
  (VarExpr T5c_)
  (FloatExpr 0)
  (VarExpr P6E.)
  (FloatExpr 96)
  (FloatExpr 1113)
  (FloatExpr 245)
  (FloatExpr 7)
  (IntExpr 8)
  (FloatExpr 0)
  (IntExpr 43)
  (IntExpr 0)
  (CallExpr p)
  (CallExpr F7R. (VarExpr i) (VarExpr b) (IntExpr 557))
  (IntExpr 91784)
  (CallExpr o8o_)
  (FloatExpr 0)
  (VarExpr B8o.)
  (VarExpr v)
  (FloatExpr 2)
  (IntExpr 581)
  (VarExpr a8n_)
  (VarExpr c5e_5R_)
  (FloatExpr 0)
  (CallExpr l0B_)
  (CallExpr W)
  (IntExpr 24)))
(PrintCmd "")
(WriteImageCmd (VarExpr p5g_) "")
(WriteImageCmd (FloatExpr 30751) "")
(PrintCmd "")
(ReadImageCmd "" (VarArgument m1k.7H_8y.0P.))
(WriteImageCmd (CallExpr F4l.0h_ (VarExpr e)) "")
(ShowCmd (IntExpr 1))
(ReadImageCmd "3" (VarArgument M))
(ShowCmd (VarExpr p))
(TimeCmd (StmtCmd (AssertStmt (IntExpr 32) "")))
