(ShowCmd (VarExpr Q))
(WriteImageCmd (CallExpr c) "<")
(TimeCmd (StmtCmd (WriteImageCmd (VarExpr X4p.) "0")))
(ReadImageCmd "?<CzO" (VarArgument D))
(WriteImageCmd (FloatExpr 0) "J")
(TimeCmd (StmtCmd (ReadImageCmd "Z" (VarArgument R7m.4Y.))))
(WriteImageCmd (FloatExpr 0) ",")
(WriteImageCmd (FloatExpr 30375) "A")
(ReadImageCmd "" (VarArgument G))
(StmtCmd (ReturnStmt (VarExpr k3E.8w_)))
(WriteImageCmd (CallExpr u (IntExpr 9345)) "%U?")
(PrintCmd "]S")
(WriteImageCmd (CallExpr L6w.) "")
