(StmtCmd (AssertStmt (IntExpr 24) ""))
(ShowCmd (IntExpr 822))
(TimeCmd (StmtCmd (WriteImageCmd (VarExpr M) "V")))
(ReadImageCmd "" (VarArgument H))
(ReadImageCmd "" (VarArgument c0Q.0g.))
(TimeCmd (StmtCmd (PrintCmd "")))
(PrintCmd "<C$")
(PrintCmd "")
(TimeCmd
 (StmtCmd
  (TimeCmd
   (StmtCmd
    (LetStmt
     (ArgLValue (VarArgument K0W_5e_5q_))
     (CallExpr
      b5P_
      (IntExpr 7)
      (CallExpr O6E.2H_4L_)
      (CallExpr
       i3F_
       (VarExpr J2F_3v.)
       (FloatExpr 848)
       (CallExpr k3J. (FloatExpr 70875))
       (CallExpr u7I.)
       (FloatExpr 0)
       (VarExpr o)
       (FloatExpr 0)
       (VarExpr F4j_)
       (IntExpr 345)
       (IntExpr 4)
       (FloatExpr 9)
       (FloatExpr 0)
       (IntExpr 68)
       (CallExpr V)
       (CallExpr o (IntExpr 5))
       (IntExpr 553))))))))
(ReadImageCmd "r}" (VarArgument y5y_))
(ShowCmd (FloatExpr 65))
