(WriteImageCmd (FloatExpr 0) "")
(ReadImageCmd "" (VarArgument J))
(TimeCmd (ReturnStmt (VarExpr v3y.6R.)))
(ShowCmd
 (CallExpr
  r1s_2C_1r.
  (VarExpr m)
  (CallExpr N)
  (FloatExpr 82)
  (VarExpr s2K_)
  (CallExpr i (CallExpr C (IntExpr 5)))
  (VarExpr d7r_1Z.)
  (VarExpr e)
  (IntExpr 661)))
(StmtCmd (AssertStmt (CallExpr b) ""))
(PrintCmd "")
