(PrintCmd "UcN")
(TimeCmd (StmtCmd (ReadImageCmd "" (VarArgument T))))
(TimeCmd
 (StmtCmd
  (TimeCmd
   (StmtCmd
    (TimeCmd
     (StmtCmd (WriteImageCmd (CallExpr g2v_0h.5s_ (CallExpr p4I_)) "")))))))
(PrintCmd "")
(StmtCmd (LetStmt (ArgLValue (VarArgument V)) (CallExpr C)))
(ReadImageCmd "Uo" (VarArgument o))
(WriteImageCmd (FloatExpr 0) "")
(PrintCmd "n")
(TimeCmd (StmtCmd (ShowCmd (IntExpr 9))))
(ShowCmd (VarExpr u8F.))
(WriteImageCmd (FloatExpr 642) "")
(TimeCmd (StmtCmd (ShowCmd (IntExpr 12))))
(PrintCmd "0")
(ShowCmd (FloatExpr 0))
(TimeCmd (StmtCmd (PrintCmd "")))
(ShowCmd (IntExpr 81344))
(ShowCmd (FloatExpr 0))
