(ShowCmd (FloatExpr 31310))
(ShowCmd (VarExpr V))
(PrintCmd "")
(PrintCmd "V.")
(WriteImageCmd (FloatExpr 0) "")
(ReadImageCmd "A" (VarArgument X1d_))
(PrintCmd "")
(TimeCmd (AssertStmt (FloatExpr 0) "QF2&!db"))
(ReadImageCmd "}V" (VarArgument g))
(PrintCmd "r")
(ReadImageCmd "" (VarArgument K0p.3L.))
(ShowCmd (VarExpr N9K_9K_))
(ShowCmd (VarExpr d1f_))
(ReadImageCmd "" (VarArgument J6W.))
(ReadImageCmd "${" (VarArgument F1Z.))
