(WriteImageCmd (FloatExpr 0) "")
(ShowCmd (CallExpr Z))
(StmtCmd (ReturnStmt (VarExpr P)))
(ShowCmd (VarExpr h))
(ReadImageCmd "" (VarArgument J))
(ReadImageCmd "p" (VarArgument b))
(StmtCmd (AssertStmt (CallExpr t7B_3Z. (VarExpr C)) "(by"))
(PrintCmd "")
(WriteImageCmd (VarExpr Y) "")
(TimeCmd (StmtCmd (ReadImageCmd "" (VarArgument q3x_))))
(StmtCmd (ReturnStmt (CallExpr P9h_)))
(ShowCmd (FloatExpr 0))
(TimeCmd (StmtCmd (ReadImageCmd "" (VarArgument w3b_))))
(PrintCmd "")
(PrintCmd "")
(StmtCmd (LetStmt (ArgLValue (VarArgument u)) (FloatExpr 35)))
(PrintCmd "")
(TimeCmd (StmtCmd (WriteImageCmd (FloatExpr 9) "P")))
(TimeCmd (StmtCmd (TimeCmd (StmtCmd (WriteImageCmd (IntExpr 27) "")))))
