(ShowCmd (FloatExpr 7648))
(WriteImageCmd (FloatExpr 0) "")
(PrintCmd "<u")
(StmtCmd (AssertStmt (VarExpr L) ""))
(WriteImageCmd (FloatExpr 988) "")
(ShowCmd
 (CallExpr
  d9O.4w_
  (CallExpr
   G9P.9k.8y_5R_1P_7F_8K_9N_
   (IntExpr 5)
   (CallExpr b3V. (VarExpr t4b.7T.))
   (IntExpr 3374)
   (IntExpr 6))
  (CallExpr x9G_8U. (CallExpr D (IntExpr 9) (IntExpr 32)))
  (CallExpr j)
  (CallExpr u (IntExpr 0))
  (CallExpr
   i
   (FloatExpr 12)
   (IntExpr 4)
   (CallExpr k3Q_)
   (VarExpr t1j.2L_)
   (FloatExpr 597)
   (FloatExpr 0)
   (CallExpr C7V_ (VarExpr F))
   (IntExpr 3)
   (FloatExpr 5)
   (CallExpr g0R_)
   (VarExpr E)
   (IntExpr 15)
   (VarExpr i9R_6O.)
   (FloatExpr 0)
   (CallExpr D3E. (FloatExpr 0) (CallExpr b6x_6S_) (VarExpr H))
   (VarExpr C5k_5g_)
   (IntExpr 29))
  (VarExpr x7o_)))
(StmtCmd
 (ReturnStmt
  (CallExpr
   Z8W_0r_
   (VarExpr L)
   (IntExpr 760)
   (FloatExpr 0)
   (CallExpr i2d.3g.)
   (IntExpr 7)
   (IntExpr 597406)
   (VarExpr v)
   (VarExpr V5B_2m.2m_7P.2P_)
   (VarExpr V)
   (IntExpr 4)
   (VarExpr z7S_)
   (CallExpr q)
   (FloatExpr 0)
   (IntExpr 2)
   (VarExpr S)
   (FloatExpr 4455)
   (CallExpr R (CallExpr i) (FloatExpr 0))
   (VarExpr w)
   (CallExpr H (FloatExpr 0))
   (VarExpr N4J_9N.4J_9s.)
   (FloatExpr 8)
   (VarExpr Y)
   (IntExpr 3065)
   (CallExpr X (VarExpr T))
   (FloatExpr 0)
   (VarExpr m)
   (FloatExpr 0)
   (IntExpr 3317)
   (CallExpr
    q3G.
    (VarExpr v2J_)
    (CallExpr H8z_5y_ (IntExpr 16) (FloatExpr 0))))))
(ReadImageCmd "?az;" (VarArgument K4W_8t.5J_))
(StmtCmd (LetStmt (ArgLValue (VarArgument o)) (CallExpr w4F_)))
(StmtCmd (AssertStmt (FloatExpr 0) ""))
(ReadImageCmd "" (VarArgument r))
(ShowCmd (IntExpr 7))
(TimeCmd (LetStmt (ArgLValue (VarArgument S1p.)) (IntExpr 7)))
