(StmtCmd (ReturnStmt (FloatExpr 0)))
(ShowCmd (VarExpr G3M_))
(StmtCmd (AssertStmt (FloatExpr 0) ""))
(PrintCmd "m")
(ReadImageCmd "" (VarArgument v))
(StmtCmd
 (AssertStmt
  (CallExpr
   y
   (CallExpr d4V_ (VarExpr S) (FloatExpr 0) (FloatExpr 49))
   (FloatExpr 3))
  "^"))
(TimeCmd (StmtCmd (WriteImageCmd (IntExpr 3) "L")))
(ShowCmd (CallExpr y8m.8n_ (FloatExpr 12) (IntExpr 7)))
(ShowCmd (VarExpr S5N.))
(ReadImageCmd "Vd#" (VarArgument K7t_3k.2Z_0n.0o.5p.))
(TimeCmd
 (StmtCmd
  (WriteImageCmd
   (CallExpr
    v9b_2r.3p.9B.
    (FloatExpr 20384247)
    (FloatExpr 0)
    (VarExpr M)
    (VarExpr d0a.3o.)
    (FloatExpr 0)
    (FloatExpr 224574795590491)
    (IntExpr 4)
    (CallExpr
     V
     (CallExpr m5I.)
     (IntExpr 57)
     (CallExpr r)
     (IntExpr 72)
     (FloatExpr 83465)
     (IntExpr 749)
     (VarExpr h9s_)
     (VarExpr U))
    (IntExpr 4)
    (FloatExpr 0)
    (CallExpr r (FloatExpr 4))
    (VarExpr i4g_6U.)
    (IntExpr 83)
    (FloatExpr 0)
    (FloatExpr 96082678993048)
    (VarExpr E)
    (FloatExpr 1666)
    (IntExpr 4400282)
    (IntExpr 41))
   "")))
(PrintCmd "x")
(TimeCmd (StmtCmd (TimeCmd (StmtCmd (PrintCmd "")))))
(ShowCmd (VarExpr r4y.0r_))
