(ReadImageCmd ":<$" (VarArgument u8h.))
(TimeCmd (AssertStmt (CallExpr v5j.6v. (VarExpr F)) "P"))
(ShowCmd (IntExpr 28794))
(WriteImageCmd (FloatExpr 0) "")
(TimeCmd (TimeCmd (WriteImageCmd (CallExpr h4f.4N_4U_4E.) "g")))
(StmtCmd (ReturnStmt (CallExpr l)))
(PrintCmd "[")
(ShowCmd (IntExpr 4))
(PrintCmd "")
(PrintCmd "w_tB")
(WriteImageCmd (IntExpr 7) ":$")
(StmtCmd (LetStmt (ArgLValue (VarArgument d7y_9v_)) (VarExpr T5j.)))
(WriteImageCmd (CallExpr K) "")
(TimeCmd (TimeCmd (ShowCmd (IntExpr 9))))
