(ReadImageCmd "" (VarArgument v9H.))
(PrintCmd "~L:")
(StmtCmd (AssertStmt (CallExpr F (VarExpr U) (VarExpr q5f.)) ""))
(ShowCmd (CallExpr s))
(PrintCmd "Gv")
(WriteImageCmd (FloatExpr 8) "")
(TimeCmd (StmtCmd (WriteImageCmd (CallExpr M) " ")))
(ShowCmd (CallExpr n))
(ShowCmd (FloatExpr 438007823))
(ReadImageCmd "" (VarArgument f0r_))
(WriteImageCmd (VarExpr E8z_0J.) "")
(TimeCmd (StmtCmd (PrintCmd "!")))
(TimeCmd (StmtCmd (TimeCmd (StmtCmd (WriteImageCmd (VarExpr j4y.) "")))))
(PrintCmd "}Y")
