(WriteImageCmd (VarExpr U) "")
(TimeCmd (WriteImageCmd (VarExpr A1e.5C_) "a"))
(PrintCmd "")
(ShowCmd (CallExpr M))
(ShowCmd (IntExpr 769))
(WriteImageCmd (FloatExpr 0) "qmT[[N")
(PrintCmd "~")
(ReadImageCmd "" (VarArgument P1u.5W.))
(PrintCmd "3")
(ReadImageCmd "" (VarArgument n1U.))
(ReadImageCmd "Q" (VarArgument h))
(TimeCmd
 (ReturnStmt
  (CallExpr
   w3f_
   (FloatExpr 0)
   (CallExpr n5t_8i.6h_)
   (VarExpr B7q.)
   (FloatExpr 0)
   (FloatExpr 6668573833391889)
   (CallExpr
    R
    (FloatExpr 0)
    (FloatExpr 77232)
    (VarExpr k)
    (CallExpr J0x_)
    (FloatExpr 0)
    (VarExpr q)
    (CallExpr M1J_ (CallExpr f5h_))
    (VarExpr O8V_)
    (VarExpr i)
    (VarExpr Z)
    (IntExpr 41)
    (IntExpr 0)
    (CallExpr
     a
     (FloatExpr 3)
     (VarExpr v)
     (IntExpr 3)
     (FloatExpr 0)
     (FloatExpr 78)
     (IntExpr 1)
     (IntExpr 9)
     (VarExpr S7v.)
     (VarExpr g)
     (IntExpr 2)
     (FloatExpr 4324)
     (CallExpr
      u9t.7D.0c.
      (CallExpr T8q_2M_ (CallExpr t0P.5r_6s_))
      (VarExpr V3A.)
      (FloatExpr 7409)
      (VarExpr i)
      (VarExpr Z9U_7D.)
      (VarExpr l)
      (VarExpr j9U.2P_)
      (CallExpr U6o_7m_ (VarExpr L))
      (VarExpr K)
      (CallExpr Y4h_0w.))
     (IntExpr 11))
    (FloatExpr 0)
    (CallExpr r (CallExpr T1G.)))
   (FloatExpr 3503)
   (FloatExpr 199)
   (IntExpr 86)
   (IntExpr 18)
   (VarExpr h)
   (CallExpr P (VarExpr d))
   (CallExpr
    P1N.
    (VarExpr S)
    (VarExpr D2I.2M_1A_6z_9Y_)
    (VarExpr Z4K.)
    (CallExpr t2x.3K.1s_)
    (CallExpr S7K. (VarExpr z3o_))
    (VarExpr B)
    (CallExpr k8N_)
    (VarExpr t3V.)
    (VarExpr O)
    (CallExpr V5e. (VarExpr r1l_))
    (FloatExpr 901808057)
    (IntExpr 6)
    (CallExpr
     m
     (FloatExpr 0)
     (IntExpr 5)
     (IntExpr 7)
     (IntExpr 3)
     (VarExpr T9g.)
     (IntExpr 67)
     (VarExpr I)
     (CallExpr W0z.6Z. (IntExpr 7084))
     (CallExpr t5v_1o_2S. (FloatExpr 42748481))
     (VarExpr p5n.)
     (CallExpr r (IntExpr 6))
     (FloatExpr 0)
     (CallExpr Y7T_6p.2F_1C.4Z.)
     (IntExpr 8)
     (CallExpr U)
     (VarExpr l)
     (VarExpr w6I.)
     (IntExpr 0)
     (FloatExpr 2420)
     (VarExpr Q)
     (IntExpr 40762)
     (FloatExpr 394912)
     (VarExpr d7B.)
     (CallExpr g0J_)
     (CallExpr
      a6C.
      (FloatExpr 8)
      (FloatExpr 29)
      (VarExpr n)
      (VarExpr j1u.)
      (CallExpr q)
      (IntExpr 4711)
      (CallExpr
       K2F_
       (VarExpr H8e_8M_0Z.)
       (IntExpr 6)
       (IntExpr 634)
       (CallExpr O1N_3p.3h_)
       (CallExpr S (FloatExpr 0) (VarExpr e0F_))
       (CallExpr y)
       (VarExpr f)
       (CallExpr W)
       (FloatExpr 21)
       (VarExpr p2G_3Z_)
       (IntExpr 33)
       (VarExpr l3b_9J_5S.8N.0f_))
      (CallExpr o0G.)
      (CallExpr k2S_2z.2D.4w.)
      (FloatExpr 0)
      (VarExpr o)
      (FloatExpr 59580142)
      (FloatExpr 26)
      (CallExpr d3S_0P.)
      (IntExpr 89)
      (VarExpr U2Q.)
      (FloatExpr 6)
      (VarExpr g3Y_)
      (VarExpr c)
      (IntExpr 429)
      (CallExpr u (FloatExpr 7))
      (FloatExpr 7)
      (IntExpr 3)
      (CallExpr h)
      (CallExpr R (IntExpr 2) (FloatExpr 0) (VarExpr f) (IntExpr 1873))
      (IntExpr 7149)
      (IntExpr 8)
      (CallExpr k)
      (VarExpr t)
      (IntExpr 8)
      (CallExpr s)
      (FloatExpr 450)
      (FloatExpr 0)
      (FloatExpr 0)
      (FloatExpr 0)
      (FloatExpr 0)
      (FloatExpr 0)))
    (CallExpr u))
   (FloatExpr 9857633388)
   (CallExpr L (VarExpr X1U.1z_))
   (VarExpr N5a.9q_)
   (VarExpr f)
   (IntExpr 137)
   (IntExpr 4))))
(PrintCmd "")
(TimeCmd (PrintCmd "E"))
(ShowCmd (FloatExpr 5431))
(StmtCmd (ReturnStmt (IntExpr 89)))
(WriteImageCmd (CallExpr E6N_ (IntExpr 50)) "2")
(ReadImageCmd "I" (VarArgument I))
(StmtCmd (LetStmt (ArgLValue (VarArgument t)) (FloatExpr 0)))
