(StmtCmd (LetStmt (ArgLValue (VarArgument C)) (VarExpr Y9G_1V_9T_)))
(ReadImageCmd "u!eW" (VarArgument P))
(WriteImageCmd (VarExpr l5o.4b.) "`W")
(ReadImageCmd "" (VarArgument E0Y_3q_5b.))
(ReadImageCmd "" (VarArgument J))
(ShowCmd (IntExpr 5588))
(ReadImageCmd "%" (VarArgument q))
(ReadImageCmd "" (VarArgument G))
(TimeCmd (StmtCmd (WriteImageCmd (FloatExpr 0) "k~2m}")))
(StmtCmd (LetStmt (ArgLValue (VarArgument i)) (FloatExpr 0)))
(WriteImageCmd (FloatExpr 0) "c")
(WriteImageCmd (IntExpr 3) "E:/")
(TimeCmd (StmtCmd (WriteImageCmd (FloatExpr 4) "")))
(PrintCmd "a")
(WriteImageCmd (FloatExpr 1) "")
(WriteImageCmd (FloatExpr 2543) "")
(ShowCmd (FloatExpr 0))
(PrintCmd "<q HJ")
(WriteImageCmd (FloatExpr 0) "znp7")
