(TimeCmd (StmtCmd (AssertStmt (CallExpr V) "0")))
(PrintCmd "")
(ReadImageCmd "" (VarArgument P))
(StmtCmd (LetStmt (ArgLValue (VarArgument O)) (IntExpr 5450)))
(ReadImageCmd "AD~" (VarArgument c))
(ShowCmd (IntExpr 6))
(ReadImageCmd "" (VarArgument R6y.))
(TimeCmd (StmtCmd (ReadImageCmd "Y" (VarArgument d0S_2l.))))
(TimeCmd (StmtCmd (WriteImageCmd (FloatExpr 0) "6vn")))
(ReadImageCmd "v" (VarArgument N8O_1k_4B.9T_))
(PrintCmd "")
(TimeCmd (StmtCmd (ReadImageCmd "" (VarArgument D))))
(ShowCmd (FloatExpr 0))
(TimeCmd (StmtCmd (ReadImageCmd "" (VarArgument s))))
