(ShowCmd (FloatExpr 62))
(WriteImageCmd (VarExpr a3A.) "L2W")
(ShowCmd (IntExpr 2))
(ShowCmd (FloatExpr 0))
(PrintCmd "LL")
(TimeCmd
 (TimeCmd
  (TimeCmd
   (TimeCmd (StmtCmd (LetStmt (ArgLValue (VarArgument q)) (FloatExpr 25)))))))
(PrintCmd "J")
(ReadImageCmd "C'Is" (VarArgument k0O.))
(ShowCmd (VarExpr S))
(PrintCmd "z3")
(TimeCmd (WriteImageCmd (IntExpr 4761) "D"))
(ReadImageCmd "*" (VarArgument e7k_5w.1h.5e.3Q_))
(TimeCmd (PrintCmd "}La"))
(TimeCmd
 (ShowCmd
  (CallExpr
   t
   (CallExpr i2x.0r. (VarExpr c5x_5m.3T.9d.))
   (CallExpr L (IntExpr 50))
   (IntExpr 7)
   (FloatExpr 0)
   (VarExpr q1d_5v.)
   (IntExpr 635)
   (FloatExpr 0)
   (CallExpr E6b_)
   (IntExpr 7)
   (IntExpr 4)
   (IntExpr 331)
   (CallExpr K0r_3L.)
   (IntExpr 47)
   (FloatExpr 0)
   (CallExpr P4j_1J.)
   (FloatExpr 51)
   (IntExpr 95922)
   (CallExpr f4g. (CallExpr a))
   (VarExpr F1P_)
   (VarExpr Q6P_)
   (CallExpr e4o_ (CallExpr M6v.3j. (IntExpr 59)) (FloatExpr 0))
   (IntExpr 6)
   (FloatExpr -9223372036854775808)
   (CallExpr A (CallExpr n9n.1H_ (CallExpr W1Z_9t.)))
   (IntExpr 67)
   (FloatExpr 0)
   (FloatExpr 6814)
   (FloatExpr 0)
   (CallExpr
    E
    (IntExpr 686491)
    (FloatExpr 0)
    (FloatExpr 0)
    (FloatExpr 0)
    (FloatExpr 0)
    (FloatExpr 0)
    (FloatExpr 0)
    (CallExpr b)
    (FloatExpr 2)
    (FloatExpr 0)
    (FloatExpr 0)
    (CallExpr O (FloatExpr 2253)))
   (CallExpr f6M.0l.2G.)
   (IntExpr 87)
   (VarExpr o)
   (VarExpr C)
   (VarExpr D)
   (IntExpr 5)
   (VarExpr r)
   (CallExpr X8y.7e.)
   (FloatExpr 0)
   (IntExpr 238)
   (CallExpr l)
   (CallExpr
    C
    (IntExpr 56)
    (FloatExpr 0)
    (CallExpr
     X4I.
     (VarExpr T4C_2Q_4P_)
     (CallExpr X (VarExpr U0u_5k_))
     (CallExpr Z8w_)
     (VarExpr K6P_5e_))
    (CallExpr Y)
    (FloatExpr 0)
    (VarExpr n)
    (VarExpr X8z_1P_)
    (IntExpr 59)
    (IntExpr 1)
    (FloatExpr 0)
    (IntExpr 7)
    (FloatExpr 71178324)
    (FloatExpr 0)
    (IntExpr 4)
    (IntExpr 7)
    (IntExpr 79)
    (VarExpr e4j_)
    (IntExpr 6)
    (CallExpr g8d_3b. (FloatExpr 0)))
   (FloatExpr 2566)
   (VarExpr T4K.)
   (IntExpr 96)
   (CallExpr
    U
    (FloatExpr 3046)
    (VarExpr B5I_7A_)
    (CallExpr E (CallExpr I (IntExpr 9) (VarExpr r6t_6c_)))
    (VarExpr h))
   (IntExpr 5308)
   (IntExpr 6)
   (CallExpr
    s
    (IntExpr 2)
    (FloatExpr 6)
    (VarExpr x9N.)
    (VarExpr a)
    (VarExpr h)
    (VarExpr U)
    (CallExpr a5s_9t_9a. (VarExpr o))
    (CallExpr G6Z_ (VarExpr K) (FloatExpr 0))
    (IntExpr 5)
    (CallExpr r6z_)
    (CallExpr i5g.)
    (FloatExpr 78594)
    (FloatExpr 0)
    (FloatExpr 0)
    (IntExpr 88)
    (FloatExpr 0)
    (IntExpr 4)
    (FloatExpr 0)
    (FloatExpr 0)
    (IntExpr 8)
    (IntExpr 0)
    (IntExpr 64)
    (CallExpr
     W
     (FloatExpr 904)
     (CallExpr n8P.)
     (FloatExpr 44929)
     (IntExpr 2)
     (VarExpr S8B_6v_)
     (FloatExpr 58)
     (FloatExpr 599925))
    (VarExpr G)
    (CallExpr X3T.6M.)
    (IntExpr 5)
    (FloatExpr 0)
    (VarExpr Q)
    (FloatExpr 0)
    (IntExpr 68)
    (CallExpr v3y_6c_4R.)
    (VarExpr B)
    (FloatExpr 0)
    (IntExpr 0)
    (VarExpr H3e_))
   (IntExpr 91)
   (VarExpr z)
   (FloatExpr 0)
   (FloatExpr 0)
   (VarExpr x6b.3T_)
   (VarExpr H)
   (CallExpr P0L.)
   (IntExpr 64)
   (IntExpr 4)
   (FloatExpr 0)
   (FloatExpr 8919)
   (IntExpr 1)
   (IntExpr 98)
   (FloatExpr 84)
   (CallExpr o4r_8p_1R.0F.)
   (VarExpr t9u_)
   (CallExpr N3l_)
   (CallExpr t6u.3G. (VarExpr P0O_))
   (CallExpr
    r
    (IntExpr 7)
    (VarExpr q)
    (VarExpr o3l.2O.)
    (CallExpr f6Z.6D.8t_7V. (FloatExpr 0))
    (IntExpr 676835)
    (IntExpr 813))
   (FloatExpr 186)
   (CallExpr m9p.)
   (CallExpr a3T.1i.4f.6Q.)
   (CallExpr h2r.)
   (CallExpr x)
   (FloatExpr 2)
   (VarExpr T)
   (VarExpr a)
   (IntExpr 6)
   (CallExpr k2x.)
   (FloatExpr 0)
   (IntExpr 951)
   (IntExpr 92)
   (FloatExpr 0)
   (FloatExpr 324541)
   (VarExpr h0W_9F_8I.7c.6C_)
   (VarExpr A6E.9y_)
   (VarExpr J)
   (FloatExpr 71)
   (VarExpr L0x_6W_6Y_9R.3g_)
   (VarExpr p)
   (IntExpr 1)
   (VarExpr P)
   (VarExpr F)
   (FloatExpr 0)
   (VarExpr Z6S_)
   (FloatExpr 1)
   (IntExpr 5)
   (IntExpr 816)
   (VarExpr G4O_)
   (IntExpr 9)
   (VarExpr C4Y.8c.)
   (IntExpr 1)
   (VarExpr s7g.1v.5g_0U_4j.)
   (FloatExpr 0)
   (IntExpr 9)
   (CallExpr C (VarExpr G5J.4U_))
   (FloatExpr 4034812)
   (VarExpr a9Y.7E.0h_9j.1u_)
   (CallExpr n (VarExpr q) (FloatExpr 352219))
   (IntExpr 79)
   (CallExpr x (VarExpr e))
   (IntExpr 5)
   (CallExpr g5U. (CallExpr B9P.))
   (IntExpr 4)
   (FloatExpr 0)
   (FloatExpr 1010656)
   (CallExpr y0i_)
   (VarExpr p)
   (FloatExpr 51)
   (FloatExpr 0)
   (CallExpr Y2p.5h_)
   (VarExpr r5X_6T_)
   (VarExpr l8j_1b.0N_)
   (FloatExpr 0)
   (CallExpr W9H.7g. (FloatExpr 7))
   (FloatExpr 4)
   (IntExpr 7)
   (IntExpr 8)
   (IntExpr 4)
   (CallExpr n)
   (IntExpr 328)
   (CallExpr P9v_5O.6z_5e. (FloatExpr 9861800))
   (CallExpr G1e.)
   (FloatExpr 0)
   (FloatExpr 0)
   (VarExpr J)
   (VarExpr d4a.9H_1n_))))
(TimeCmd (ShowCmd (FloatExpr 0)))
(PrintCmd "3")
(TimeCmd (WriteImageCmd (VarExpr m3n.) "~"))
