(TimeCmd (StmtCmd (TimeCmd (StmtCmd (WriteImageCmd (FloatExpr 5) "{")))))
(WriteImageCmd (FloatExpr -9223372036854775808) "")
(StmtCmd (AssertStmt (CallExpr Z6t. (IntExpr 3)) ""))
(TimeCmd (StmtCmd (PrintCmd "")))
(TimeCmd (StmtCmd (TimeCmd (StmtCmd (PrintCmd "8zCe")))))
(TimeCmd (StmtCmd (ShowCmd (CallExpr e (IntExpr 22)))))
(ShowCmd (FloatExpr 39162))
(StmtCmd (ReturnStmt (IntExpr 8)))
