(ShowCmd
 (CallExpr
  h
  (FloatExpr 0)
  (CallExpr r6k.)
  (IntExpr 600)
  (IntExpr 2)
  (VarExpr k6r.)
  (CallExpr
   s
   (VarExpr f1s.)
   (CallExpr
    X
    (CallExpr
     Z7U.2M.3c.6W.
     (CallExpr
      x7h_
      (IntExpr 3226)
      (VarExpr s5J_0E.8H.3a_4s_)
      (IntExpr 2)
      (IntExpr 98)
      (FloatExpr 1546)
      (FloatExpr 4)
      (IntExpr 3)
      (FloatExpr 0)
      (IntExpr 6)
      (CallExpr Y (CallExpr d3S_ (IntExpr 59)))
      (VarExpr j)
      (FloatExpr 38)
      (CallExpr g9q_ (FloatExpr 0) (IntExpr 2))
      (VarExpr t)
      (VarExpr g8j.)
      (FloatExpr 59)
      (CallExpr e1J.3B_9r_)
      (IntExpr 5)
      (CallExpr
       s0H.
       (VarExpr G)
       (CallExpr E (VarExpr s) (VarExpr A8b.))
       (FloatExpr 0)
       (FloatExpr 94)
       (IntExpr 5)
       (FloatExpr 0)
       (CallExpr q)
       (IntExpr 5608)
       (CallExpr
        U2C_
        (VarExpr F)
        (CallExpr X5D. (IntExpr 9) (VarExpr x) (IntExpr 0))
        (CallExpr c6r.))
       (IntExpr 42)
       (VarExpr B7m_6J_2l.))
      (FloatExpr 61)
      (FloatExpr 0)
      (IntExpr 5)
      (FloatExpr 16)
      (FloatExpr 629)
      (VarExpr s)
      (VarExpr b)
      (FloatExpr 2)
      (VarExpr K4t_3b.1e.)
      (FloatExpr 97)
      (FloatExpr 0)
      (CallExpr H0x_9N.0V_ (CallExpr e3e.))
      (FloatExpr 0)
      (VarExpr k8r.)
      (CallExpr U3V_ (VarExpr H4g.3i.))
      (IntExpr 97)
      (CallExpr M)
      (VarExpr r7y_)
      (CallExpr
       g5V.
       (CallExpr y)
       (IntExpr 5)
       (VarExpr z2K_)
       (IntExpr 21)
       (FloatExpr 0)
       (VarExpr C)
       (CallExpr r)
       (FloatExpr 0)
       (VarExpr Y)
       (CallExpr j (VarExpr L))
       (CallExpr I (CallExpr A))
       (CallExpr E (FloatExpr 39))
       (CallExpr s)
       (VarExpr P)
       (VarExpr t)
       (IntExpr 811)
       (FloatExpr 1)
       (CallExpr v (FloatExpr 7310915))
       (VarExpr V)
       (CallExpr L (FloatExpr 0))
       (CallExpr w1n_4e.)
       (CallExpr v (VarExpr Y6d.))
       (CallExpr C)
       (CallExpr
        Y7C_
        (IntExpr 75)
        (FloatExpr 60993766321078)
        (CallExpr n (CallExpr L1g.) (CallExpr y))
        (VarExpr q)
        (FloatExpr 4))
       (VarExpr Y)
       (CallExpr v (VarExpr Q8o.))
       (IntExpr 9)
       (IntExpr 8)
       (CallExpr W7U. (CallExpr I (IntExpr 9))))
      (IntExpr 9)
      (IntExpr 9)
      (FloatExpr 0)
      (CallExpr U2x_ (VarExpr d) (FloatExpr 0))
      (FloatExpr 0)
      (FloatExpr 996)
      (VarExpr h)
      (FloatExpr 0)
      (VarExpr b7L_0o_3D.2m.)
      (IntExpr 49)
      (CallExpr
       H
       (IntExpr 46)
       (FloatExpr 0)
       (CallExpr o (FloatExpr 0) (CallExpr S1w.0i.) (VarExpr H) (FloatExpr 0))
       (FloatExpr 6)
       (VarExpr T)
       (FloatExpr 0)
       (VarExpr N)
       (IntExpr 7521)
       (IntExpr 29)
       (IntExpr 5)
       (CallExpr Z7i.7i.0K.)
       (VarExpr J0O_)
       (IntExpr 2)
       (FloatExpr 470)
       (CallExpr e (VarExpr d0t_3g_))
       (VarExpr w)
       (VarExpr v)
       (CallExpr E)
       (CallExpr Q (IntExpr 1))
       (CallExpr X1A.1V_)
       (VarExpr I3o.)
       (FloatExpr 3)
       (VarExpr k9B_7l.5M_)
       (IntExpr 17)
       (VarExpr Q)
       (VarExpr j2C_)
       (CallExpr L)
       (VarExpr w)
       (FloatExpr 98)
       (FloatExpr 0)
       (CallExpr z0N.1C_2s_4V.9c.1D. (FloatExpr 0) (VarExpr V))
       (CallExpr k6D_ (VarExpr h))
       (IntExpr 7)
       (VarExpr G)
       (IntExpr 6)
       (VarExpr j)
       (FloatExpr 0)
       (CallExpr e)
       (IntExpr 64)
       (VarExpr C)
       (FloatExpr 291)
       (CallExpr D9S. (FloatExpr 656651))
       (FloatExpr 146894203)
       (VarExpr I5N_8z.)
       (IntExpr 79455)
       (VarExpr X)
       (VarExpr D)
       (VarExpr m1M.)
       (IntExpr 7)
       (FloatExpr 0)
       (CallExpr W5y. (FloatExpr 0) (FloatExpr 0) (CallExpr W7u_6O_))
       (FloatExpr 8)
       (CallExpr V (IntExpr 1))
       (CallExpr
        t
        (FloatExpr 5)
        (IntExpr 41)
        (FloatExpr 0)
        (FloatExpr 0)
        (CallExpr i)
        (IntExpr 6)
        (FloatExpr 0)
        (VarExpr z2E.9W.)
        (VarExpr V)
        (IntExpr 5))
       (IntExpr 5)
       (VarExpr d)
       (VarExpr a3i.5D.)
       (CallExpr j6y_0E.6Q_)
       (IntExpr 3)
       (IntExpr 90)
       (FloatExpr 0)
       (VarExpr f4K_7Z.))
      (FloatExpr 0)
      (VarExpr D1r_)
      (FloatExpr 0)
      (CallExpr G4y_8A.6T_5f_7o.4G_)
      (VarExpr k)
      (CallExpr E2O.))
     (VarExpr x)
     (IntExpr 94)))
   (FloatExpr 183)
   (FloatExpr 0)
   (IntExpr 0)
   (FloatExpr 147785)
   (FloatExpr 0)
   (FloatExpr 0)
   (IntExpr 6)
   (CallExpr L7L.2r.1m.6U_)
   (CallExpr Z5k.)
   (IntExpr 42)
   (IntExpr 5)
   (VarExpr y0M_)
   (VarExpr f9s.))
  (IntExpr 9)
  (IntExpr 23)
  (FloatExpr 3265)
  (VarExpr W7Q.4A_5a.)
  (CallExpr B2u_5R_5I_7d_ (CallExpr W))
  (VarExpr D1J_1e_3a_8W.)
  (VarExpr F)
  (VarExpr I8l.)
  (IntExpr 2)
  (IntExpr 3)
  (FloatExpr 0)
  (VarExpr s9L_5J.6D_8M.)
  (IntExpr 1)
  (CallExpr a (IntExpr 643))))
(ReadImageCmd "" (VarArgument g))
(ReadImageCmd "" (VarArgument P5H.2j_))
(ReadImageCmd ".v" (VarArgument m8y_2s.))
(ShowCmd (IntExpr 33))
(TimeCmd (StmtCmd (WriteImageCmd (VarExpr R4d_5l_4y_3L.0E_5s.) "")))
(PrintCmd "H")
(ReadImageCmd "" (VarArgument h5K_))
(TimeCmd (StmtCmd (TimeCmd (StmtCmd (PrintCmd "2")))))
(TimeCmd (StmtCmd (ReadImageCmd "" (VarArgument t))))
(ShowCmd (IntExpr 0))
(PrintCmd "")
(PrintCmd "")
