(PrintCmd "")
(TimeCmd
 (TimeCmd
  (TimeCmd
   (LetStmt (ArgLValue (VarArgument X6o_0I.4H.)) (CallExpr e6L_8s_1f_)))))
(TimeCmd (PrintCmd "f"))
(WriteImageCmd (FloatExpr 97438) "[")
(ShowCmd
 (CallExpr
  h
  (IntExpr 7)
  (CallExpr Q)
  (VarExpr d5a.)
  (CallExpr G9V. (VarExpr D8S_7B.8B.))
  (IntExpr 2640)
  (CallExpr r9u. (IntExpr 83))
  (FloatExpr 4230666)
  (FloatExpr 0)
  (FloatExpr 4114771)
  (VarExpr L)
  (FloatExpr 0)
  (CallExpr r5z_ (VarExpr F))
  (FloatExpr 859)
  (CallExpr D)
  (IntExpr 393)
  (VarExpr B7j_9V.)
  (IntExpr 27)
  (IntExpr 231)
  (CallExpr w)
  (CallExpr l)))
