(PrintCmd "")
(WriteImageCmd (IntExpr 54) "")
(StmtCmd (ReturnStmt (FloatExpr 573836)))
(StmtCmd (AssertStmt (VarExpr j5m.8V_) ""))
(TimeCmd (StmtCmd (ReadImageCmd "" (VarArgument G))))
(WriteImageCmd (FloatExpr 7260442) "J@_i#wFJ")
(StmtCmd (LetStmt (ArgLValue (VarArgument n6I.5V_7q_2A.6C.6V.)) (VarExpr T)))
(ShowCmd (IntExpr 0))
(StmtCmd (ReturnStmt (FloatExpr 10)))
(TimeCmd (StmtCmd (WriteImageCmd (IntExpr 0) "R")))
(ShowCmd (IntExpr 84))
(PrintCmd "Y")
(PrintCmd "")
(WriteImageCmd (FloatExpr 0) "")
(ReadImageCmd "i'" (VarArgument v))
(StmtCmd (LetStmt (ArgLValue (VarArgument D8n_3k_)) (CallExpr P0W_)))
(ReadImageCmd "" (VarArgument N1H.4R_))
(StmtCmd (LetStmt (ArgLValue (VarArgument M1c.)) (FloatExpr 0)))
(StmtCmd (ReturnStmt (FloatExpr 0)))
