(ReadImageCmd "H" (VarArgument J))
(TimeCmd (StmtCmd (PrintCmd "o")))
(TimeCmd (StmtCmd (ShowCmd (VarExpr u9k_7C.5N_))))
(PrintCmd "+cs")
(ReadImageCmd "fv" (VarArgument J4e_8U.))
(ShowCmd
 (CallExpr
  r7n.
  (CallExpr
   v4p_9H_0q_
   (VarExpr a)
   (CallExpr x8J.)
   (CallExpr
    X
    (FloatExpr 3721038552)
    (CallExpr C7J. (FloatExpr 0) (FloatExpr 801) (VarExpr x8x_9A_)))
   (CallExpr f2G. (VarExpr x) (IntExpr 2))
   (VarExpr c4a_6c_6o.9S_6n.)
   (CallExpr u))
  (FloatExpr 2037478)
  (FloatExpr 0)
  (VarExpr f)))
