(StmtCmd (ReturnStmt (VarExpr R)))
(PrintCmd "")
(TimeCmd (StmtCmd (PrintCmd "")))
(StmtCmd (ReturnStmt (FloatExpr 0)))
(ShowCmd (CallExpr Y))
(PrintCmd "")
(ReadImageCmd "s,+^" (VarArgument o7x.))
(TimeCmd (StmtCmd (WriteImageCmd (IntExpr 3) "")))
(WriteImageCmd (VarExpr q) ";")
(ShowCmd (CallExpr M))
(ReadImageCmd "" (VarArgument H9f.9O_))
(StmtCmd (AssertStmt (IntExpr 3) "_["))
(ShowCmd (IntExpr 95))
(WriteImageCmd (CallExpr J6i.9h_) "bu")
