(ShowCmd (FloatExpr 0))
(TimeCmd (StmtCmd (PrintCmd "")))
(StmtCmd (LetStmt (ArgLValue (VarArgument D)) (CallExpr y9u_3z_)))
(WriteImageCmd (CallExpr g2R_3r_2A_4n_) "")
(TimeCmd (StmtCmd (ReadImageCmd "" (VarArgument h))))
(StmtCmd (LetStmt (ArgLValue (VarArgument P)) (FloatExpr 0)))
(PrintCmd "s")
(WriteImageCmd (VarExpr s4D_9T.) "2")
(StmtCmd (AssertStmt (VarExpr m4O.5j_1z.1W_) ""))
(ReadImageCmd "8#H" (VarArgument V7I_5D.6V_))
(ReadImageCmd "QF" (VarArgument l7i_))
(PrintCmd "Z")
(ReadImageCmd ",^L" (VarArgument O))
