(StmtCmd (LetStmt (ArgLValue (VarArgument B9P_)) (VarExpr S5E.)))
(PrintCmd "")
(WriteImageCmd (FloatExpr 0) "")
(ReadImageCmd "" (VarArgument v))
(PrintCmd "%rb")
(TimeCmd (LetStmt (ArgLValue (VarArgument s)) (IntExpr 5)))
(PrintCmd "")
(WriteImageCmd (CallExpr W) "")
(StmtCmd
 (LetStmt
  (ArgLValue (VarArgument I8j_5u.1P.))
  (CallExpr P7o. (CallExpr E9P. (IntExpr 75128) (VarExpr o5J.7O_)))))
(WriteImageCmd (FloatExpr 320) "")
(StmtCmd (ReturnStmt (VarExpr E8a_4N_0R_)))
