(StmtCmd (ReturnStmt (FloatExpr 0)))
(PrintCmd ";vD")
(ShowCmd (FloatExpr 0))
(ShowCmd (IntExpr 303))
(TimeCmd (WriteImageCmd (VarExpr O) ""))
(ShowCmd (CallExpr W))
(ReadImageCmd "#{" (VarArgument J5X_))
(ShowCmd (FloatExpr 25))
(PrintCmd "")
(ShowCmd (FloatExpr 9262))
(TimeCmd (AssertStmt (CallExpr n) "r"))
(TimeCmd (WriteImageCmd (VarExpr U4Z_7L_) "3U"))
(ReadImageCmd "]" (VarArgument t9n_))
(ReadImageCmd "" (VarArgument a))
(ShowCmd (IntExpr 11))
