(WriteImageCmd (CallExpr R5k.6O_) "v")
(WriteImageCmd (VarExpr X) "")
(PrintCmd "E")
(TimeCmd (StmtCmd (AssertStmt (CallExpr k) "")))
(ShowCmd (VarExpr u))
(WriteImageCmd (FloatExpr 0) "NV")
(WriteImageCmd (FloatExpr 0) "")
(ReadImageCmd "" (VarArgument R))
(WriteImageCmd (IntExpr 1) "")
(PrintCmd "")
(TimeCmd (StmtCmd (ReadImageCmd "c" (VarArgument m))))
(ReadImageCmd "" (VarArgument q))
