(ShowCmd (CallExpr C2Q.))
(ShowCmd (VarExpr z0I_9A_))
(StmtCmd (ReturnStmt (CallExpr T0p_ (CallExpr e))))
(ShowCmd (CallExpr M))
(WriteImageCmd (FloatExpr 92448) "")
(PrintCmd "")
(TimeCmd (StmtCmd (LetStmt (ArgLValue (VarArgument V8a.)) (IntExpr 56))))
(ReadImageCmd "M" (VarArgument p))
(TimeCmd (StmtCmd (PrintCmd "")))
(ShowCmd (FloatExpr 18237451085))
(StmtCmd (AssertStmt (FloatExpr 0) "qE"))
(TimeCmd (StmtCmd (AssertStmt (VarExpr Z6P.8R_) "VS")))
(StmtCmd (LetStmt (ArgLValue (VarArgument c7W.7F_)) (FloatExpr 1567)))
(PrintCmd "")
(ReadImageCmd "&" (VarArgument l7W_))
(WriteImageCmd (VarExpr l) "")
(WriteImageCmd (VarExpr r) "")
