(ShowCmd (FloatExpr 0))
(WriteImageCmd (IntExpr 29) "")
(StmtCmd (LetStmt (ArgLValue (VarArgument S)) (IntExpr 98)))
(StmtCmd (ReturnStmt (VarExpr u2H.)))
(TimeCmd (StmtCmd (ShowCmd (CallExpr t))))
(StmtCmd (ReturnStmt (IntExpr 64)))
(StmtCmd (AssertStmt (VarExpr P2I_) ""))
(PrintCmd "=")
(ReadImageCmd "Y" (VarArgument r))
