(ReadImageCmd "" (VarArgument Z0R.5X_8D_))
(ShowCmd (VarExpr i))
(StmtCmd (ReturnStmt (FloatExpr 0)))
(WriteImageCmd (IntExpr 48722) "~")
(WriteImageCmd (VarExpr X) "")
(WriteImageCmd (VarExpr Q4f.) "")
(TimeCmd (StmtCmd (ShowCmd (IntExpr 2))))
(StmtCmd (AssertStmt (IntExpr 7) ""))
(TimeCmd (StmtCmd (PrintCmd "h")))
(ShowCmd (FloatExpr 20))
(WriteImageCmd (CallExpr Z1Q.) "p&")
(ReadImageCmd "mo" (VarArgument u))
(StmtCmd (AssertStmt (IntExpr 285) ""))
(ShowCmd (FloatExpr 44799))
(ReadImageCmd "" (VarArgument q))
(ReadImageCmd "YV" (VarArgument F1Q.2H_))
(ReadImageCmd "" (VarArgument Q8j_))
(ReadImageCmd "w" (VarArgument y4n.6l_))
(TimeCmd (StmtCmd (WriteImageCmd (IntExpr 1) "")))
