(WriteImageCmd (CallExpr b2Y. (VarExpr V3j.7V_4j.)) "Y")
(WriteImageCmd (CallExpr s) "")
(TimeCmd (StmtCmd (ShowCmd (FloatExpr 0))))
(PrintCmd "")
(ShowCmd (FloatExpr 0))
(WriteImageCmd (IntExpr 1) "")
(TimeCmd (StmtCmd (ReadImageCmd "" (VarArgument W4q.))))
(TimeCmd (StmtCmd (WriteImageCmd (CallExpr u3q. (CallExpr L7c.)) "U")))
(ShowCmd (IntExpr 24))
(StmtCmd (AssertStmt (VarExpr Q) ""))
(TimeCmd (StmtCmd (ReadImageCmd "" (VarArgument o8K_))))
(WriteImageCmd (FloatExpr 9) "1Vn")
(ReadImageCmd "(" (VarArgument S))
(ShowCmd (CallExpr J1X.))
(TimeCmd (StmtCmd (TimeCmd (StmtCmd (AssertStmt (FloatExpr 0) "")))))
(ReadImageCmd "" (VarArgument D3O.0I_2m_))
