(ShowCmd (CallExpr c0k.9s_))
(StmtCmd (ReturnStmt (FloatExpr 60)))
(WriteImageCmd (CallExpr b) "4")
(StmtCmd (LetStmt (ArgLValue (VarArgument a)) (IntExpr 3)))
(StmtCmd (AssertStmt (FloatExpr 0) ""))
(TimeCmd (StmtCmd (AssertStmt (VarExpr p4S_0v.) "0")))
(TimeCmd
 (StmtCmd
  (WriteImageCmd
   (CallExpr
    E
    (FloatExpr 986)
    (FloatExpr 0)
    (IntExpr 62)
    (IntExpr 63432)
    (FloatExpr 1)
    (FloatExpr 5924)
    (CallExpr S5R.0q. (IntExpr 68))
    (IntExpr 200921))
   "")))
(TimeCmd (StmtCmd (PrintCmd "n|")))
(PrintCmd "")
(StmtCmd (ReturnStmt (CallExpr h)))
