(WriteImageCmd (FloatExpr 0) ".")
(TimeCmd (StmtCmd (ReadImageCmd "" (VarArgument w))))
(TimeCmd (StmtCmd (ReturnStmt (VarExpr B6n_2g_8p.))))
(StmtCmd (LetStmt (ArgLValue (VarArgument g)) (VarExpr v)))
(ReadImageCmd "<P" (VarArgument f))
(ShowCmd (FloatExpr 28))
(StmtCmd (AssertStmt (VarExpr o8g.) "#x{.X"))
(ReadImageCmd "" (VarArgument C8S_))
(TimeCmd (StmtCmd (WriteImageCmd (FloatExpr 31818) "")))
(WriteImageCmd (IntExpr 3765) "")
(StmtCmd (ReturnStmt (VarExpr o)))
(ShowCmd
 (CallExpr
  z1n.3h_5q.3v.
  (CallExpr s4m_ (VarExpr f7R.) (VarExpr h))
  (FloatExpr 3)
  (CallExpr L (VarExpr P5n.2k_9h_4u.))))
(ReadImageCmd "" (VarArgument R9o_))
(WriteImageCmd
 (CallExpr m0I.1d_9H.4U.7F. (VarExpr R9f.1x_3B.6y_5v_7o_3h_3G_0K_))
 "P")
(PrintCmd "8B")
(ShowCmd (CallExpr U6s.5B_ (IntExpr 76)))
