(PrintCmd ")")
(TimeCmd (ReadImageCmd "" (VarArgument n5j_4s.8Q.)))
(TimeCmd (TimeCmd (AssertStmt (CallExpr I) "")))
(ShowCmd (VarExpr r3y.))
(PrintCmd "U+")
(WriteImageCmd (CallExpr K9v_7Z_4g_2T.2U. (VarExpr m)) "9E")
(ShowCmd (CallExpr w9t.0w_9V.8Z_1v. (IntExpr 58)))
(StmtCmd (ReturnStmt (IntExpr 33)))
(TimeCmd (ShowCmd (CallExpr v4q_3N. (CallExpr K1Z. (VarExpr e3z.8O_0V.)))))
