(StmtCmd (AssertStmt (CallExpr N (CallExpr F9W.)) ""))
(PrintCmd "")
(WriteImageCmd (VarExpr t) "v")
(TimeCmd (StmtCmd (LetStmt (ArgLValue (VarArgument w)) (IntExpr 4))))
(ShowCmd (VarExpr e0E_))
(PrintCmd "W")
(StmtCmd (AssertStmt (FloatExpr 0) "t"))
(WriteImageCmd (VarExpr a2j.) "")
(PrintCmd "^<E")
(PrintCmd ",")
(StmtCmd (AssertStmt (CallExpr P6b.) ""))
(PrintCmd "")
(WriteImageCmd (FloatExpr 74514501378) "f_")
(ReadImageCmd "" (VarArgument R))
(ShowCmd (CallExpr D9Z_ (FloatExpr 0)))
(StmtCmd (ReturnStmt (IntExpr 1)))
(ShowCmd (FloatExpr 0))
(WriteImageCmd (VarExpr v) "n")
(TimeCmd (StmtCmd (ReadImageCmd "" (VarArgument e))))
