(TimeCmd (ReturnStmt (VarExpr f0M.6W_3Q.1f_)))
(TimeCmd (TimeCmd (ReadImageCmd "" (VarArgument w9m_9E_6z.))))
(WriteImageCmd (IntExpr 7) "&l")
(ShowCmd (CallExpr n1y_2J_))
(StmtCmd (AssertStmt (FloatExpr 8) ""))
(ShowCmd (IntExpr 5615))
(ReadImageCmd "f" (VarArgument G))
(PrintCmd "")
(ShowCmd (VarExpr l0p.))
(StmtCmd (LetStmt (ArgLValue (VarArgument Z4U.)) (VarExpr p)))
(StmtCmd (AssertStmt (CallExpr e) "6"))
(TimeCmd (PrintCmd ""))
(WriteImageCmd (IntExpr 695) "")
(StmtCmd (ReturnStmt (VarExpr L)))
(StmtCmd
 (LetStmt
  (ArgLValue (VarArgument u8e_6u.))
  (CallExpr
   n4j_
   (VarExpr t4T.)
   (CallExpr E)
   (CallExpr m4f.7G_ (IntExpr 65278) (CallExpr A3U.7w_7g.))
   (FloatExpr 798))))
