(StmtCmd (AssertStmt (FloatExpr 44) ""))
(ShowCmd (FloatExpr 215))
(StmtCmd (LetStmt (ArgLValue (VarArgument L)) (VarExpr z1D.2O_)))
(ReadImageCmd "" (VarArgument M))
(TimeCmd (ReadImageCmd "}" (VarArgument Q)))
(ShowCmd (FloatExpr 0))
(WriteImageCmd (IntExpr 14) "")
(ShowCmd (CallExpr F))
(StmtCmd (LetStmt (ArgLValue (VarArgument K7b_)) (FloatExpr 0)))
(PrintCmd "u")
(TimeCmd (AssertStmt (FloatExpr 9965) "T"))
(ReadImageCmd "h6F1" (VarArgument r9E_3X.1W_))
(ReadImageCmd "" (VarArgument D))
(StmtCmd (ReturnStmt (IntExpr 75)))
(ReadImageCmd "a" (VarArgument t1Y.))
(ReadImageCmd "c" (VarArgument c9O_2y_))
