(TimeCmd (StmtCmd (PrintCmd "R")))
(TimeCmd (StmtCmd (WriteImageCmd (FloatExpr 84999) "lq")))
(ShowCmd (FloatExpr 6213452302100))
(WriteImageCmd (FloatExpr 0) "o")
(StmtCmd (AssertStmt (IntExpr 0) ""))
(TimeCmd (StmtCmd (ReadImageCmd "2" (VarArgument t))))
(ShowCmd (FloatExpr 0))
(PrintCmd "")
(TimeCmd (StmtCmd (TimeCmd (StmtCmd (WriteImageCmd (CallExpr P) "")))))
