(ReadImageCmd "8i" (VarArgument y0G_3n.4L_))
(PrintCmd "Y")
(StmtCmd (LetStmt (ArgLValue (VarArgument P)) (VarExpr R8C_5y.0v_)))
(TimeCmd
 (StmtCmd
  (ShowCmd
   (CallExpr
    e3c.
    (CallExpr
     n8H.
     (VarExpr l1H.)
     (VarExpr b2F_)
     (CallExpr I)
     (VarExpr p5Y.)
     (CallExpr v6A_ (VarExpr n))
     (VarExpr F)
     (IntExpr 832)
     (CallExpr h0I.)
     (CallExpr
      I
      (VarExpr J)
      (VarExpr R)
      (FloatExpr 129650666243)
      (IntExpr 39)
      (FloatExpr 0)
      (VarExpr S)
      (IntExpr 53)
      (CallExpr h2G_7E_)
      (IntExpr 8)
      (IntExpr 6)
      (FloatExpr 4)
      (CallExpr
       h5m.
       (CallExpr y9I. (FloatExpr 2))
       (CallExpr H)
       (FloatExpr 852))
      (VarExpr z4G.8l_9d.6y_7I_1w_)
      (CallExpr t (FloatExpr 262))
      (FloatExpr 0)
      (FloatExpr 0))
     (CallExpr
      A4e.
      (IntExpr 2)
      (IntExpr 8)
      (IntExpr 9)
      (CallExpr D)
      (IntExpr 5)
      (FloatExpr 0)
      (IntExpr 7)
      (IntExpr 7)
      (IntExpr 59)
      (VarExpr A4l.9D_8j.)
      (CallExpr S6S.)
      (CallExpr
       g
       (FloatExpr 465)
       (IntExpr 322208)
       (FloatExpr 8074)
       (IntExpr 93))
      (VarExpr d)
      (FloatExpr 70423)
      (IntExpr 2)
      (FloatExpr 68)
      (FloatExpr 0)
      (IntExpr 55)
      (IntExpr 71)
      (CallExpr M9g.7K_4Y.)
      (VarExpr L)
      (CallExpr g4n.7C.)
      (IntExpr 8)
      (VarExpr o6g_5I_)
      (IntExpr 3))
     (FloatExpr 0)
     (VarExpr x)
     (FloatExpr 0)
     (CallExpr P5w. (CallExpr K))
     (FloatExpr 0)
     (CallExpr s (FloatExpr 0))
     (VarExpr f)
     (VarExpr J8p_8K.8l.1T.3l.)
     (VarExpr p4r.1T.5m.8g.5v_2f_)
     (CallExpr P (CallExpr K5L_) (IntExpr 811))
     (VarExpr j8j_4P_)
     (CallExpr F)
     (VarExpr I2b_5R_)
     (IntExpr 2)
     (IntExpr 7)
     (FloatExpr 4134)
     (IntExpr 3)
     (IntExpr 0)
     (CallExpr h (VarExpr r))
     (VarExpr k)
     (CallExpr Z (VarExpr u))
     (VarExpr l3h.1U_4j.0e.)
     (CallExpr Q4S_7M.5i.2o.7U.)
     (VarExpr O)
     (IntExpr 9)
     (IntExpr 4)
     (FloatExpr 0)
     (IntExpr 9)
     (IntExpr 9)
     (IntExpr 8)
     (CallExpr P3R. (IntExpr 3))
     (FloatExpr 0)
     (IntExpr 2)
     (IntExpr 7)
     (FloatExpr 63)
     (IntExpr 5)
     (FloatExpr 919)
     (CallExpr
      S8u_8b.
      (CallExpr z0p_ (IntExpr 8))
      (VarExpr a8U.)
      (CallExpr G)
      (FloatExpr 0)
      (VarExpr I)
      (FloatExpr 57306492)
      (CallExpr
       Q3D.
       (IntExpr 2)
       (CallExpr P)
       (IntExpr 3)
       (CallExpr b7c.7u_9X_ (VarExpr g))
       (VarExpr A6I.)
       (CallExpr A)
       (IntExpr 8)
       (CallExpr O3K. (IntExpr 1))
       (VarExpr K)
       (IntExpr 1)
       (FloatExpr 26)
       (IntExpr 5)
       (IntExpr 3)
       (VarExpr B)
       (VarExpr y)
       (IntExpr 2)
       (VarExpr g)
       (CallExpr S)
       (CallExpr n5m.)
       (FloatExpr 0))
      (FloatExpr 0))
     (VarExpr U3z_)
     (FloatExpr 0)
     (FloatExpr 2600)
     (CallExpr s)
     (VarExpr H)
     (CallExpr c2c.8e. (CallExpr m))
     (CallExpr X6s.)
     (CallExpr l4a_3Y.6n_ (VarExpr S))
     (CallExpr
      A
      (IntExpr 0)
      (VarExpr c)
      (VarExpr E3k_)
      (IntExpr 9)
      (CallExpr F)
      (VarExpr m6r_)
      (CallExpr E (FloatExpr 398) (CallExpr k (CallExpr D)))
      (CallExpr T5U.5q_ (VarExpr S8Y_2N.5N_9l.3m_))
      (FloatExpr 0)
      (FloatExpr 0)
      (IntExpr 4)
      (VarExpr E)
      (VarExpr W)
      (CallExpr P5K. (CallExpr D (CallExpr r)) (FloatExpr 0) (IntExpr 567))
      (IntExpr 4)
      (VarExpr Z9u.6k.6H_)
      (IntExpr 3)
      (FloatExpr 5)
      (FloatExpr 0)
      (CallExpr
       O1R_6Q_8g.7e.9f.4S_
       (CallExpr d4x.)
       (CallExpr T)
       (FloatExpr 796)
       (CallExpr a9r.)
       (CallExpr j0G.5s.0y.3U.)
       (IntExpr 28))
      (IntExpr 1)
      (FloatExpr 0)
      (CallExpr x1g.)
      (IntExpr 2)
      (VarExpr q6K.2k.)
      (CallExpr s4A_)
      (VarExpr T)
      (VarExpr q)
      (CallExpr y)
      (FloatExpr 0)
      (CallExpr T5G.)
      (IntExpr 2)
      (FloatExpr 0)
      (CallExpr s3u.)
      (VarExpr B5d.2V.)
      (FloatExpr 0)
      (FloatExpr 254901)
      (CallExpr
       b9B_4r_
       (IntExpr 7)
       (VarExpr m)
       (VarExpr S9D_1W_1F.7Y_1M_)
       (VarExpr r6H_6V_)
       (VarExpr Y))
      (CallExpr P4J_)
      (VarExpr W)
      (FloatExpr 21033340)
      (VarExpr l)
      (CallExpr o)
      (VarExpr G)
      (VarExpr O)
      (CallExpr t2B_1m_)
      (CallExpr h)
      (IntExpr 12)
      (FloatExpr 0)
      (CallExpr l)
      (IntExpr 8)
      (CallExpr f)
      (VarExpr u)
      (VarExpr x3s.)
      (FloatExpr 0)
      (FloatExpr 6)
      (VarExpr g)
      (CallExpr x5L_3f_1E_7v_)
      (VarExpr p)
      (IntExpr 7)
      (VarExpr I1e.8x.)
      (VarExpr v)
      (FloatExpr 0)
      (FloatExpr 0)
      (CallExpr K (IntExpr 27))
      (VarExpr h))
     (IntExpr 5)
     (VarExpr t4z.)
     (CallExpr h2T_)
     (VarExpr H6S.)
     (VarExpr x4t.4w_6J.1e.4N.)
     (IntExpr 8)
     (FloatExpr 49059785251302)
     (VarExpr u)
     (FloatExpr 0)
     (IntExpr 4)
     (IntExpr 7)
     (FloatExpr 7)
     (IntExpr 2)
     (IntExpr 40)
     (FloatExpr 89)
     (FloatExpr 9)
     (FloatExpr 2285)
     (FloatExpr 8)
     (CallExpr e (IntExpr 1))
     (FloatExpr 379481)
     (IntExpr 4)
     (CallExpr M)
     (IntExpr 178)
     (IntExpr 42879)
     (IntExpr 26)
     (IntExpr 69)
     (VarExpr z)
     (CallExpr
      a2m_
      (IntExpr 530078)
      (FloatExpr 0)
      (CallExpr L0G_7z_9Q_2b. (VarExpr n2j_) (FloatExpr 0) (CallExpr z9D_3w_))
      (IntExpr 4)
      (IntExpr 84)
      (FloatExpr 0)
      (IntExpr 6)
      (CallExpr G4p.9f.7j.)
      (CallExpr w1h.7X.))
     (IntExpr 585))
    (CallExpr b4r.6x.)
    (IntExpr 1)
    (IntExpr 81)
    (CallExpr h0U.9q_ (CallExpr A2Q.))
    (IntExpr 41)))))
(StmtCmd (AssertStmt (IntExpr 27) "#@X"))
(ShowCmd (CallExpr U6m. (CallExpr J)))
(WriteImageCmd
 (CallExpr
  j4p.8D_
  (VarExpr w1D.)
  (VarExpr Y)
  (CallExpr
   k
   (CallExpr b (FloatExpr 0))
   (FloatExpr 2)
   (CallExpr Q8O_0f_9L_5o.8Q.7l.)
   (FloatExpr 0)
   (VarExpr J3B_6n.8o_4E_3F_8J_)
   (CallExpr j)
   (FloatExpr 5)
   (IntExpr 4)
   (CallExpr
    j
    (CallExpr
     k
     (FloatExpr 66)
     (VarExpr y8V_)
     (FloatExpr 0)
     (CallExpr c)
     (VarExpr g)
     (FloatExpr -9223372036854775808)
     (FloatExpr 0)
     (VarExpr Q5f.)
     (CallExpr
      z1V_0q_2u_5d.
      (VarExpr C)
      (VarExpr g)
      (CallExpr A0t.)
      (FloatExpr 0)
      (CallExpr e2t_9d_0f. (CallExpr C (VarExpr Y))))
     (FloatExpr 0)
     (VarExpr V7t_)
     (FloatExpr 0)
     (VarExpr C))
    (CallExpr F (CallExpr t8W.7u.) (IntExpr 0) (CallExpr T5i_5N.)))
   (VarExpr g)
   (FloatExpr 0)
   (FloatExpr 0)
   (IntExpr 9)
   (CallExpr
    c
    (CallExpr
     o
     (FloatExpr 0)
     (IntExpr 5)
     (CallExpr f3p_)
     (FloatExpr -9223372036854775808)
     (FloatExpr 0)
     (CallExpr d0c.0d_ (VarExpr B))
     (CallExpr
      H
      (CallExpr
       X
       (IntExpr 2)
       (VarExpr X6d_6E_9z_9c.6M_6A_7r.)
       (VarExpr L4q_)
       (VarExpr d)
       (IntExpr 61)))
     (CallExpr
      R5A_8s.8l_
      (CallExpr n)
      (IntExpr 8)
      (FloatExpr 0)
      (IntExpr 6)
      (FloatExpr 0))))
   (VarExpr n)
   (IntExpr 212)
   (CallExpr r3e.)
   (CallExpr r (CallExpr I0U.) (IntExpr 3))
   (IntExpr 0)
   (CallExpr d0S.9l_ (CallExpr N))
   (FloatExpr 9725346840513)
   (FloatExpr 48)
   (CallExpr
    U0X_2u_8e.
    (CallExpr H8D.5S_ (IntExpr 10560))
    (FloatExpr 0)
    (VarExpr S8n.)
    (CallExpr M (VarExpr l4X_) (FloatExpr 0) (IntExpr 81))
    (CallExpr t8X_ (FloatExpr 1029))
    (CallExpr L8h.3d_ (IntExpr 31))
    (FloatExpr 256)
    (FloatExpr 0)
    (VarExpr n6c_))
   (IntExpr 8)
   (FloatExpr 3434024)
   (IntExpr 1)
   (VarExpr l5U.6f_)
   (VarExpr i)
   (FloatExpr 26))
  (CallExpr n)
  (VarExpr N4Z_5I.3w_3Z.)
  (CallExpr f)
  (CallExpr Z1j. (IntExpr 5))
  (VarExpr e)
  (FloatExpr 3)
  (IntExpr 80)
  (IntExpr 450376)
  (IntExpr 4256077)
  (IntExpr 5)
  (VarExpr q)
  (FloatExpr 65)
  (FloatExpr 0)
  (IntExpr 984)
  (IntExpr 3)
  (IntExpr 770632)
  (CallExpr A0U_0U.)
  (IntExpr 937)
  (IntExpr 6)
  (CallExpr E (VarExpr V1R.3o_9A_) (IntExpr 8))
  (VarExpr U0R_)
  (CallExpr h3Z_7s. (IntExpr 0) (FloatExpr 0))
  (FloatExpr 0)
  (CallExpr X (FloatExpr 0))
  (IntExpr 5)
  (VarExpr R7b.)
  (IntExpr 103)
  (CallExpr g2g_)
  (VarExpr o)
  (VarExpr y)
  (FloatExpr 17)
  (IntExpr 49)
  (VarExpr H3V_0U_)
  (IntExpr 71)
  (VarExpr r3d.4M_)
  (VarExpr T)
  (FloatExpr 0)
  (IntExpr 8)
  (FloatExpr 0)
  (IntExpr 2)
  (FloatExpr 0)
  (FloatExpr 0)
  (VarExpr R0f.7J.)
  (CallExpr q1o_1M.0f. (FloatExpr 0))
  (IntExpr 24784)
  (FloatExpr 411)
  (CallExpr n5c_3N. (VarExpr G))
  (CallExpr q2y_4X.2G_)
  (VarExpr B)
  (VarExpr I)
  (CallExpr n8K.4E.)
  (VarExpr R)
  (VarExpr l)
  (FloatExpr 46648702)
  (CallExpr d (CallExpr X9l_7n.1B_0N_6s.5K_2p_ (VarExpr S)))
  (VarExpr A8V_5r_)
  (FloatExpr 8538906)
  (CallExpr a1u_1w_)
  (IntExpr 1)
  (CallExpr z6h_)
  (CallExpr g)
  (CallExpr p2N.3l.0Z.)
  (CallExpr B3i_ (CallExpr D (IntExpr 2)))
  (CallExpr K (FloatExpr 0))
  (CallExpr W3v.)
  (VarExpr s)
  (IntExpr 1)
  (FloatExpr 0)
  (IntExpr 6)
  (FloatExpr 7)
  (VarExpr f8a.6V.7y.)
  (FloatExpr 0)
  (CallExpr p2n.)
  (IntExpr 7)
  (VarExpr i0w_)
  (CallExpr T)
  (IntExpr 7)
  (IntExpr 54619)
  (VarExpr b8h.)
  (FloatExpr 0)
  (IntExpr 3)
  (VarExpr X4e.)
  (IntExpr 2)
  (IntExpr 49)
  (CallExpr D)
  (CallExpr o)
  (FloatExpr 0)
  (FloatExpr 0)
  (VarExpr J8q_4l_1y_)
  (IntExpr 5)
  (FloatExpr 7416)
  (CallExpr f2a_1y.3d_ (FloatExpr 4))
  (VarExpr n5z_0e_)
  (FloatExpr 0)
  (FloatExpr 3)
  (CallExpr a8Y_0V.2Z_)
  (VarExpr n)
  (VarExpr c)
  (IntExpr 6)
  (FloatExpr 0)
  (VarExpr V)
  (IntExpr 7)
  (IntExpr 54)
  (IntExpr 8514)
  (FloatExpr 957)
  (IntExpr 4)
  (CallExpr Y2F.3C. (IntExpr 33))
  (FloatExpr 0)
  (CallExpr t6k.)
  (VarExpr O9Y.)
  (IntExpr 1)
  (FloatExpr 6)
  (VarExpr F)
  (IntExpr 5)
  (FloatExpr 0)
  (CallExpr J)
  (CallExpr N0v_1j_6C_8I.)
  (IntExpr 3)
  (CallExpr l)
  (FloatExpr 0)
  (FloatExpr 0)
  (FloatExpr 0)
  (VarExpr x5K.)
  (IntExpr 0)
  (VarExpr R)
  (VarExpr W)
  (FloatExpr 8039367598797461)
  (VarExpr w)
  (IntExpr 80)
  (FloatExpr 0)
  (VarExpr f)
  (FloatExpr 7)
  (CallExpr h (IntExpr 4) (CallExpr t) (FloatExpr 20255130) (IntExpr 5684))
  (VarExpr j)
  (VarExpr o)
  (FloatExpr 0)
  (VarExpr Y)
  (IntExpr 5)
  (IntExpr 0)
  (IntExpr 667)
  (IntExpr 894)
  (CallExpr b)
  (FloatExpr 827)
  (VarExpr q)
  (CallExpr b)
  (VarExpr s8k.)
  (VarExpr R)
  (CallExpr O (VarExpr L))
  (VarExpr V)
  (VarExpr x)
  (VarExpr O4X_)
  (FloatExpr 0)
  (IntExpr 76)
  (IntExpr 6)
  (IntExpr 72)
  (VarExpr e)
  (FloatExpr 3)
  (CallExpr R5M.5P.)
  (CallExpr
   D
   (VarExpr J4U.)
   (FloatExpr 4)
   (FloatExpr 0)
   (VarExpr X4q_)
   (VarExpr b0D.)
   (VarExpr H3b.)
   (CallExpr P)
   (IntExpr 97)
   (FloatExpr 0)
   (CallExpr K)
   (VarExpr Z)
   (IntExpr 5)
   (IntExpr 7)
   (IntExpr 36)
   (CallExpr o)
   (VarExpr M)
   (IntExpr 7)
   (FloatExpr 50)
   (FloatExpr 0)
   (FloatExpr 0)
   (FloatExpr 0)
   (VarExpr n)
   (VarExpr L)
   (VarExpr h1U.3t_)
   (VarExpr D2Y.)
   (CallExpr m)
   (VarExpr e))
  (VarExpr h)
  (CallExpr
   Y1e_
   (VarExpr p5l.4j_8N.1v_)
   (VarExpr G)
   (VarExpr Y3O_9r_)
   (IntExpr 80)
   (VarExpr T0P.)
   (FloatExpr 0))
  (VarExpr V)
  (CallExpr q7A. (VarExpr q))
  (FloatExpr 87392)
  (FloatExpr 63)
  (FloatExpr 0)
  (FloatExpr 0)
  (VarExpr D)
  (IntExpr 3)
  (CallExpr L (VarExpr Y0o.))
  (VarExpr x)
  (IntExpr 3)
  (CallExpr O4F. (VarExpr V))
  (VarExpr Z3c.2C_)
  (CallExpr p)
  (CallExpr B7L_2g.9g. (FloatExpr 0))
  (VarExpr x)
  (VarExpr X4x_)
  (CallExpr N)
  (CallExpr G1F_5P_)
  (FloatExpr 0)
  (CallExpr g7B_4V. (CallExpr R0L_7R_))
  (CallExpr l)
  (IntExpr 91)
  (IntExpr 6)
  (VarExpr P0g.)
  (CallExpr C1m.3n_6C. (IntExpr 0) (VarExpr G3j.4M.))
  (CallExpr k1v.7k.8u.)
  (CallExpr r3T_))
 "m")
(ShowCmd (FloatExpr 4133530))
(StmtCmd (ReturnStmt (VarExpr E)))
