(TimeCmd (StmtCmd (ReadImageCmd "R" (VarArgument t))))
(WriteImageCmd (FloatExpr 124) "4")
(PrintCmd "")
(StmtCmd (AssertStmt (FloatExpr 98) ""))
(ReadImageCmd "]" (VarArgument y9x_))
(StmtCmd (ReturnStmt (VarExpr B)))
(PrintCmd "")
(StmtCmd (ReturnStmt (IntExpr 5)))
(WriteImageCmd (FloatExpr 984655) "")
(ShowCmd (IntExpr 5))
(PrintCmd "")
(WriteImageCmd (CallExpr I (IntExpr 34)) "")
(StmtCmd (AssertStmt (IntExpr 2) ""))
(ReadImageCmd "" (VarArgument i))
(WriteImageCmd (VarExpr J) "+l.")
(StmtCmd (ReturnStmt (VarExpr s4n_0C.4F.)))
(PrintCmd "I")
(ReadImageCmd "" (VarArgument F))
(ShowCmd (CallExpr o (VarExpr r)))
