(Func
 inc
 IntType
 ((Binding (VarArgument IntType i) IntType))
 ((ReturnStmt
   (BinopExpr
    IntType
    (BinopExpr
     IntType
     (BinopExpr IntType (IntExpr IntType 1) + (VarExpr IntType i))
     +
     (IntExpr IntType 1))
    -
    (IntExpr IntType 1)))))
(ShowCmd
 (CallExpr
  IntType
  inc
  (CallExpr
   IntType
   inc
   (CallExpr
    IntType
    inc
    (CallExpr
     IntType
     inc
     (CallExpr
      IntType
      inc
      (CallExpr IntType inc (CallExpr IntType inc (IntExpr IntType 33)))))))))
