(Func
 cube
 IntType
 ((Binding (VarArgument IntType n) IntType))
 ((LetStmt
   (ArgLValue (VarArgument (ArrayType IntType rank=3) a))
   (ArrayExpr
    (ArrayType IntType rank=3)
    (i (VarExpr IntType n))
    (j (VarExpr IntType n))
    (k (VarExpr IntType n))
    (IntExpr IntType 1)))
  (ReturnStmt
   (SumExpr
    IntType
    (i (VarExpr IntType n))
    (j (VarExpr IntType n))
    (k (VarExpr IntType n))
    (ArrIndexExpr
     IntType
     (VarExpr (ArrayType IntType rank=3) a)
     (VarExpr IntType i)
     (VarExpr IntType j)
     (VarExpr IntType k))))))
(ShowCmd (CallExpr IntType cube (IntExpr IntType 22)))
