(Func
 prime
 bool
 ((Binding (VarArgument IntType n) int))
 ((LetStmt
   (ArgLValue (VarArgument (ArrayType IntType rank=1) a))
   (ArrayExpr
    ((i (VarExpr IntType n)))
    ((IteExpr
      IntType
      (IteExpr
       BoolType
       (BinopExpr BoolType (VarExpr IntType i) > (IntExpr IntType 1))
       (BinopExpr BoolType (VarExpr IntType i) < (VarExpr IntType n))
       (VarExpr BoolType false))
      (IteExpr
       IntType
       (BinopExpr
        BoolType
        (BinopExpr IntType (VarExpr IntType n) % (VarExpr IntType i))
        ==
        (IntExpr IntType 0))
       (IntExpr IntType 1)
       (IntExpr IntType 0))
      (IntExpr IntType 0)))))
  (ReturnStmt
   (BinopExpr
    BoolType
    (SumExpr
     ((i (VarExpr IntType n)))
     ((ArrIndexExpr
       IntType
       (VarExpr (ArrayType IntType rank=1) a)
       (VarExpr IntType i))))
    ==
    (IntExpr IntType 0)))))
(ShowCmd (CallExpr BoolType prime (IntExpr IntType 2)))
