(StmtCmd
 (LetStmt
  (ArgLValue (VarArgument (ArrayType FloatType rank=1) f))
  (ArrConExpr
   (ArrayType FloatType rank=1)
   (FloatExpr FloatType 1)
   (FloatExpr FloatType 0)
   (UnopExpr FloatType - (FloatExpr FloatType 1)))))
(StmtCmd
 (LetStmt
  (ArgLValue (VarArgument (ArrayType IntType rank=1) i))
  (ArrConExpr
   (ArrayType IntType rank=1)
   (IntExpr IntType 3)
   (IntExpr IntType 6)
   (IntExpr IntType 1)
   (IntExpr IntType 2)
   (IntExpr IntType 5))))
(StmtCmd
 (LetStmt
  (ArgLValue (VarArgument (ArrayType BoolType rank=1) b))
  (ArrConExpr
   (ArrayType BoolType rank=1)
   (VarExpr BoolType false)
   (VarExpr BoolType true)
   (VarExpr BoolType false)
   (VarExpr BoolType false)
   (VarExpr BoolType true)
   (VarExpr BoolType false)
   (VarExpr BoolType false)
   (VarExpr BoolType true)
   (VarExpr BoolType false)
   (VarExpr BoolType false)
   (VarExpr BoolType true)
   (VarExpr BoolType false)
   (VarExpr BoolType false)
   (VarExpr BoolType true)
   (VarExpr BoolType false)
   (VarExpr BoolType false)
   (VarExpr BoolType true)
   (VarExpr BoolType false)
   (VarExpr BoolType false)
   (VarExpr BoolType true)
   (VarExpr BoolType false)
   (VarExpr BoolType false)
   (VarExpr BoolType true)
   (VarExpr BoolType false)
   (VarExpr BoolType false)
   (VarExpr BoolType true)
   (VarExpr BoolType false)
   (VarExpr BoolType false)
   (VarExpr BoolType true)
   (VarExpr BoolType false)
   (VarExpr BoolType false)
   (VarExpr BoolType true)
   (VarExpr BoolType false)
   (VarExpr BoolType false)
   (VarExpr BoolType true)
   (VarExpr BoolType false)
   (VarExpr BoolType false)
   (VarExpr BoolType true)
   (VarExpr BoolType false)
   (VarExpr BoolType false)
   (VarExpr BoolType true)
   (VarExpr BoolType false)
   (VarExpr BoolType false)
   (VarExpr BoolType true)
   (VarExpr BoolType false)
   (VarExpr BoolType false)
   (VarExpr BoolType true)
   (VarExpr BoolType false)
   (VarExpr BoolType false)
   (VarExpr BoolType true)
   (VarExpr BoolType false)
   (VarExpr BoolType false)
   (VarExpr BoolType true)
   (VarExpr BoolType false)
   (VarExpr BoolType false)
   (VarExpr BoolType true)
   (VarExpr BoolType false)
   (VarExpr BoolType false)
   (VarExpr BoolType true)
   (VarExpr BoolType false)
   (VarExpr BoolType false)
   (VarExpr BoolType true)
   (VarExpr BoolType false)
   (VarExpr BoolType false)
   (VarExpr BoolType true)
   (VarExpr BoolType false)
   (VarExpr BoolType false)
   (VarExpr BoolType true)
   (VarExpr BoolType false)
   (VarExpr BoolType false)
   (VarExpr BoolType true)
   (VarExpr BoolType false)
   (VarExpr BoolType false)
   (VarExpr BoolType true)
   (VarExpr BoolType false)
   (VarExpr BoolType false)
   (VarExpr BoolType true)
   (VarExpr BoolType false)
   (VarExpr BoolType false)
   (VarExpr BoolType true)
   (VarExpr BoolType false)
   (VarExpr BoolType false)
   (VarExpr BoolType true)
   (VarExpr BoolType false)
   (VarExpr BoolType false)
   (VarExpr BoolType true)
   (VarExpr BoolType false)
   (VarExpr BoolType false)
   (VarExpr BoolType true)
   (VarExpr BoolType false)
   (VarExpr BoolType false)
   (VarExpr BoolType true)
   (VarExpr BoolType false)
   (VarExpr BoolType false)
   (VarExpr BoolType true)
   (VarExpr BoolType false)
   (VarExpr BoolType false)
   (VarExpr BoolType true)
   (VarExpr BoolType false))))
