(StmtCmd
 (LetStmt
  (ArgLValue (VarArgument (ArrayType IntType rank=1) a))
  (ArrayExpr ((x (IntExpr IntType 10))) ((VarExpr IntType x)))))
(ShowCmd (VarExpr (ArrayType IntType rank=1) a))
(StmtCmd
 (LetStmt (ArgLValue (ArrayArg b i)) (VarExpr (ArrayType IntType rank=1) a)))
(ShowCmd (VarExpr IntType i))
