(StmtCmd
 (LetStmt
  (ArgLValue (VarArgument (ArrayType (ArrayType IntType rank=1) rank=1) a))
  (ArrayExpr
   (ArrayType (ArrayType IntType rank=1) rank=1)
   (x (IntExpr IntType 10))
   (ArrayExpr
    (ArrayType IntType rank=1)
    (y (IntExpr IntType 10))
    (BinopExpr IntType (VarExpr IntType x) + (VarExpr IntType y))))))
(ShowCmd (VarExpr (ArrayType (ArrayType IntType rank=1) rank=1) a))
