(StmtCmd
 (LetStmt
  (ArgLValue (VarArgument (ArrayType IntType rank=3) a))
  (ArrayExpr
   (ArrayType IntType rank=3)
   (x (IntExpr IntType 10))
   (y (IntExpr IntType 10))
   (z (IntExpr IntType 10))
   (BinopExpr
    IntType
    (BinopExpr IntType (VarExpr IntType x) + (VarExpr IntType y))
    +
    (VarExpr IntType z)))))
(ShowCmd (VarExpr (ArrayType IntType rank=3) a))
(StmtCmd
 (LetStmt
  (ArgLValue (VarArgument (ArrayType IntType rank=3) b))
  (VarExpr (ArrayType IntType rank=3) a)))
(StmtCmd
 (LetStmt
  (ArgLValue (VarArgument (ArrayType IntType rank=3) c))
  (VarExpr (ArrayType IntType rank=3) b)))
(StmtCmd
 (LetStmt
  (ArgLValue (VarArgument (ArrayType IntType rank=3) d))
  (VarExpr (ArrayType IntType rank=3) a)))
(ShowCmd (VarExpr (ArrayType IntType rank=3) d))
