(Func
 ff
 FloatType
 ((Binding (VarArgument FloatType f) FloatType))
 ((ReturnStmt
   (BinopExpr FloatType (VarExpr FloatType f) * (FloatExpr FloatType 2)))))
(Func
 grayscale_pixel
 FloatType
 ((Binding (VarArgument FloatType r) FloatType))
 ((LetStmt
   (ArgLValue (VarArgument FloatType r_linear))
   (CallExpr FloatType ff (VarExpr FloatType r)))
  (ReturnStmt (VarExpr FloatType r_linear))))
