(StmtCmd (LetStmt (ArgLValue (VarArgument IntType M)) (IntExpr IntType 5)))
(StmtCmd (LetStmt (ArgLValue (VarArgument IntType N)) (IntExpr IntType 7)))
(StmtCmd
 (LetStmt
  (ArgLValue (VarArgument (ArrayType (ArrayType FloatType rank=1) rank=1) a))
  (ArrayExpr
   ((i (VarExpr IntType N)))
   ((ArrayExpr
     ((j (VarExpr IntType M)))
     ((CallExpr
       FloatType
       float
       (BinopExpr IntType (VarExpr IntType i) + (VarExpr IntType j)))))))))
(Func
 f
 float
 ((Binding
   (VarArgument (ArrayType (ArrayType FloatType rank=1) rank=1) b)
   ((float 1) 1)))
 ((ReturnStmt
   (ArrIndexExpr
    FloatType
    (ArrIndexExpr
     (ArrayType FloatType rank=1)
     (VarExpr (ArrayType (ArrayType FloatType rank=1) rank=1) b)
     (IntExpr IntType 3))
    (IntExpr IntType 2)))))
(ShowCmd (VarExpr (ArrayType (ArrayType FloatType rank=1) rank=1) a))
(ShowCmd
 (CallExpr
  FloatType
  f
  (VarExpr (ArrayType (ArrayType FloatType rank=1) rank=1) a)))
