(Func
 gradient
 FloatType
 ((Binding (VarArgument IntType i) IntType)
  (Binding (VarArgument IntType j) IntType)
  (Binding (VarArgument IntType W) IntType)
  (Binding (VarArgument IntType H) IntType))
 ((ReturnStmt
   (BinopExpr
    FloatType
    (CallExpr
     FloatType
     float
     (BinopExpr IntType (VarExpr IntType i) + (VarExpr IntType j)))
    /
    (CallExpr
     FloatType
     float
     (BinopExpr IntType (VarExpr IntType W) + (VarExpr IntType H)))))))
(StmtCmd (LetStmt (ArgLValue (VarArgument IntType W)) (IntExpr IntType 800)))
(StmtCmd (LetStmt (ArgLValue (VarArgument IntType H)) (IntExpr IntType 600)))
(StmtCmd
 (LetStmt
  (ArgLValue (VarArgument (ArrayType FloatType rank=2) gradient_image))
  (ArrayExpr
   (ArrayType FloatType rank=2)
   (i (VarExpr IntType W))
   (j (VarExpr IntType H))
   (CallExpr
    FloatType
    gradient
    (VarExpr IntType i)
    (VarExpr IntType j)
    (VarExpr IntType W)
    (VarExpr IntType H)))))
(WriteImageCmd
 (VarExpr (ArrayType FloatType rank=2) gradient_image)
 "gradient.png")
