(ReadImageCmd
 "photo1.png"
 (VarArgument (ArrayType FloatType rank=2) photo1_image))
(ReadImageCmd
 "photo2.png"
 (VarArgument (ArrayType FloatType rank=2) photo2_image))
(StmtCmd
 (LetStmt
  (ArgLValue (VarArgument IntType W))
  (CallExpr
   IntType
   dim
   (VarExpr (ArrayType FloatType rank=2) photo1_image)
   (IntExpr IntType 0))))
(StmtCmd
 (LetStmt
  (ArgLValue (VarArgument IntType W_))
  (CallExpr
   IntType
   dim
   (VarExpr (ArrayType FloatType rank=2) photo2_image)
   (IntExpr IntType 0))))
(StmtCmd
 (LetStmt
  (ArgLValue (VarArgument IntType H))
  (CallExpr
   IntType
   dim
   (VarExpr (ArrayType FloatType rank=2) photo1_image)
   (IntExpr IntType 1))))
(StmtCmd
 (LetStmt
  (ArgLValue (VarArgument IntType H_))
  (CallExpr
   IntType
   dim
   (VarExpr (ArrayType FloatType rank=2) photo2_image)
   (IntExpr IntType 1))))
(StmtCmd
 (AssertStmt
  (IteExpr
   BoolType
   (BinopExpr BoolType (VarExpr IntType W) == (VarExpr IntType W_))
   (BinopExpr BoolType (VarExpr IntType H) == (VarExpr IntType H_))
   (VarExpr BoolType false))
  "Images must have the same size"))
(WriteImageCmd
 (ArrayExpr
  (ArrayType FloatType rank=2)
  (i (VarExpr IntType W))
  (j (VarExpr IntType H))
  (BinopExpr
   FloatType
   (ArrIndexExpr
    FloatType
    (VarExpr (ArrayType FloatType rank=2) photo1_image)
    (VarExpr IntType i)
    (VarExpr IntType j))
   *
   (ArrIndexExpr
    FloatType
    (VarExpr (ArrayType FloatType rank=2) photo2_image)
    (VarExpr IntType i)
    (VarExpr IntType j))))
 "photo_multiply.png")
