(Func
 prime
 BoolType
 ((Binding (VarArgument IntType n) IntType))
 ((LetStmt
   (ArgLValue (VarArgument (ArrayType IntType rank=1) a))
   (ArrayExpr
    (ArrayType IntType rank=1)
    (i (VarExpr IntType n))
    (IteExpr
     IntType
     (IteExpr
      BoolType
      (BinopExpr BoolType (VarExpr IntType i) > (IntExpr IntType 1))
      (BinopExpr BoolType (VarExpr IntType i) < (VarExpr IntType n))
      (VarExpr BoolType false))
     (IteExpr
      IntType
      (BinopExpr
       BoolType
       (BinopExpr IntType (VarExpr IntType n) % (VarExpr IntType i))
       ==
       (IntExpr IntType 0))
      (IntExpr IntType 1)
      (IntExpr IntType 0))
     (IntExpr IntType 0))))
  (ReturnStmt
   (BinopExpr
    BoolType
    (SumExpr
     IntType
     (i (VarExpr IntType n))
     (ArrIndexExpr
      IntType
      (VarExpr (ArrayType IntType rank=1) a)
      (VarExpr IntType i)))
    ==
    (IntExpr IntType 0)))))
(ShowCmd (CallExpr BoolType prime (IntExpr IntType 2)))
(ShowCmd (CallExpr BoolType prime (IntExpr IntType 3)))
(ShowCmd (CallExpr BoolType prime (IntExpr IntType 4)))
(ShowCmd (CallExpr BoolType prime (IntExpr IntType 5)))
(ShowCmd (CallExpr BoolType prime (IntExpr IntType 6)))
(ShowCmd (CallExpr BoolType prime (IntExpr IntType 7)))
(ShowCmd (CallExpr BoolType prime (IntExpr IntType 8)))
(ShowCmd (CallExpr BoolType prime (IntExpr IntType 9)))
(ShowCmd (CallExpr BoolType prime (IntExpr IntType 10)))
(ShowCmd (CallExpr BoolType prime (IntExpr IntType 11)))
(ShowCmd (CallExpr BoolType prime (IntExpr IntType 12)))
(ShowCmd (CallExpr BoolType prime (IntExpr IntType 13)))
(ShowCmd (CallExpr BoolType prime (IntExpr IntType 14)))
(ShowCmd (CallExpr BoolType prime (IntExpr IntType 15)))
(ShowCmd (CallExpr BoolType prime (IntExpr IntType 16)))
(ShowCmd (CallExpr BoolType prime (IntExpr IntType 17)))
(ShowCmd (CallExpr BoolType prime (IntExpr IntType 18)))
(ShowCmd (CallExpr BoolType prime (IntExpr IntType 19)))
(ShowCmd (CallExpr BoolType prime (IntExpr IntType 20)))
(ShowCmd (CallExpr BoolType prime (IntExpr IntType 21)))
(ShowCmd (CallExpr BoolType prime (IntExpr IntType 22)))
(ShowCmd (CallExpr BoolType prime (IntExpr IntType 23)))
(ShowCmd (CallExpr BoolType prime (IntExpr IntType 24)))
(ShowCmd (CallExpr BoolType prime (IntExpr IntType 25)))
