(StmtCmd (LetStmt (ArgLValue (VarArgument x0)) (UnopExpr ! (VarExpr R4lwK5))))
(StmtCmd
 (LetStmt
  (ArgLValue (VarArgument x1))
  (IteExpr
   (BinopExpr
    (UnopExpr - (UnopExpr - (VarExpr xFLl2U)))
    >=
    (BinopExpr
     (BinopExpr (UnopExpr - (UnopExpr - (IntExpr 37824))) * (VarExpr F7ngeu))
     +
     (BinopExpr (VarExpr eio7K7) / (UnopExpr ! (IntExpr 19406)))))
   (VarExpr true)
   (BinopExpr (VarExpr gV8NYQ) <= (VarExpr Ww_fFC)))))
(StmtCmd
 (LetStmt
  (ArgLValue (VarArgument x2))
  (BinopExpr
   (BinopExpr
    (BinopExpr
     (IteExpr (UnopExpr - (IntExpr 41104)) (IntExpr 2500) (VarExpr WznWXZ))
     >=
     (IntExpr 6988))
    >
    (UnopExpr ! (IntExpr 28236)))
   >
   (IteExpr
    (BinopExpr (VarExpr vpU642) - (VarExpr MEVD_u))
    (BinopExpr (UnopExpr ! (VarExpr Udneg8)) <= (UnopExpr ! (IntExpr 33397)))
    (BinopExpr (UnopExpr - (IntExpr 25933)) > (IntExpr 26956))))))
(StmtCmd
 (LetStmt
  (ArgLValue (VarArgument x3))
  (BinopExpr
   (BinopExpr
    (BinopExpr
     (BinopExpr
      (UnopExpr
       !
       (IteExpr
        (UnopExpr - (IntExpr 10409))
        (VarExpr true)
        (UnopExpr - (IntExpr 27992))))
      >
      (IntExpr 15342))
     >
     (VarExpr HR_60W))
    <
    (UnopExpr ! (UnopExpr - (IntExpr 15433))))
   !=
   (BinopExpr (UnopExpr ! (IntExpr 25256)) <= (VarExpr CEZIYq)))))
(StmtCmd (LetStmt (ArgLValue (VarArgument x4)) (VarExpr e58OgM)))
(StmtCmd
 (LetStmt
  (ArgLValue (VarArgument x5))
  (BinopExpr
   (BinopExpr
    (BinopExpr (UnopExpr - (IntExpr 26642)) * (UnopExpr ! (VarExpr CwCmnv)))
    -
    (IteExpr (VarExpr vZkfak) (VarExpr WPKTMm) (VarExpr b1cp0k)))
   ==
   (BinopExpr
    (BinopExpr (UnopExpr - (IntExpr 11038)) >= (VarExpr W90iHJ))
    <=
    (IteExpr (VarExpr IGlbzW) (VarExpr DQ_qtV) (VarExpr NOj800))))))
(StmtCmd
 (LetStmt
  (ArgLValue (VarArgument x6))
  (BinopExpr
   (BinopExpr
    (BinopExpr
     (BinopExpr (UnopExpr ! (VarExpr VpW3EG)) > (UnopExpr - (IntExpr 32163)))
     ==
     (UnopExpr - (UnopExpr - (IntExpr 15524))))
    ==
    (BinopExpr
     (VarExpr FnXS9U)
     <=
     (BinopExpr
      (BinopExpr (VarExpr rtpOqy) / (IntExpr 49796))
      /
      (IntExpr 28973))))
   ==
   (VarExpr Rksl99))))
(StmtCmd
 (LetStmt
  (ArgLValue (VarArgument x7))
  (BinopExpr
   (UnopExpr - (IntExpr 35960))
   ==
   (BinopExpr
    (BinopExpr
     (UnopExpr - (IntExpr 30757))
     <
     (BinopExpr (UnopExpr ! (VarExpr Rr_t5j)) + (VarExpr KXT7Hh)))
    >
    (VarExpr vHipMF)))))
(StmtCmd
 (LetStmt
  (ArgLValue (VarArgument x8))
  (BinopExpr
   (BinopExpr
    (BinopExpr
     (BinopExpr (UnopExpr - (VarExpr FfMo8T)) >= (VarExpr PGpuFd))
     !=
     (IteExpr
      (UnopExpr - (UnopExpr - (IntExpr 37672)))
      (VarExpr bEJPDe)
      (VarExpr sRr2uk)))
    -
    (BinopExpr (VarExpr QEQJSG) * (UnopExpr - (IntExpr 6428))))
   <=
   (IntExpr 42934))))
(StmtCmd
 (LetStmt
  (ArgLValue (VarArgument x9))
  (IteExpr
   (VarExpr zhrdSU)
   (VarExpr true)
   (BinopExpr
    (UnopExpr - (IntExpr 39172))
    <
    (BinopExpr
     (VarExpr eVlubh)
     %
     (IteExpr
      (IntExpr 36368)
      (VarExpr QepUKv)
      (IteExpr
       (UnopExpr - (IntExpr 44736))
       (IntExpr 46564)
       (VarExpr dpNR2d))))))))
