(StmtCmd
 (LetStmt
  (ArgLValue (VarArgument x0))
  (BinopExpr
   (IteExpr
    (IteExpr
     (IteExpr (VarExpr gBXbbq) (VarExpr iRMCay) (UnopExpr - (IntExpr 26064)))
     (VarExpr true)
     (BinopExpr (UnopExpr ! (IntExpr 28115)) >= (VarExpr FJ9O2k)))
    (IteExpr
     (BinopExpr (UnopExpr ! (IntExpr 16262)) < (UnopExpr ! (IntExpr 30280)))
     (IteExpr
      (UnopExpr - (VarExpr wPVcDo))
      (VarExpr true)
      (UnopExpr - (VarExpr gZCk1g)))
     (BinopExpr (UnopExpr - (UnopExpr - (IntExpr 3860))) % (IntExpr 44772)))
    (IteExpr
     (UnopExpr - (IntExpr 19938))
     (IteExpr (VarExpr jYsucC) (VarExpr F67WC7) (IntExpr 22559))
     (BinopExpr (IntExpr 45083) * (VarExpr CzFk9T))))
   ==
   (IteExpr
    (BinopExpr
     (UnopExpr - (BinopExpr (UnopExpr - (IntExpr 18539)) * (VarExpr vHJ7Su)))
     +
     (BinopExpr (UnopExpr - (IntExpr 35100)) / (VarExpr BeMQUq)))
    (IteExpr
     (BinopExpr
      (BinopExpr (IntExpr 15809) % (VarExpr lfRN_7))
      +
      (UnopExpr ! (VarExpr yeo7yr)))
     (VarExpr true)
     (IntExpr 3879))
    (IteExpr
     (IteExpr
      (UnopExpr - (VarExpr lOYKFx))
      (VarExpr pmcoQJ)
      (UnopExpr ! (VarExpr bjU0EP)))
     (BinopExpr (VarExpr UN98Iz) * (VarExpr kAAiED))
     (BinopExpr (VarExpr qxkNsC) + (IntExpr 34549)))))))
(StmtCmd
 (LetStmt
  (ArgLValue (VarArgument x1))
  (BinopExpr
   (IteExpr
    (BinopExpr
     (BinopExpr
      (BinopExpr (UnopExpr - (IntExpr 17479)) / (IntExpr 1204))
      +
      (UnopExpr - (IntExpr 13177)))
     +
     (IntExpr 21455))
    (VarExpr uh7dxL)
    (IteExpr
     (BinopExpr (VarExpr GWutEs) != (UnopExpr ! (VarExpr M2NIWs)))
     (VarExpr GXT1de)
     (BinopExpr (UnopExpr - (IntExpr 40957)) / (IntExpr 2570))))
   %
   (VarExpr A9AgZq))))
(StmtCmd
 (LetStmt
  (ArgLValue (VarArgument x2))
  (IteExpr
   (IntExpr 30473)
   (BinopExpr
    (BinopExpr
     (BinopExpr
      (UnopExpr - (IntExpr 47938))
      !=
      (BinopExpr
       (BinopExpr
        (BinopExpr
         (BinopExpr (UnopExpr - (IntExpr 46548)) < (VarExpr zaEpww))
         <
         (IntExpr 26064))
        <=
        (IteExpr
         (UnopExpr ! (UnopExpr - (IntExpr 16190)))
         (VarExpr Dz4Ha3)
         (UnopExpr - (IntExpr 28570))))
       <
       (BinopExpr
        (VarExpr pa0vNE)
        <
        (BinopExpr (UnopExpr - (IntExpr 27892)) + (VarExpr Gh7k9w)))))
     !=
     (UnopExpr - (IntExpr 41738)))
    !=
    (IteExpr
     (UnopExpr ! (UnopExpr - (IntExpr 41332)))
     (IntExpr 26523)
     (IntExpr 34573)))
   (VarExpr false))))
(StmtCmd
 (LetStmt
  (ArgLValue (VarArgument x3))
  (BinopExpr
   (IteExpr
    (BinopExpr
     (VarExpr hDqqLj)
     <
     (BinopExpr (UnopExpr ! (VarExpr wXeBHW)) / (IntExpr 18543)))
    (IteExpr
     (BinopExpr
      (BinopExpr (UnopExpr - (VarExpr qzsAKu)) >= (VarExpr zAO0A4))
      -
      (UnopExpr ! (IntExpr 49966)))
     (VarExpr true)
     (UnopExpr - (IntExpr 27631)))
    (IteExpr
     (IteExpr (VarExpr FHzRxc) (VarExpr vZDYGC) (UnopExpr - (IntExpr 6629)))
     (VarExpr lbSZOx)
     (IntExpr 17878)))
   <=
   (VarExpr eRAIE8))))
(StmtCmd
 (LetStmt
  (ArgLValue (VarArgument x4))
  (IteExpr
   (IteExpr
    (IteExpr
     (BinopExpr
      (UnopExpr - (UnopExpr - (VarExpr DVzvMF)))
      ==
      (BinopExpr
       (BinopExpr
        (VarExpr RiwQA0)
        -
        (BinopExpr
         (BinopExpr
          (BinopExpr
           (VarExpr jF1YLf)
           /
           (UnopExpr - (UnopExpr - (IntExpr 35003))))
          *
          (UnopExpr
           !
           (IteExpr
            (UnopExpr - (IntExpr 49102))
            (UnopExpr ! (VarExpr NFVsmQ))
            (VarExpr oSKTu7))))
         /
         (VarExpr EGJLx9)))
       <=
       (VarExpr EXvXOb)))
     (UnopExpr - (UnopExpr - (IntExpr 41799)))
     (VarExpr false))
    (UnopExpr ! (IntExpr 47958))
    (VarExpr false))
   (BinopExpr
    (UnopExpr - (UnopExpr - (IntExpr 33561)))
    <=
    (UnopExpr - (UnopExpr - (IntExpr 6990))))
   (VarExpr false))))
(StmtCmd (LetStmt (ArgLValue (VarArgument x5)) (UnopExpr - (IntExpr 38276))))
(StmtCmd
 (LetStmt
  (ArgLValue (VarArgument x6))
  (IteExpr
   (BinopExpr (VarExpr REv8Zl) / (VarExpr YQuM_1))
   (BinopExpr
    (BinopExpr
     (IntExpr 10839)
     >=
     (BinopExpr (IntExpr 22840) / (VarExpr y5GYfx)))
    >=
    (UnopExpr - (IntExpr 24968)))
   (VarExpr false))))
(StmtCmd
 (LetStmt
  (ArgLValue (VarArgument x7))
  (IteExpr
   (BinopExpr
    (BinopExpr
     (BinopExpr
      (UnopExpr
       !
       (IteExpr
        (VarExpr FV5dcx)
        (VarExpr Y_0GhX)
        (UnopExpr - (IntExpr 15132))))
      <
      (VarExpr q_skX9))
     >=
     (BinopExpr (IntExpr 44284) + (IntExpr 29306)))
    !=
    (BinopExpr (VarExpr NyrsFc) / (UnopExpr - (UnopExpr - (IntExpr 10414)))))
   (BinopExpr
    (BinopExpr
     (BinopExpr
      (BinopExpr
       (UnopExpr ! (UnopExpr - (IntExpr 36837)))
       +
       (BinopExpr (UnopExpr - (IntExpr 20521)) / (IntExpr 4139)))
      >
      (UnopExpr - (IntExpr 37863)))
     <
     (UnopExpr ! (IntExpr 6956)))
    <=
    (BinopExpr (VarExpr Wvxo0b) * (UnopExpr ! (VarExpr smBfGU))))
   (BinopExpr
    (BinopExpr
     (BinopExpr
      (BinopExpr
       (IteExpr
        (BinopExpr (VarExpr OkmbHq) >= (VarExpr ZlC7pl))
        (VarExpr K_oAXY)
        (IteExpr (VarExpr Ty1fhG) (VarExpr true) (IntExpr 17740)))
       /
       (UnopExpr - (VarExpr PaaNYo)))
      <
      (VarExpr K9uB1h))
     >
     (VarExpr xIx_ri))
    >=
    (VarExpr Fxd9Tf)))))
(StmtCmd
 (LetStmt
  (ArgLValue (VarArgument x8))
  (IteExpr
   (VarExpr obuNf3)
   (BinopExpr
    (BinopExpr
     (UnopExpr
      !
      (IteExpr
       (BinopExpr (IntExpr 43779) >= (VarExpr llC9LT))
       (BinopExpr (VarExpr zbp733) < (VarExpr TSe3IO))
       (IteExpr
        (IntExpr 39396)
        (UnopExpr - (IntExpr 44767))
        (UnopExpr ! (VarExpr k67dsF)))))
     -
     (IntExpr 18806))
    !=
    (IntExpr 37434))
   (BinopExpr
    (BinopExpr
     (BinopExpr
      (BinopExpr
       (BinopExpr
        (UnopExpr
         -
         (BinopExpr (UnopExpr - (VarExpr sCqbfT)) < (IntExpr 35549)))
        *
        (UnopExpr - (IntExpr 2122)))
       +
       (VarExpr Rjgzm9))
      +
      (UnopExpr ! (VarExpr lQw1sD)))
     ==
     (VarExpr MHE5oc))
    ==
    (BinopExpr (IntExpr 49543) >= (VarExpr Q6CXoV))))))
(StmtCmd
 (LetStmt
  (ArgLValue (VarArgument x9))
  (IteExpr
   (UnopExpr ! (VarExpr QG3sop))
   (IteExpr
    (BinopExpr
     (VarExpr bBYFqI)
     *
     (IteExpr (IntExpr 12435) (VarExpr PwbnFE) (VarExpr ESFaLr)))
    (BinopExpr (UnopExpr - (IntExpr 27584)) < (VarExpr tb2344))
    (BinopExpr
     (BinopExpr
      (UnopExpr ! (UnopExpr ! (UnopExpr - (IntExpr 17337))))
      <
      (UnopExpr - (IntExpr 32944)))
     !=
     (BinopExpr
      (UnopExpr ! (UnopExpr - (IntExpr 4158)))
      +
      (UnopExpr ! (UnopExpr - (IntExpr 5473))))))
   (IteExpr
    (BinopExpr
     (IteExpr
      (UnopExpr ! (VarExpr f3sw5H))
      (UnopExpr - (IntExpr 19195))
      (IntExpr 39893))
     -
     (UnopExpr ! (VarExpr kyrM48)))
    (IteExpr
     (IteExpr (UnopExpr - (IntExpr 1925)) (VarExpr XiUm8M) (VarExpr Eu7qcW))
     (IteExpr
      (VarExpr eQAQVs)
      (UnopExpr - (IntExpr 18934))
      (UnopExpr - (IntExpr 13731)))
     (BinopExpr (VarExpr fYIkqb) == (UnopExpr - (IntExpr 43988))))
    (BinopExpr
     (UnopExpr - (IntExpr 1590))
     <=
     (BinopExpr
      (UnopExpr ! (UnopExpr - (IntExpr 3956)))
      %
      (VarExpr lgr8u6)))))))
