(StmtCmd (LetStmt (ArgLValue (VarArgument x0)) (UnopExpr - (VarExpr h3mGdP))))
(StmtCmd
 (LetStmt
  (ArgLValue (VarArgument x1))
  (IteExpr
   (IteExpr
    (UnopExpr ! (IntExpr 43328))
    (BinopExpr
     (BinopExpr
      (BinopExpr (VarExpr tZA7xC) == (VarExpr r5iZYZ))
      -
      (BinopExpr
       (UnopExpr - (UnopExpr - (IntExpr 17999)))
       %
       (UnopExpr ! (IntExpr 40409))))
     <
     (UnopExpr ! (VarExpr sJxmpk)))
    (IteExpr
     (BinopExpr
      (UnopExpr ! (UnopExpr - (IntExpr 31434)))
      -
      (UnopExpr - (IntExpr 1941)))
     (BinopExpr
      (VarExpr tlqJtr)
      +
      (BinopExpr
       (BinopExpr
        (BinopExpr (UnopExpr - (IntExpr 16786)) > (VarExpr iSPMDP))
        <=
        (IntExpr 48556))
       !=
       (VarExpr PeedtL)))
     (VarExpr false)))
   (BinopExpr
    (BinopExpr
     (BinopExpr
      (BinopExpr
       (BinopExpr (VarExpr N3RAA3) + (UnopExpr - (UnopExpr - (IntExpr 13458))))
       <
       (VarExpr jCq7Yw))
      <
      (IteExpr (VarExpr VcxDrz) (IntExpr 8162) (UnopExpr - (IntExpr 47987))))
     ==
     (BinopExpr (IntExpr 6782) > (UnopExpr - (IntExpr 42663))))
    ==
    (IteExpr
     (IteExpr (UnopExpr - (IntExpr 17231)) (VarExpr true) (IntExpr 27054))
     (VarExpr true)
     (IteExpr (VarExpr NluSFK) (IntExpr 29607) (VarExpr WQDtB0))))
   (BinopExpr
    (IteExpr
     (BinopExpr
      (BinopExpr (VarExpr ExveCg) + (UnopExpr - (IntExpr 32368)))
      >=
      (VarExpr WWyrIG))
     (IteExpr
      (UnopExpr - (IntExpr 3182))
      (BinopExpr
       (UnopExpr - (UnopExpr - (IntExpr 29250)))
       !=
       (IteExpr
        (VarExpr tn_NwJ)
        (UnopExpr - (IntExpr 30466))
        (VarExpr vfgbkk)))
      (VarExpr false))
     (IteExpr
      (BinopExpr (UnopExpr - (IntExpr 25104)) <= (VarExpr Jn_4Gw))
      (UnopExpr - (IntExpr 45356))
      (BinopExpr (VarExpr uDzwIZ) * (UnopExpr - (IntExpr 13893)))))
    %
    (IteExpr
     (BinopExpr
      (IteExpr
       (BinopExpr (VarExpr M_0mlM) - (IntExpr 47279))
       (IteExpr
        (UnopExpr - (IntExpr 4658))
        (VarExpr true)
        (UnopExpr - (IntExpr 42806)))
       (BinopExpr (UnopExpr - (UnopExpr - (IntExpr 26238))) - (IntExpr 47396)))
      -
      (BinopExpr
       (IteExpr
        (UnopExpr - (IntExpr 6182))
        (UnopExpr - (VarExpr YkwXz5))
        (IntExpr 15187))
       %
       (UnopExpr - (IntExpr 14898))))
     (VarExpr UdKXXe)
     (VarExpr false))))))
(StmtCmd (LetStmt (ArgLValue (VarArgument x2)) (UnopExpr ! (VarExpr IEcJGw))))
(StmtCmd (LetStmt (ArgLValue (VarArgument x3)) (VarExpr nK7YZQ)))
(StmtCmd
 (LetStmt
  (ArgLValue (VarArgument x4))
  (IteExpr
   (IntExpr 9959)
   (IteExpr
    (BinopExpr
     (VarExpr omdsHD)
     *
     (IteExpr
      (BinopExpr (UnopExpr - (VarExpr ntKSsR)) - (IntExpr 8487))
      (BinopExpr (UnopExpr ! (UnopExpr - (IntExpr 12475))) <= (VarExpr Fp4gQt))
      (IteExpr
       (UnopExpr ! (VarExpr bLm75i))
       (VarExpr Jy8vzU)
       (VarExpr false))))
    (IteExpr
     (BinopExpr
      (IteExpr (VarExpr u4tP57) (VarExpr FyDGja) (VarExpr false))
      !=
      (BinopExpr
       (IteExpr (VarExpr PZgPpv) (VarExpr RkV6ds) (UnopExpr - (IntExpr 29672)))
       -
       (VarExpr Eu7Yl0)))
     (VarExpr true)
     (BinopExpr (VarExpr dh1qZD) + (UnopExpr ! (VarExpr OxfOZv))))
    (IteExpr
     (IteExpr
      (BinopExpr
       (BinopExpr (UnopExpr - (UnopExpr - (IntExpr 18936))) * (IntExpr 25008))
       !=
       (VarExpr IDLoDU))
      (UnopExpr - (IntExpr 3951))
      (VarExpr false))
     (BinopExpr
      (UnopExpr ! (UnopExpr ! (UnopExpr - (IntExpr 16612))))
      <=
      (VarExpr smVEHi))
     (VarExpr false)))
   (IteExpr
    (IteExpr
     (BinopExpr (UnopExpr - (IntExpr 9118)) > (UnopExpr - (VarExpr xIokzo)))
     (BinopExpr (UnopExpr ! (VarExpr dZ0IHf)) >= (UnopExpr - (IntExpr 15772)))
     (BinopExpr
      (UnopExpr - (UnopExpr ! (UnopExpr - (IntExpr 26970))))
      +
      (VarExpr R70NUO)))
    (VarExpr true)
    (BinopExpr
     (IteExpr
      (UnopExpr ! (IntExpr 14157))
      (IteExpr
       (IntExpr 3419)
       (UnopExpr ! (UnopExpr - (IntExpr 42772)))
       (VarExpr XOTENR))
      (IteExpr (VarExpr b_yafn) (IntExpr 30356) (VarExpr false)))
     +
     (IteExpr
      (VarExpr ICPI5O)
      (BinopExpr
       (UnopExpr - (UnopExpr ! (VarExpr jTlC5H)))
       <
       (IteExpr
        (IntExpr 49737)
        (UnopExpr - (VarExpr LcD7fc))
        (UnopExpr - (IntExpr 30870))))
      (IteExpr
       (BinopExpr (UnopExpr - (IntExpr 10493)) + (UnopExpr - (VarExpr uGF0UN)))
       (IteExpr (UnopExpr - (IntExpr 13964)) (VarExpr x2RJId) (IntExpr 38422))
       (VarExpr false))))))))
(StmtCmd
 (LetStmt
  (ArgLValue (VarArgument x5))
  (BinopExpr
   (BinopExpr
    (UnopExpr
     -
     (UnopExpr
      -
      (IteExpr
       (IteExpr
        (IteExpr (UnopExpr - (IntExpr 7675)) (VarExpr WXyGUB) (VarExpr B1z7Ce))
        (IteExpr (VarExpr EqdJwQ) (VarExpr true) (UnopExpr - (IntExpr 36778)))
        (IteExpr (IntExpr 7127) (UnopExpr - (IntExpr 39882)) (VarExpr U9Slnr)))
       (IteExpr
        (VarExpr Lz54hB)
        (BinopExpr (VarExpr VUFVCK) == (VarExpr MQeNrC))
        (VarExpr false))
       (VarExpr OteO2j))))
    /
    (UnopExpr - (IntExpr 3832)))
   <=
   (IteExpr
    (VarExpr faqFsG)
    (IteExpr
     (IteExpr
      (BinopExpr (VarExpr p7VgqS) == (IntExpr 49704))
      (IteExpr (VarExpr R2d3IE) (IntExpr 43679) (UnopExpr ! (VarExpr CZR3Nd)))
      (BinopExpr (IntExpr 39268) / (IntExpr 5668)))
     (VarExpr IwHPVb)
     (UnopExpr - (IntExpr 25844)))
    (UnopExpr - (VarExpr UBhh6C))))))
(StmtCmd
 (LetStmt
  (ArgLValue (VarArgument x6))
  (BinopExpr
   (VarExpr xBPOpt)
   <
   (BinopExpr
    (BinopExpr
     (UnopExpr
      -
      (IteExpr
       (IteExpr (VarExpr Pm921z) (UnopExpr - (IntExpr 16980)) (VarExpr lYJnBJ))
       (IntExpr 34844)
       (BinopExpr
        (IntExpr 23561)
        !=
        (UnopExpr - (UnopExpr - (IntExpr 16010))))))
     !=
     (BinopExpr
      (UnopExpr - (VarExpr zOX4pe))
      *
      (IteExpr
       (UnopExpr - (IntExpr 39953))
       (VarExpr KyZd2m)
       (UnopExpr - (IntExpr 30570)))))
    %
    (IteExpr
     (BinopExpr
      (BinopExpr
       (BinopExpr (VarExpr hBU8_K) % (VarExpr GHMcLB))
       -
       (IntExpr 1132))
      <
      (VarExpr W_CMOl))
     (BinopExpr
      (IteExpr (UnopExpr - (IntExpr 21913)) (VarExpr V24EFv) (VarExpr DC89bp))
      /
      (IntExpr 15729))
     (BinopExpr
      (BinopExpr (VarExpr ijZTil) * (VarExpr bouBWs))
      ==
      (UnopExpr - (IntExpr 17665))))))))
(StmtCmd
 (LetStmt
  (ArgLValue (VarArgument x7))
  (IteExpr
   (IteExpr
    (BinopExpr
     (BinopExpr
      (UnopExpr - (IntExpr 22393))
      >
      (BinopExpr
       (BinopExpr (UnopExpr ! (VarExpr Q63mgm)) - (IntExpr 45688))
       +
       (UnopExpr - (VarExpr eGaDxV))))
     !=
     (BinopExpr
      (BinopExpr (IntExpr 32186) > (UnopExpr ! (VarExpr G2eCI3)))
      <=
      (IteExpr
       (VarExpr JzLPLu)
       (UnopExpr ! (VarExpr uvuyRO))
       (UnopExpr - (IntExpr 8511)))))
    (BinopExpr
     (BinopExpr
      (IteExpr
       (IntExpr 19898)
       (BinopExpr
        (VarExpr rZrMEH)
        !=
        (IteExpr (VarExpr jsYFZ3) (VarExpr YKJAAC) (IntExpr 7857)))
       (VarExpr false))
      %
      (IntExpr 3553))
     !=
     (IteExpr
      (VarExpr GUVsLy)
      (UnopExpr - (IntExpr 7333))
      (UnopExpr - (IntExpr 6136))))
    (IntExpr 30796))
   (IteExpr
    (IteExpr
     (UnopExpr
      -
      (IteExpr
       (BinopExpr (UnopExpr - (IntExpr 7883)) > (UnopExpr - (IntExpr 32028)))
       (BinopExpr (IntExpr 4644) / (VarExpr oosSGh))
       (IntExpr 47665)))
     (IteExpr
      (BinopExpr (UnopExpr - (IntExpr 12170)) % (VarExpr aKBTH6))
      (BinopExpr (UnopExpr - (IntExpr 49669)) / (VarExpr OAukBs))
      (BinopExpr (UnopExpr ! (IntExpr 13876)) % (VarExpr bsmH5s)))
     (VarExpr false))
    (VarExpr jAdJi2)
    (BinopExpr
     (BinopExpr (UnopExpr - (IntExpr 27394)) >= (UnopExpr - (IntExpr 24324)))
     ==
     (BinopExpr
      (VarExpr fsEvgx)
      >=
      (BinopExpr
       (IntExpr 15560)
       -
       (BinopExpr
        (BinopExpr (IntExpr 17650) + (VarExpr ugG30n))
        >
        (IteExpr
         (IntExpr 38587)
         (UnopExpr - (IntExpr 12600))
         (IntExpr 20312)))))))
   (IteExpr
    (IteExpr
     (IteExpr
      (BinopExpr
       (UnopExpr - (VarExpr DzTufL))
       !=
       (UnopExpr ! (UnopExpr - (IntExpr 4833))))
      (BinopExpr (VarExpr P9oIGX) * (UnopExpr - (UnopExpr - (IntExpr 4467))))
      (IteExpr (VarExpr VOI16G) (UnopExpr - (IntExpr 41725)) (IntExpr 623)))
     (VarExpr gMPlnD)
     (BinopExpr
      (BinopExpr (UnopExpr - (IntExpr 15127)) % (VarExpr vchUsd))
      >=
      (BinopExpr (IntExpr 35000) == (UnopExpr - (IntExpr 9096)))))
    (VarExpr true)
    (BinopExpr
     (BinopExpr
      (IteExpr (UnopExpr - (IntExpr 16786)) (VarExpr dBB0_2) (VarExpr YZ0fxz))
      >
      (BinopExpr (UnopExpr ! (UnopExpr - (IntExpr 41098))) < (VarExpr QfHUGl)))
     !=
     (IteExpr
      (BinopExpr (IntExpr 35962) > (UnopExpr - (VarExpr zfjKDT)))
      (UnopExpr - (IntExpr 12895))
      (BinopExpr (UnopExpr - (IntExpr 44112)) + (VarExpr nGyJmm))))))))
(StmtCmd
 (LetStmt
  (ArgLValue (VarArgument x8))
  (BinopExpr
   (BinopExpr
    (VarExpr qqb9Tb)
    -
    (IteExpr
     (UnopExpr - (VarExpr AbBIh4))
     (VarExpr true)
     (UnopExpr - (IntExpr 10895))))
   ==
   (BinopExpr
    (BinopExpr
     (BinopExpr
      (IteExpr (UnopExpr ! (VarExpr eda27Z)) (VarExpr true) (IntExpr 2096))
      %
      (VarExpr ShMTN5))
     >
     (BinopExpr
      (UnopExpr ! (UnopExpr ! (UnopExpr - (IntExpr 7000))))
      %
      (UnopExpr ! (VarExpr AK6WY0))))
    <
    (IteExpr
     (BinopExpr
      (BinopExpr
       (BinopExpr (VarExpr JPL6RC) < (VarExpr hcQzCT))
       !=
       (IteExpr (VarExpr itkJls) (IntExpr 42889) (VarExpr Yp9FRc)))
      <
      (IteExpr
       (VarExpr qXjIuB)
       (UnopExpr ! (VarExpr Sx_EEt))
       (BinopExpr (VarExpr OcLFlP) < (VarExpr CBtKTb))))
     (BinopExpr
      (IteExpr
       (BinopExpr (UnopExpr - (IntExpr 8020)) == (VarExpr qYqYOv))
       (IteExpr
        (UnopExpr - (IntExpr 43138))
        (IntExpr 49584)
        (UnopExpr - (IntExpr 23596)))
       (IteExpr (VarExpr ZRy5La) (VarExpr P0E_Am) (VarExpr ReVBHa)))
      <
      (IteExpr
       (UnopExpr - (IntExpr 10558))
       (BinopExpr (VarExpr nus2V8) / (UnopExpr - (IntExpr 36478)))
       (BinopExpr
        (UnopExpr - (UnopExpr - (IntExpr 12615)))
        +
        (VarExpr B6cAYH))))
     (BinopExpr
      (IntExpr 1384)
      ==
      (BinopExpr
       (BinopExpr
        (UnopExpr - (IntExpr 40486))
        <
        (BinopExpr (VarExpr vW9rHH) * (VarExpr HR3qXF)))
       <
       (UnopExpr - (UnopExpr - (IntExpr 49493))))))))))
(StmtCmd
 (LetStmt
  (ArgLValue (VarArgument x9))
  (IteExpr
   (UnopExpr
    !
    (IteExpr
     (BinopExpr
      (BinopExpr
       (UnopExpr
        !
        (IteExpr
         (VarExpr teZqHY)
         (UnopExpr ! (VarExpr HScQvO))
         (IntExpr 9018)))
       <
       (BinopExpr
        (UnopExpr ! (VarExpr Uwse5U))
        %
        (UnopExpr - (UnopExpr - (IntExpr 42994)))))
      ==
      (BinopExpr
       (UnopExpr - (IntExpr 45815))
       >
       (BinopExpr (VarExpr uo7sWu) / (VarExpr g3Zalo))))
     (IteExpr
      (VarExpr OSXCkX)
      (IteExpr
       (BinopExpr (UnopExpr - (IntExpr 1900)) - (IntExpr 10632))
       (BinopExpr (UnopExpr - (IntExpr 37692)) - (UnopExpr - (IntExpr 41600)))
       (IteExpr
        (UnopExpr - (IntExpr 13732))
        (VarExpr EIhww4)
        (UnopExpr - (IntExpr 48041))))
      (UnopExpr ! (IntExpr 27962)))
     (IteExpr
      (BinopExpr
       (BinopExpr
        (BinopExpr (IntExpr 1784) < (IntExpr 34130))
        *
        (BinopExpr (IntExpr 33167) >= (IntExpr 29873)))
       >=
       (UnopExpr - (IntExpr 25338)))
      (VarExpr true)
      (BinopExpr (VarExpr rgDcci) < (IntExpr 8287)))))
   (VarExpr true)
   (BinopExpr
    (BinopExpr
     (BinopExpr (VarExpr tEbQ5y) / (VarExpr MPOc8v))
     -
     (UnopExpr - (UnopExpr ! (VarExpr CA8Po6))))
    <=
    (BinopExpr
     (BinopExpr (VarExpr KmlFqV) * (VarExpr YJylXp))
     -
     (IntExpr 27293))))))
