(StmtCmd
 (LetStmt
  (ArgLValue (VarArgument x0))
  (IteExpr
   (UnopExpr
    -
    (IteExpr
     (BinopExpr
      (BinopExpr
       (BinopExpr
        (BinopExpr
         (BinopExpr
          (IteExpr
           (BinopExpr (VarExpr xtUrk8) == (VarExpr h8dVKz))
           (IteExpr
            (UnopExpr ! (UnopExpr - (IntExpr 3169)))
            (IntExpr 46205)
            (VarExpr false))
           (IteExpr
            (UnopExpr ! (UnopExpr - (IntExpr 48331)))
            (VarExpr xw_j_6)
            (UnopExpr - (IntExpr 17359))))
          +
          (IteExpr
           (UnopExpr - (IntExpr 7111))
           (IntExpr 10658)
           (VarExpr lDJBD4)))
         ==
         (IntExpr 1030))
        !=
        (BinopExpr
         (UnopExpr - (IntExpr 44121))
         %
         (UnopExpr - (IntExpr 17240))))
       <=
       (UnopExpr - (IntExpr 9462)))
      !=
      (BinopExpr
       (IteExpr
        (UnopExpr - (IntExpr 21944))
        (VarExpr UF0lGt)
        (UnopExpr ! (IntExpr 7432)))
       %
       (IntExpr 36242)))
     (IntExpr 7998)
     (IteExpr (UnopExpr - (IntExpr 49059)) (VarExpr FN1KW8) (VarExpr false))))
   (IteExpr
    (IteExpr
     (BinopExpr
      (BinopExpr
       (BinopExpr
        (BinopExpr (VarExpr ckxuDm) % (UnopExpr - (VarExpr YTWylL)))
        !=
        (IntExpr 5531))
       !=
       (UnopExpr - (IntExpr 42421)))
      !=
      (UnopExpr - (IntExpr 20196)))
     (BinopExpr
      (BinopExpr
       (BinopExpr (UnopExpr - (UnopExpr - (IntExpr 4579))) * (IntExpr 41923))
       -
       (UnopExpr - (IntExpr 41044)))
      /
      (IteExpr
       (BinopExpr (UnopExpr ! (VarExpr hkrdcn)) < (IntExpr 6674))
       (BinopExpr (IntExpr 7247) - (UnopExpr - (IntExpr 32866)))
       (BinopExpr (UnopExpr - (IntExpr 7166)) - (UnopExpr - (IntExpr 13963)))))
     (IteExpr
      (BinopExpr
       (UnopExpr ! (UnopExpr ! (UnopExpr - (VarExpr YUCXcS))))
       >
       (IntExpr 6028))
      (VarExpr true)
      (BinopExpr
       (UnopExpr - (IntExpr 11515))
       <
       (BinopExpr
        (UnopExpr - (VarExpr Ri4Jg5))
        /
        (UnopExpr - (IntExpr 49064))))))
    (IteExpr
     (BinopExpr
      (BinopExpr
       (UnopExpr ! (UnopExpr ! (UnopExpr - (VarExpr R3Eksa))))
       ==
       (UnopExpr - (IntExpr 35954)))
      >=
      (BinopExpr (IntExpr 4076) / (VarExpr ATvKNS)))
     (BinopExpr
      (BinopExpr
       (BinopExpr
        (BinopExpr
         (BinopExpr (VarExpr lpcSL1) - (UnopExpr - (IntExpr 4457)))
         +
         (BinopExpr
          (UnopExpr ! (IntExpr 24741))
          /
          (UnopExpr - (VarExpr HZjYKw))))
        ==
        (UnopExpr
         !
         (IteExpr
          (UnopExpr - (VarExpr hLKgnc))
          (VarExpr fpCVy6)
          (IntExpr 21264))))
       >
       (VarExpr WsB3uJ))
      ==
      (IteExpr
       (UnopExpr - (IntExpr 33888))
       (IteExpr (VarExpr QmpFrh) (VarExpr true) (IntExpr 2004))
       (BinopExpr
        (UnopExpr - (UnopExpr - (IntExpr 43972)))
        +
        (UnopExpr - (IntExpr 44449)))))
     (VarExpr false))
    (IntExpr 15275))
   (VarExpr false))))
(StmtCmd
 (LetStmt
  (ArgLValue (VarArgument x1))
  (IteExpr
   (IteExpr
    (BinopExpr
     (UnopExpr ! (UnopExpr ! (IntExpr 4119)))
     +
     (UnopExpr - (IntExpr 44491)))
    (VarExpr yCnvcg)
    (VarExpr false))
   (IteExpr
    (UnopExpr - (VarExpr vq_BbC))
    (BinopExpr
     (BinopExpr
      (BinopExpr
       (IteExpr
        (IteExpr (IntExpr 38835) (VarExpr true) (UnopExpr - (IntExpr 33840)))
        (BinopExpr (VarExpr u22WR9) < (UnopExpr - (IntExpr 46545)))
        (IteExpr (UnopExpr - (IntExpr 24548)) (VarExpr true) (IntExpr 10107)))
       /
       (VarExpr JfsNgh))
      !=
      (UnopExpr - (IntExpr 10177)))
     <=
     (BinopExpr (VarExpr P9ywTg) + (VarExpr ECPeTM)))
    (BinopExpr (UnopExpr ! (UnopExpr ! (VarExpr otwov0))) - (VarExpr Ex10O8)))
   (VarExpr false))))
(StmtCmd
 (LetStmt
  (ArgLValue (VarArgument x2))
  (BinopExpr
   (BinopExpr
    (IteExpr
     (IteExpr
      (IteExpr
       (UnopExpr - (IntExpr 24235))
       (VarExpr true)
       (BinopExpr
        (BinopExpr (VarExpr HJfKIR) <= (UnopExpr - (IntExpr 18239)))
        >=
        (VarExpr gkgj9s)))
      (BinopExpr
       (BinopExpr
        (VarExpr iidTnO)
        >
        (BinopExpr
         (BinopExpr
          (BinopExpr
           (UnopExpr ! (UnopExpr - (IntExpr 24876)))
           /
           (VarExpr EOu0Xe))
          -
          (UnopExpr ! (VarExpr x9fNDH)))
         -
         (VarExpr BospT3)))
       <=
       (UnopExpr - (IntExpr 24531)))
      (BinopExpr
       (UnopExpr
        !
        (BinopExpr
         (IteExpr (VarExpr P41Mlu) (VarExpr TS_dCi) (IntExpr 28457))
         /
         (IteExpr
          (UnopExpr - (IntExpr 47633))
          (UnopExpr - (UnopExpr - (IntExpr 35937)))
          (VarExpr false))))
       <=
       (IteExpr
        (UnopExpr - (IntExpr 19916))
        (UnopExpr - (IntExpr 21649))
        (VarExpr iYqh5H))))
     (VarExpr etbBXA)
     (BinopExpr
      (UnopExpr
       -
       (IteExpr
        (BinopExpr
         (BinopExpr (UnopExpr - (IntExpr 47086)) * (UnopExpr - (IntExpr 5945)))
         +
         (IteExpr
          (UnopExpr - (IntExpr 6666))
          (VarExpr Gpg69H)
          (VarExpr false)))
        (IteExpr
         (UnopExpr - (IntExpr 42842))
         (VarExpr SuCxCW)
         (BinopExpr
          (UnopExpr ! (UnopExpr - (IntExpr 49774)))
          +
          (UnopExpr - (IntExpr 30753))))
        (BinopExpr
         (IteExpr
          (VarExpr unrnCy)
          (UnopExpr - (IntExpr 39361))
          (VarExpr false))
         <=
         (VarExpr Dw8Put))))
      ==
      (IteExpr
       (IteExpr
        (VarExpr DH4q14)
        (BinopExpr (VarExpr wGIc9Z) <= (VarExpr LdpQJI))
        (VarExpr false))
       (IteExpr
        (VarExpr l3G5r4)
        (BinopExpr (UnopExpr - (VarExpr Obpq9i)) + (IntExpr 4674))
        (BinopExpr (UnopExpr ! (IntExpr 18840)) / (IntExpr 45030)))
       (BinopExpr
        (BinopExpr
         (UnopExpr ! (VarExpr Eifvc8))
         <=
         (BinopExpr (VarExpr fTH5wq) / (VarExpr M_AkNR)))
        >
        (VarExpr wiWzVc)))))
    /
    (UnopExpr - (IntExpr 29306)))
   -
   (IteExpr
    (UnopExpr - (VarExpr ao66gZ))
    (BinopExpr
     (BinopExpr
      (BinopExpr (UnopExpr ! (UnopExpr ! (IntExpr 32421))) - (VarExpr Et2yEz))
      ==
      (BinopExpr (VarExpr reEHT_) * (VarExpr QstMQK)))
     >
     (IteExpr
      (BinopExpr (UnopExpr - (VarExpr NwsiJc)) + (UnopExpr - (IntExpr 44865)))
      (IteExpr
       (UnopExpr ! (IntExpr 45336))
       (UnopExpr ! (VarExpr ST6tYT))
       (VarExpr false))
      (BinopExpr (UnopExpr - (IntExpr 38686)) >= (IntExpr 48523))))
    (IteExpr
     (IteExpr
      (IntExpr 10897)
      (VarExpr true)
      (BinopExpr
       (BinopExpr (IntExpr 17642) - (UnopExpr ! (UnopExpr - (IntExpr 8586))))
       -
       (IntExpr 32620)))
     (IteExpr
      (IntExpr 5979)
      (BinopExpr (IntExpr 35936) >= (VarExpr PIVV4j))
      (UnopExpr ! (IntExpr 19683)))
     (BinopExpr
      (BinopExpr
       (VarExpr GcqPGS)
       -
       (BinopExpr (VarExpr jsHRVx) / (IntExpr 12176)))
      >
      (VarExpr bzSg1W)))))))
(StmtCmd
 (LetStmt
  (ArgLValue (VarArgument x3))
  (IteExpr
   (IteExpr
    (IteExpr
     (BinopExpr
      (IteExpr
       (UnopExpr ! (IntExpr 3532))
       (IteExpr (UnopExpr - (IntExpr 14875)) (VarExpr pyD4lP) (VarExpr WH_9zU))
       (IteExpr
        (VarExpr whdOeT)
        (UnopExpr - (IntExpr 46411))
        (UnopExpr - (IntExpr 17592))))
      <=
      (IteExpr
       (BinopExpr (UnopExpr ! (IntExpr 22902)) * (UnopExpr - (IntExpr 33652)))
       (IteExpr
        (UnopExpr - (IntExpr 39006))
        (IntExpr 4405)
        (UnopExpr - (IntExpr 17871)))
       (VarExpr false)))
     (IteExpr
      (IteExpr
       (UnopExpr - (IntExpr 33418))
       (BinopExpr
        (UnopExpr - (UnopExpr - (IntExpr 11349)))
        -
        (UnopExpr ! (IntExpr 31799)))
       (BinopExpr (UnopExpr ! (UnopExpr - (IntExpr 30242))) < (IntExpr 24249)))
      (BinopExpr
       (BinopExpr (VarExpr jcGTWB) / (VarExpr SxPOB8))
       -
       (BinopExpr (UnopExpr - (UnopExpr - (IntExpr 2123))) % (VarExpr kc6Wd5)))
      (UnopExpr ! (IntExpr 6827)))
     (VarExpr kysNal))
    (VarExpr true)
    (BinopExpr
     (BinopExpr (UnopExpr ! (UnopExpr - (IntExpr 19487))) / (VarExpr TyiaYd))
     ==
     (BinopExpr (UnopExpr - (VarExpr big9K1)) + (IntExpr 44441))))
   (BinopExpr
    (BinopExpr
     (BinopExpr (UnopExpr - (IntExpr 7832)) / (UnopExpr - (IntExpr 14726)))
     /
     (IteExpr
      (IteExpr
       (UnopExpr ! (VarExpr RPU4eq))
       (UnopExpr - (IntExpr 46228))
       (UnopExpr - (IntExpr 32731)))
      (IntExpr 16753)
      (IteExpr
       (UnopExpr - (IntExpr 49115))
       (IntExpr 4480)
       (UnopExpr ! (VarExpr CR36NX)))))
    <=
    (VarExpr sqEdmx))
   (VarExpr false))))
(StmtCmd
 (LetStmt
  (ArgLValue (VarArgument x4))
  (IteExpr
   (BinopExpr
    (BinopExpr
     (IntExpr 33978)
     >=
     (BinopExpr (UnopExpr ! (VarExpr BDdjUi)) * (VarExpr bIS5Pf)))
    >=
    (BinopExpr (UnopExpr - (IntExpr 14883)) <= (UnopExpr ! (VarExpr F0brBq))))
   (BinopExpr
    (BinopExpr
     (IteExpr
      (IteExpr (UnopExpr - (IntExpr 35631)) (IntExpr 5348) (VarExpr false))
      (IteExpr (VarExpr CfX7ek) (UnopExpr - (IntExpr 28020)) (VarExpr false))
      (BinopExpr
       (UnopExpr - (VarExpr wQaL3Z))
       >
       (UnopExpr - (VarExpr kvIdUk))))
     <=
     (BinopExpr
      (UnopExpr - (IntExpr 43590))
      +
      (BinopExpr
       (IteExpr
        (BinopExpr
         (BinopExpr (IntExpr 39343) >= (IntExpr 49157))
         <=
         (VarExpr i_E8lS))
        (BinopExpr
         (BinopExpr
          (BinopExpr
           (UnopExpr ! (UnopExpr ! (VarExpr tZgi1T)))
           +
           (UnopExpr - (IntExpr 27582)))
          %
          (IntExpr 21964))
         >
         (VarExpr ynTjoP))
        (IteExpr
         (VarExpr EZu2xh)
         (BinopExpr
          (UnopExpr ! (UnopExpr ! (IntExpr 27857)))
          ==
          (VarExpr dyQ1Aq))
         (BinopExpr (IntExpr 40109) != (UnopExpr ! (VarExpr LSwWCs)))))
       -
       (IteExpr (IntExpr 24385) (VarExpr dw6dk3) (VarExpr ioq4Po)))))
    <=
    (UnopExpr ! (VarExpr EGhOe3)))
   (VarExpr false))))
(StmtCmd
 (LetStmt
  (ArgLValue (VarArgument x5))
  (BinopExpr
   (IteExpr
    (BinopExpr
     (BinopExpr
      (VarExpr at5LBc)
      +
      (BinopExpr
       (IntExpr 7340)
       %
       (BinopExpr (UnopExpr - (VarExpr yWNcAc)) - (VarExpr qTMDvK))))
     +
     (BinopExpr
      (BinopExpr
       (IntExpr 19314)
       !=
       (IteExpr
        (UnopExpr - (IntExpr 43702))
        (UnopExpr - (IntExpr 43379))
        (VarExpr E6q0cc)))
      <
      (BinopExpr
       (BinopExpr
        (UnopExpr - (IntExpr 24683))
        ==
        (BinopExpr (VarExpr nwxzPd) * (UnopExpr - (VarExpr FmPZq_))))
       ==
       (VarExpr ue58WV))))
    (VarExpr true)
    (IteExpr
     (UnopExpr - (VarExpr mChY3s))
     (IteExpr
      (VarExpr RZCa2W)
      (BinopExpr
       (BinopExpr
        (UnopExpr ! (VarExpr NCrn2u))
        +
        (BinopExpr (VarExpr DCR2zX) * (UnopExpr ! (VarExpr RnXtpr))))
       <
       (IntExpr 12515))
      (BinopExpr
       (BinopExpr
        (VarExpr EoilEp)
        >=
        (BinopExpr (UnopExpr - (VarExpr rQ0WQU)) / (IntExpr 39033)))
       <
       (UnopExpr - (VarExpr t9qPIB))))
     (IteExpr
      (BinopExpr
       (BinopExpr
        (UnopExpr - (VarExpr Z5a5jz))
        <
        (BinopExpr (VarExpr hIXNyP) % (UnopExpr - (VarExpr J1ja3U))))
       >
       (UnopExpr - (IntExpr 25453)))
      (BinopExpr
       (IteExpr (VarExpr IVSOIA) (VarExpr B6qogx) (VarExpr gnGGLu))
       ==
       (BinopExpr (UnopExpr ! (IntExpr 41248)) > (UnopExpr - (IntExpr 39666))))
      (UnopExpr ! (UnopExpr - (IntExpr 11287))))))
   +
   (IteExpr
    (BinopExpr
     (BinopExpr
      (IteExpr
       (IteExpr
        (IteExpr
         (IteExpr
          (BinopExpr (IntExpr 5350) % (IntExpr 49832))
          (BinopExpr (VarExpr pRSgbm) - (UnopExpr - (IntExpr 22066)))
          (BinopExpr
           (UnopExpr - (VarExpr JUWZsL))
           >
           (UnopExpr - (IntExpr 21271))))
         (VarExpr true)
         (IntExpr 7837))
        (BinopExpr
         (BinopExpr
          (BinopExpr
           (UnopExpr ! (IntExpr 10111))
           >
           (BinopExpr (UnopExpr - (IntExpr 816)) + (VarExpr Dmapo4)))
          >
          (UnopExpr ! (VarExpr ZWWMJj)))
         <
         (UnopExpr ! (UnopExpr - (IntExpr 40079))))
        (VarExpr false))
       (VarExpr true)
       (BinopExpr
        (BinopExpr (IntExpr 13215) != (UnopExpr - (VarExpr Lzkpdf)))
        <
        (VarExpr ti9cNN)))
      /
      (IteExpr
       (VarExpr XX8_Li)
       (BinopExpr (VarExpr ci2SaM) > (VarExpr VddTHP))
       (UnopExpr ! (VarExpr UoWhup))))
     -
     (BinopExpr
      (BinopExpr
       (UnopExpr - (IntExpr 42648))
       >
       (BinopExpr (VarExpr YS64yY) / (VarExpr GAWXOP)))
      <=
      (VarExpr iw0sat)))
    (IteExpr
     (BinopExpr
      (BinopExpr (UnopExpr - (UnopExpr - (IntExpr 43973))) + (IntExpr 21632))
      !=
      (BinopExpr (IntExpr 3781) % (IntExpr 7425)))
     (IteExpr
      (UnopExpr - (VarExpr CogbRw))
      (UnopExpr - (IntExpr 18574))
      (VarExpr false))
     (IteExpr
      (VarExpr v_353P)
      (BinopExpr (VarExpr d9WS0q) == (VarExpr kPiD3L))
      (BinopExpr (VarExpr TJTIOb) + (UnopExpr ! (VarExpr XqKngS)))))
    (VarExpr false)))))
(StmtCmd
 (LetStmt
  (ArgLValue (VarArgument x6))
  (BinopExpr
   (BinopExpr
    (BinopExpr
     (BinopExpr
      (BinopExpr
       (IntExpr 5841)
       <=
       (BinopExpr
        (IteExpr
         (IteExpr
          (VarExpr V1f1og)
          (UnopExpr ! (UnopExpr - (IntExpr 12725)))
          (UnopExpr - (VarExpr rZtUbC)))
         (IteExpr
          (UnopExpr - (VarExpr LotSFQ))
          (VarExpr true)
          (UnopExpr ! (UnopExpr - (IntExpr 13058))))
         (BinopExpr (VarExpr nWE6W6) % (UnopExpr ! (VarExpr C5CLlk))))
        +
        (BinopExpr
         (BinopExpr
          (BinopExpr
           (IteExpr (VarExpr qp_q5q) (VarExpr G1lke3) (VarExpr o19o5M))
           %
           (UnopExpr - (IntExpr 42046)))
          /
          (UnopExpr - (VarExpr jYB2i4)))
         /
         (IteExpr
          (BinopExpr
           (UnopExpr
            !
            (IteExpr (VarExpr hs7EO7) (VarExpr i1MTG9) (VarExpr xCDD0o)))
           ==
           (IteExpr (IntExpr 17581) (VarExpr QWfyzC) (VarExpr false)))
          (VarExpr true)
          (UnopExpr ! (UnopExpr - (IntExpr 13225)))))))
      ==
      (UnopExpr ! (VarExpr XYOxnI)))
     ==
     (IntExpr 23681))
    >=
    (BinopExpr (VarExpr CPOWem) * (IntExpr 4712)))
   ==
   (BinopExpr
    (BinopExpr
     (BinopExpr (VarExpr F0vJb8) * (UnopExpr ! (VarExpr n24_jW)))
     %
     (IteExpr
      (VarExpr uFRxeS)
      (BinopExpr
       (BinopExpr
        (BinopExpr (VarExpr ngkFI4) / (VarExpr MsHUXZ))
        -
        (IntExpr 31140))
       >
       (VarExpr yrwRJX))
      (IteExpr
       (UnopExpr - (UnopExpr ! (VarExpr WPPysS)))
       (BinopExpr (IntExpr 30898) < (VarExpr lmKCtk))
       (VarExpr false))))
    %
    (BinopExpr
     (IteExpr
      (BinopExpr (IntExpr 48842) > (IntExpr 11378))
      (BinopExpr (IntExpr 35359) != (UnopExpr - (IntExpr 19959)))
      (VarExpr dGg7Gr))
     >
     (IteExpr
      (VarExpr cKRDso)
      (IteExpr (VarExpr nijOLu) (IntExpr 44671) (UnopExpr - (IntExpr 922)))
      (BinopExpr (UnopExpr - (IntExpr 8493)) == (VarExpr XZToS4))))))))
(StmtCmd
 (LetStmt
  (ArgLValue (VarArgument x7))
  (BinopExpr
   (IteExpr
    (IteExpr
     (BinopExpr
      (BinopExpr (UnopExpr - (VarExpr JS3xCJ)) < (UnopExpr - (IntExpr 38497)))
      ==
      (BinopExpr
       (BinopExpr
        (BinopExpr
         (BinopExpr (UnopExpr - (IntExpr 32536)) % (VarExpr nQkEM7))
         /
         (UnopExpr - (UnopExpr - (UnopExpr - (IntExpr 17737)))))
        %
        (VarExpr U6PRTM))
       /
       (UnopExpr - (IntExpr 47541))))
     (UnopExpr - (UnopExpr - (IntExpr 1474)))
     (VarExpr false))
    (VarExpr true)
    (BinopExpr
     (BinopExpr
      (BinopExpr
       (BinopExpr
        (BinopExpr
         (UnopExpr - (UnopExpr - (IntExpr 40134)))
         -
         (UnopExpr - (IntExpr 7529)))
        -
        (BinopExpr (UnopExpr - (IntExpr 27485)) % (UnopExpr - (IntExpr 243))))
       <
       (BinopExpr
        (BinopExpr
         (UnopExpr - (IntExpr 49365))
         ==
         (UnopExpr - (IntExpr 40128)))
        *
        (IntExpr 32679)))
      <=
      (UnopExpr - (VarExpr x9Ml5s)))
     -
     (IteExpr
      (BinopExpr
       (BinopExpr
        (BinopExpr
         (BinopExpr
          (BinopExpr (UnopExpr ! (VarExpr JucUom)) == (VarExpr cwxfml))
          <=
          (UnopExpr - (UnopExpr - (IntExpr 48290))))
         <
         (UnopExpr - (VarExpr O1fAS5)))
        !=
        (UnopExpr ! (UnopExpr - (IntExpr 2621))))
       ==
       (BinopExpr (VarExpr il8cDv) + (VarExpr udoc_U)))
      (IntExpr 45151)
      (IteExpr
       (BinopExpr
        (BinopExpr (UnopExpr - (IntExpr 6095)) % (UnopExpr ! (VarExpr t8qiF6)))
        <=
        (VarExpr VqLk6W))
       (BinopExpr
        (IteExpr
         (VarExpr Fu2ZCd)
         (UnopExpr - (IntExpr 13219))
         (VarExpr KHNi66))
        <
        (BinopExpr (VarExpr tCl56L) / (VarExpr yU1pEf)))
       (VarExpr false)))))
   <=
   (IteExpr
    (BinopExpr
     (BinopExpr
      (BinopExpr
       (IteExpr
        (IteExpr
         (BinopExpr
          (BinopExpr (UnopExpr - (VarExpr vadSTd)) <= (VarExpr XVNA5x))
          <
          (BinopExpr (UnopExpr - (VarExpr c4GWgm)) == (VarExpr BreLh2)))
         (IteExpr
          (BinopExpr
           (UnopExpr ! (IntExpr 239))
           %
           (UnopExpr - (UnopExpr - (IntExpr 35835))))
          (BinopExpr
           (UnopExpr ! (UnopExpr - (IntExpr 42520)))
           -
           (UnopExpr - (IntExpr 9318)))
          (BinopExpr (IntExpr 28289) >= (VarExpr Q0VaWk)))
         (VarExpr false))
        (UnopExpr - (IntExpr 5357))
        (IteExpr
         (BinopExpr
          (BinopExpr
           (UnopExpr
            !
            (IteExpr
             (VarExpr Fi131x)
             (BinopExpr
              (IntExpr 49550)
              /
              (UnopExpr ! (UnopExpr - (IntExpr 2716))))
             (BinopExpr
              (UnopExpr - (UnopExpr - (IntExpr 29563)))
              %
              (VarExpr nmCTR9))))
           >
           (BinopExpr (VarExpr HefiBD) % (VarExpr AK7dD5)))
          <=
          (UnopExpr - (IntExpr 24577)))
         (VarExpr true)
         (IntExpr 43957)))
       +
       (IteExpr
        (IteExpr (UnopExpr - (IntExpr 30923)) (IntExpr 14903) (VarExpr false))
        (IteExpr
         (UnopExpr - (IntExpr 45597))
         (IntExpr 49887)
         (UnopExpr - (VarExpr QUsjXM)))
        (IteExpr
         (UnopExpr - (IntExpr 43717))
         (UnopExpr ! (VarExpr tjjg9f))
         (VarExpr false))))
      >
      (BinopExpr (UnopExpr - (IntExpr 5441)) % (UnopExpr - (IntExpr 21504))))
     >=
     (BinopExpr (IntExpr 43558) > (IntExpr 1554)))
    (VarExpr true)
    (BinopExpr (UnopExpr - (IntExpr 2449)) != (IntExpr 18150))))))
(StmtCmd
 (LetStmt
  (ArgLValue (VarArgument x8))
  (BinopExpr
   (BinopExpr
    (BinopExpr
     (BinopExpr
      (BinopExpr
       (IteExpr
        (BinopExpr
         (IteExpr
          (BinopExpr
           (BinopExpr (VarExpr ECAA_i) + (IntExpr 34510))
           >
           (IteExpr
            (UnopExpr ! (UnopExpr - (IntExpr 41737)))
            (VarExpr true)
            (IntExpr 20479)))
          (VarExpr true)
          (IteExpr
           (UnopExpr - (VarExpr yzKKBI))
           (BinopExpr
            (BinopExpr
             (UnopExpr - (VarExpr p9fsSt))
             -
             (UnopExpr - (IntExpr 4259)))
            <=
            (UnopExpr - (IntExpr 22109)))
           (VarExpr false)))
         /
         (IntExpr 42097))
        (BinopExpr
         (BinopExpr
          (BinopExpr
           (BinopExpr
            (UnopExpr ! (UnopExpr - (IntExpr 5707)))
            /
            (IntExpr 49717))
           *
           (UnopExpr - (IntExpr 47759)))
          %
          (UnopExpr - (VarExpr xW6PD3)))
         !=
         (BinopExpr
          (UnopExpr ! (UnopExpr ! (VarExpr opVkTN)))
          %
          (VarExpr RDaxRo)))
        (VarExpr false))
       *
       (IteExpr
        (BinopExpr (VarExpr SCBd6X) > (VarExpr A57BGC))
        (VarExpr true)
        (BinopExpr
         (BinopExpr
          (BinopExpr (IntExpr 18289) >= (UnopExpr ! (VarExpr mnBeEz)))
          ==
          (VarExpr TOz4LL))
         <
         (VarExpr d70CH1))))
      ==
      (IteExpr
       (BinopExpr
        (BinopExpr
         (UnopExpr
          !
          (IteExpr
           (UnopExpr ! (VarExpr aVpHuV))
           (UnopExpr - (IntExpr 43010))
           (VarExpr ddZHmP)))
         >
         (BinopExpr (VarExpr OJ9zf2) * (VarExpr OMb4h1)))
        >
        (IteExpr
         (BinopExpr
          (BinopExpr
           (UnopExpr ! (IntExpr 33092))
           >
           (UnopExpr - (IntExpr 2016)))
          <=
          (UnopExpr - (IntExpr 43164)))
         (VarExpr true)
         (IntExpr 10147)))
       (IteExpr
        (BinopExpr
         (BinopExpr (UnopExpr ! (IntExpr 19716)) % (IntExpr 43469))
         %
         (IntExpr 42369))
        (VarExpr true)
        (BinopExpr
         (IteExpr (UnopExpr ! (IntExpr 32170)) (IntExpr 3502) (IntExpr 44457))
         <=
         (BinopExpr (IntExpr 11883) / (UnopExpr - (IntExpr 23419)))))
       (IteExpr
        (IteExpr
         (UnopExpr - (VarExpr Dazg6B))
         (IteExpr
          (VarExpr alP9rz)
          (UnopExpr - (IntExpr 47612))
          (UnopExpr - (VarExpr stQlHz)))
         (BinopExpr (VarExpr DK2fnV) * (UnopExpr ! (VarExpr AMHmCc))))
        (BinopExpr (VarExpr qYtQiL) + (VarExpr MsrPGx))
        (BinopExpr
         (BinopExpr
          (UnopExpr - (UnopExpr - (IntExpr 6761)))
          -
          (UnopExpr - (IntExpr 21267)))
         <
         (BinopExpr (UnopExpr - (IntExpr 39344)) - (VarExpr XjaZoc))))))
     >
     (BinopExpr
      (VarExpr jWoV0T)
      -
      (BinopExpr
       (BinopExpr
        (BinopExpr
         (UnopExpr - (UnopExpr - (UnopExpr - (IntExpr 12457))))
         ==
         (UnopExpr - (IntExpr 37013)))
        ==
        (VarExpr bI2479))
       /
       (UnopExpr - (IntExpr 31006)))))
    !=
    (VarExpr aCrwTi))
   <=
   (BinopExpr (IntExpr 18254) == (VarExpr p0Gnvv)))))
(StmtCmd
 (LetStmt
  (ArgLValue (VarArgument x9))
  (IteExpr
   (IteExpr
    (BinopExpr
     (BinopExpr
      (BinopExpr
       (BinopExpr
        (BinopExpr (VarExpr XUb0HF) - (VarExpr RaoCKx))
        -
        (VarExpr RXMXOI))
       <
       (IteExpr (VarExpr FasWt8) (IntExpr 8509) (VarExpr YZoacE)))
      ==
      (UnopExpr - (VarExpr Kps_rD)))
     <=
     (IteExpr
      (IteExpr (VarExpr xCYsfA) (VarExpr KMTKbi) (VarExpr false))
      (BinopExpr (VarExpr xm7MQI) * (VarExpr PIjbnf))
      (VarExpr S1h8i4)))
    (VarExpr true)
    (BinopExpr
     (BinopExpr
      (UnopExpr - (UnopExpr ! (VarExpr jRacrA)))
      >=
      (UnopExpr - (VarExpr r6zBkE)))
     >=
     (UnopExpr - (VarExpr dTrLwM))))
   (BinopExpr
    (BinopExpr
     (BinopExpr
      (BinopExpr
       (BinopExpr
        (IntExpr 45541)
        <
        (IteExpr
         (BinopExpr
          (BinopExpr
           (UnopExpr ! (VarExpr ryvVnL))
           !=
           (BinopExpr (VarExpr SqopH0) + (VarExpr I7U6WX)))
          !=
          (BinopExpr (UnopExpr ! (IntExpr 42370)) % (VarExpr LzV8Md)))
         (BinopExpr
          (BinopExpr
           (BinopExpr
            (UnopExpr
             !
             (IteExpr
              (VarExpr Chixx3)
              (UnopExpr - (VarExpr JJNOUf))
              (VarExpr EF2G33)))
            <=
            (UnopExpr - (IntExpr 38616)))
           >=
           (IntExpr 26815))
          >
          (IteExpr
           (IntExpr 6441)
           (BinopExpr (VarExpr fpSeSv) == (VarExpr G1CjBt))
           (UnopExpr - (IntExpr 20300))))
         (UnopExpr - (IntExpr 24251))))
       >
       (IteExpr
        (IteExpr
         (BinopExpr (VarExpr bN5yjg) == (UnopExpr - (IntExpr 43232)))
         (BinopExpr (UnopExpr - (IntExpr 33437)) > (VarExpr GS8dyj))
         (UnopExpr - (IntExpr 25180)))
        (BinopExpr
         (BinopExpr
          (BinopExpr
           (VarExpr FEuKxl)
           %
           (UnopExpr - (UnopExpr - (IntExpr 15066))))
          <=
          (UnopExpr - (IntExpr 12871)))
         >
         (UnopExpr - (IntExpr 36601)))
        (BinopExpr (VarExpr TI45wu) <= (IntExpr 11962))))
      <=
      (IteExpr
       (UnopExpr - (IntExpr 11523))
       (IteExpr (VarExpr HegPed) (UnopExpr - (IntExpr 26402)) (IntExpr 33745))
       (BinopExpr (VarExpr DFg85j) + (VarExpr LXqUTY))))
     <
     (IntExpr 34774))
    ==
    (BinopExpr
     (IntExpr 3327)
     -
     (BinopExpr
      (UnopExpr ! (VarExpr LPXT6H))
      -
      (UnopExpr - (VarExpr weOb27)))))
   (VarExpr false))))
