(StmtCmd
 (LetStmt
  (ArgLValue (VarArgument x0))
  (IteExpr
   (IteExpr
    (BinopExpr
     (BinopExpr
      (BinopExpr (UnopExpr - (VarExpr pdkJBu)) <= (VarExpr i2V0F4))
      <=
      (BinopExpr
       (BinopExpr
        (BinopExpr
         (BinopExpr
          (BinopExpr
           (BinopExpr
            (BinopExpr (VarExpr S9PLYe) / (VarExpr h9GRx_))
            *
            (BinopExpr (VarExpr m0zlak) == (UnopExpr ! (IntExpr 12978))))
           !=
           (BinopExpr
            (BinopExpr
             (BinopExpr (UnopExpr ! (VarExpr DdaiAI)) % (VarExpr VdfpQE))
             >
             (UnopExpr - (IntExpr 12421)))
            <
            (UnopExpr - (UnopExpr - (IntExpr 19029)))))
          >=
          (BinopExpr
           (UnopExpr - (IntExpr 20774))
           /
           (UnopExpr - (IntExpr 31073))))
         ==
         (UnopExpr - (IntExpr 8310)))
        !=
        (BinopExpr
         (UnopExpr - (UnopExpr - (IntExpr 17716)))
         /
         (IntExpr 20861)))
       >=
       (IntExpr 40043)))
     <
     (BinopExpr
      (IntExpr 1243)
      *
      (UnopExpr
       !
       (IteExpr
        (BinopExpr
         (BinopExpr
          (BinopExpr
           (BinopExpr
            (BinopExpr
             (UnopExpr
              !
              (IteExpr
               (UnopExpr - (VarExpr r06BQ1))
               (IteExpr
                (UnopExpr - (IntExpr 9128))
                (VarExpr true)
                (BinopExpr
                 (BinopExpr (VarExpr RkPmvt) / (UnopExpr - (IntExpr 18008)))
                 !=
                 (UnopExpr - (IntExpr 22044))))
               (BinopExpr
                (BinopExpr (VarExpr tpf_CR) % (VarExpr lKrlWd))
                ==
                (BinopExpr (IntExpr 30386) % (UnopExpr - (IntExpr 26280))))))
             ==
             (UnopExpr ! (IntExpr 13814)))
            ==
            (UnopExpr - (UnopExpr - (IntExpr 15194))))
           <=
           (IteExpr
            (UnopExpr - (IntExpr 45306))
            (UnopExpr ! (VarExpr DqdG4K))
            (UnopExpr - (UnopExpr - (IntExpr 9644)))))
          >=
          (UnopExpr - (UnopExpr - (IntExpr 37021))))
         ==
         (VarExpr xFE8dY))
        (IteExpr (VarExpr vpB6Q2) (VarExpr ittWLN) (UnopExpr - (IntExpr 5572)))
        (VarExpr false)))))
    (BinopExpr
     (BinopExpr
      (BinopExpr
       (UnopExpr - (UnopExpr - (IntExpr 22803)))
       !=
       (IteExpr
        (VarExpr TfvYQD)
        (BinopExpr
         (BinopExpr (VarExpr n3v578) <= (VarExpr az53RD))
         !=
         (IntExpr 48420))
        (VarExpr false)))
      >=
      (IteExpr (VarExpr sg2xMu) (IntExpr 45903) (VarExpr O8XaPw)))
     ==
     (UnopExpr - (IntExpr 17082)))
    (VarExpr false))
   (VarExpr hLCQAx)
   (VarExpr false))))
(StmtCmd
 (LetStmt
  (ArgLValue (VarArgument x1))
  (BinopExpr
   (IntExpr 12156)
   *
   (BinopExpr
    (BinopExpr
     (BinopExpr (UnopExpr ! (VarExpr HircDi)) <= (UnopExpr - (VarExpr Krgnmb)))
     >
     (VarExpr T8DsNL))
    >=
    (BinopExpr
     (BinopExpr
      (BinopExpr
       (BinopExpr
        (BinopExpr
         (BinopExpr
          (UnopExpr ! (UnopExpr - (IntExpr 45000)))
          >=
          (BinopExpr
           (BinopExpr
            (UnopExpr - (IntExpr 4248))
            /
            (UnopExpr - (IntExpr 36782)))
           +
           (VarExpr MDMBHv)))
         ==
         (UnopExpr ! (UnopExpr - (IntExpr 39123))))
        >=
        (UnopExpr ! (UnopExpr ! (UnopExpr - (IntExpr 13144)))))
       >
       (UnopExpr - (IntExpr 48499)))
      +
      (IteExpr
       (BinopExpr
        (IteExpr
         (IteExpr
          (UnopExpr - (VarExpr l5oVCc))
          (VarExpr true)
          (VarExpr KBug36))
         (BinopExpr (IntExpr 5023) / (UnopExpr ! (IntExpr 26752)))
         (IteExpr (VarExpr mYGusl) (VarExpr KVEAkN) (IntExpr 6009)))
        <
        (IteExpr
         (VarExpr WqGydq)
         (IntExpr 19944)
         (BinopExpr
          (UnopExpr ! (UnopExpr - (IntExpr 41430)))
          !=
          (UnopExpr ! (IntExpr 36608)))))
       (IteExpr
        (BinopExpr
         (BinopExpr
          (IteExpr
           (VarExpr eCjIvt)
           (UnopExpr ! (VarExpr efx5NJ))
           (VarExpr rlKTkn))
          *
          (IntExpr 25897))
         -
         (VarExpr DwbkQC))
        (BinopExpr (VarExpr CboXCH) != (VarExpr AVgasP))
        (IteExpr
         (IteExpr
          (IntExpr 17847)
          (UnopExpr - (IntExpr 47131))
          (UnopExpr - (IntExpr 29187)))
         (VarExpr RHoOPl)
         (BinopExpr (VarExpr VlPJ20) - (IntExpr 1034))))
       (IntExpr 41950)))
     -
     (IteExpr
      (BinopExpr
       (BinopExpr (IntExpr 25477) - (UnopExpr - (IntExpr 881)))
       >=
       (BinopExpr
        (UnopExpr - (UnopExpr - (IntExpr 24752)))
        >=
        (UnopExpr ! (UnopExpr - (IntExpr 33472)))))
      (BinopExpr
       (BinopExpr
        (VarExpr VHyWv1)
        <
        (BinopExpr
         (BinopExpr (VarExpr AEecBB) >= (IntExpr 14523))
         >=
         (BinopExpr (UnopExpr ! (VarExpr BKg2A8)) + (IntExpr 17816))))
       ==
       (IteExpr
        (BinopExpr (UnopExpr ! (VarExpr bB8y2U)) != (VarExpr gS_em8))
        (VarExpr r2IzG5)
        (BinopExpr (IntExpr 45941) >= (UnopExpr - (VarExpr SEtgul)))))
      (VarExpr false)))))))
(StmtCmd
 (LetStmt
  (ArgLValue (VarArgument x2))
  (IteExpr
   (IteExpr
    (IteExpr
     (BinopExpr
      (BinopExpr
       (UnopExpr
        !
        (BinopExpr
         (IteExpr
          (IteExpr
           (UnopExpr - (IntExpr 43092))
           (VarExpr JAWzgH)
           (IntExpr 46318))
          (BinopExpr (VarExpr ciuU6T) > (VarExpr UdKmMU))
          (BinopExpr (VarExpr bD0pcj) < (VarExpr oNWFuY)))
         <
         (BinopExpr
          (BinopExpr
           (UnopExpr ! (UnopExpr - (IntExpr 44143)))
           *
           (UnopExpr - (IntExpr 15643)))
          /
          (VarExpr t4nUsh))))
       <
       (BinopExpr
        (UnopExpr ! (UnopExpr - (IntExpr 29419)))
        <=
        (BinopExpr
         (IntExpr 11827)
         *
         (BinopExpr (IntExpr 14265) >= (UnopExpr ! (VarExpr EhO8Ak))))))
      >
      (BinopExpr
       (UnopExpr
        -
        (IteExpr
         (VarExpr maRZwx)
         (UnopExpr - (IntExpr 41381))
         (VarExpr Tz90KO)))
       %
       (VarExpr EE4eo3)))
     (VarExpr true)
     (BinopExpr
      (UnopExpr ! (VarExpr qVnEu6))
      !=
      (BinopExpr
       (BinopExpr
        (UnopExpr - (IntExpr 47508))
        *
        (IteExpr
         (IntExpr 5138)
         (VarExpr tVOioW)
         (UnopExpr - (UnopExpr - (IntExpr 24097)))))
       +
       (VarExpr dqs_Kf))))
    (VarExpr true)
    (BinopExpr
     (BinopExpr
      (VarExpr P9WPkm)
      *
      (IteExpr
       (BinopExpr
        (BinopExpr
         (BinopExpr
          (UnopExpr - (VarExpr oEliy3))
          %
          (UnopExpr - (IntExpr 15608)))
         *
         (VarExpr qyTDdQ))
        ==
        (BinopExpr
         (IteExpr (VarExpr pJ9D1T) (IntExpr 25368) (VarExpr F8MUis))
         -
         (BinopExpr (VarExpr QzLbEu) % (VarExpr bYyXdt))))
       (IteExpr
        (BinopExpr
         (BinopExpr
          (UnopExpr - (UnopExpr ! (IntExpr 20356)))
          <
          (BinopExpr (VarExpr Ve1Jxu) * (VarExpr YJ_pas)))
         >
         (VarExpr Y4usYX))
        (BinopExpr
         (BinopExpr (UnopExpr - (IntExpr 34665)) / (IntExpr 31582))
         <=
         (IteExpr (IntExpr 9547) (VarExpr K6i9xs) (VarExpr UFr7eJ)))
        (BinopExpr
         (IteExpr
          (VarExpr oL0roN)
          (UnopExpr - (UnopExpr - (IntExpr 40999)))
          (VarExpr uQ70Ai))
         /
         (BinopExpr (VarExpr QzxDDj) > (VarExpr DZDgku))))
       (BinopExpr
        (BinopExpr
         (BinopExpr
          (IteExpr
           (BinopExpr
            (VarExpr snuIJH)
            %
            (UnopExpr - (UnopExpr - (IntExpr 18247))))
           (IntExpr 27697)
           (BinopExpr (VarExpr wRctdv) == (UnopExpr - (IntExpr 6248))))
          +
          (UnopExpr - (IntExpr 32971)))
         ==
         (UnopExpr - (IntExpr 43303)))
        <
        (IteExpr (VarExpr J_e4jT) (IntExpr 33515) (IntExpr 22185)))))
     >=
     (BinopExpr
      (BinopExpr
       (VarExpr NvyaOH)
       +
       (BinopExpr
        (UnopExpr
         -
         (IteExpr
          (IteExpr
           (UnopExpr
            -
            (IteExpr
             (VarExpr yOP7EH)
             (VarExpr XYu7L5)
             (UnopExpr - (IntExpr 12093))))
           (IteExpr
            (VarExpr hJPxU7)
            (UnopExpr - (VarExpr e7yrcs))
            (UnopExpr - (IntExpr 42474)))
           (VarExpr false))
          (UnopExpr ! (UnopExpr - (IntExpr 31325)))
          (IteExpr
           (VarExpr WuqTG7)
           (IteExpr (VarExpr JI1zxd) (VarExpr P1LtVH) (VarExpr tqQPSl))
           (BinopExpr (IntExpr 35830) != (IntExpr 40434)))))
        %
        (BinopExpr
         (IteExpr
          (UnopExpr - (VarExpr F5D_cw))
          (IteExpr
           (VarExpr XxDG0D)
           (VarExpr JDFfpe)
           (UnopExpr ! (VarExpr q1Kqdz)))
          (BinopExpr (VarExpr Euo1rA) <= (IntExpr 624)))
         ==
         (IteExpr
          (BinopExpr (UnopExpr ! (IntExpr 42169)) + (IntExpr 6680))
          (VarExpr true)
          (BinopExpr
           (UnopExpr - (IntExpr 7170))
           /
           (UnopExpr - (IntExpr 27628)))))))
      +
      (UnopExpr ! (VarExpr sJo0JX)))))
   (UnopExpr - (IntExpr 13581))
   (VarExpr false))))
(StmtCmd
 (LetStmt
  (ArgLValue (VarArgument x3))
  (IteExpr
   (BinopExpr
    (IteExpr
     (IteExpr
      (IteExpr
       (BinopExpr
        (BinopExpr
         (BinopExpr (VarExpr jrpmtG) < (UnopExpr - (VarExpr S6FIhR)))
         !=
         (IntExpr 5287))
        ==
        (IntExpr 7006))
       (BinopExpr
        (UnopExpr - (IntExpr 3683))
        >=
        (UnopExpr ! (UnopExpr - (IntExpr 414))))
       (VarExpr false))
      (BinopExpr
       (IntExpr 45824)
       <=
       (BinopExpr (UnopExpr ! (IntExpr 11986)) - (UnopExpr - (IntExpr 8470))))
      (VarExpr false))
     (VarExpr true)
     (BinopExpr
      (BinopExpr
       (BinopExpr (UnopExpr ! (UnopExpr - (IntExpr 6081))) * (IntExpr 28280))
       +
       (UnopExpr - (IntExpr 25782)))
      <=
      (IntExpr 19535)))
    %
    (IteExpr
     (IteExpr
      (UnopExpr ! (UnopExpr - (IntExpr 3781)))
      (BinopExpr
       (BinopExpr
        (BinopExpr
         (IteExpr
          (UnopExpr - (IntExpr 45163))
          (UnopExpr - (IntExpr 36242))
          (UnopExpr - (IntExpr 79)))
         <
         (VarExpr QaUwsD))
        >
        (BinopExpr
         (UnopExpr - (VarExpr d4Qcvv))
         +
         (UnopExpr - (IntExpr 7705))))
       <=
       (BinopExpr
        (IntExpr 8433)
        %
        (IteExpr
         (VarExpr os4oAT)
         (VarExpr f1R8BE)
         (UnopExpr ! (VarExpr SMnKyF)))))
      (UnopExpr - (IntExpr 21754)))
     (BinopExpr
      (BinopExpr
       (BinopExpr
        (BinopExpr
         (BinopExpr
          (UnopExpr ! (UnopExpr - (UnopExpr - (UnopExpr - (IntExpr 13898)))))
          /
          (UnopExpr - (IntExpr 31986)))
         /
         (UnopExpr - (IntExpr 4578)))
        %
        (VarExpr b8X3_C))
       +
       (IteExpr
        (BinopExpr (IntExpr 38166) % (IntExpr 33868))
        (BinopExpr (UnopExpr ! (IntExpr 49360)) - (IntExpr 36029))
        (BinopExpr
         (UnopExpr - (IntExpr 19097))
         <
         (UnopExpr - (IntExpr 31562)))))
      +
      (IteExpr
       (BinopExpr
        (UnopExpr
         -
         (IteExpr (VarExpr F_Kn3d) (IntExpr 11714) (VarExpr OYj4AB)))
        +
        (BinopExpr (UnopExpr - (IntExpr 48009)) * (IntExpr 43232)))
       (IteExpr
        (BinopExpr
         (UnopExpr - (IntExpr 12675))
         >=
         (UnopExpr - (IntExpr 22292)))
        (IteExpr
         (UnopExpr - (IntExpr 6045))
         (IntExpr 5940)
         (UnopExpr - (IntExpr 7546)))
        (BinopExpr
         (UnopExpr ! (UnopExpr - (IntExpr 11747)))
         *
         (IntExpr 17742)))
       (UnopExpr ! (VarExpr OnqIZc))))
     (UnopExpr - (IntExpr 4943))))
   (IteExpr
    (BinopExpr
     (BinopExpr
      (BinopExpr
       (BinopExpr
        (BinopExpr
         (BinopExpr
          (UnopExpr ! (UnopExpr - (IntExpr 28750)))
          <
          (UnopExpr ! (UnopExpr - (IntExpr 11445))))
         >
         (VarExpr uuxY6t))
        >=
        (VarExpr z4RRPD))
       <
       (BinopExpr
        (IteExpr
         (IteExpr
          (BinopExpr (UnopExpr ! (IntExpr 15321)) - (IntExpr 33985))
          (IntExpr 42830)
          (IteExpr
           (UnopExpr - (IntExpr 2923))
           (VarExpr il13ex)
           (VarExpr UWlNJA)))
         (BinopExpr
          (BinopExpr (UnopExpr - (VarExpr imuwIM)) == (VarExpr SXyKPw))
          >=
          (BinopExpr (IntExpr 37992) == (VarExpr Ayc_FV)))
         (BinopExpr
          (BinopExpr
           (BinopExpr (UnopExpr ! (VarExpr a_tKL2)) % (VarExpr GQpHxz))
           +
           (UnopExpr - (VarExpr WHVgI8)))
          ==
          (UnopExpr - (VarExpr DL2gEC))))
        +
        (IteExpr
         (IteExpr
          (BinopExpr
           (BinopExpr
            (IteExpr
             (BinopExpr
              (IntExpr 32771)
              !=
              (UnopExpr - (UnopExpr - (IntExpr 324))))
             (BinopExpr (UnopExpr ! (IntExpr 24144)) * (VarExpr l8Bmw_))
             (BinopExpr
              (UnopExpr ! (IntExpr 5260))
              !=
              (UnopExpr - (UnopExpr - (IntExpr 31920)))))
            !=
            (IntExpr 1595))
           ==
           (VarExpr eHUIGx))
          (VarExpr true)
          (BinopExpr (IntExpr 36573) % (VarExpr fOCOPk)))
         (BinopExpr
          (BinopExpr
           (BinopExpr
            (UnopExpr - (IntExpr 39670))
            ==
            (BinopExpr
             (UnopExpr ! (VarExpr D5EuDC))
             %
             (IteExpr (IntExpr 38869) (IntExpr 46287) (VarExpr kux02r))))
           ==
           (BinopExpr (VarExpr Csf1AQ) / (VarExpr FPKy6_)))
          >=
          (IntExpr 17928))
         (BinopExpr
          (BinopExpr
           (IteExpr
            (VarExpr oaLFQZ)
            (IteExpr
             (VarExpr Q_gjih)
             (UnopExpr - (IntExpr 44019))
             (VarExpr Fjq6m3))
            (IteExpr
             (VarExpr xu1eFd)
             (UnopExpr - (VarExpr Vy1Gxa))
             (UnopExpr - (IntExpr 25292))))
           /
           (VarExpr BTji1Z))
          >=
          (BinopExpr (VarExpr oBiwK8) + (VarExpr oIQVGT))))))
      !=
      (IteExpr
       (VarExpr Ipz2uV)
       (BinopExpr
        (UnopExpr - (IntExpr 9698))
        +
        (IteExpr
         (BinopExpr (IntExpr 12374) + (VarExpr DfFXOS))
         (IteExpr (IntExpr 13891) (UnopExpr - (IntExpr 11841)) (VarExpr false))
         (BinopExpr (VarExpr HOpd4u) >= (VarExpr LEkSUc))))
       (UnopExpr - (VarExpr Lov0j0))))
     ==
     (UnopExpr ! (UnopExpr - (IntExpr 28042))))
    (VarExpr true)
    (IteExpr
     (BinopExpr
      (BinopExpr
       (UnopExpr - (VarExpr DLeynA))
       +
       (UnopExpr ! (UnopExpr - (IntExpr 6699))))
      -
      (UnopExpr - (UnopExpr - (IntExpr 227))))
     (IteExpr
      (UnopExpr - (IntExpr 21837))
      (BinopExpr
       (BinopExpr (UnopExpr - (VarExpr CBGa3y)) / (IntExpr 1666))
       *
       (VarExpr mkLfhE))
      (VarExpr false))
     (IteExpr
      (UnopExpr - (IntExpr 27369))
      (VarExpr true)
      (BinopExpr
       (BinopExpr
        (UnopExpr - (VarExpr EGvuRH))
        +
        (UnopExpr ! (UnopExpr ! (UnopExpr - (IntExpr 19805)))))
       <=
       (UnopExpr - (UnopExpr - (IntExpr 34345)))))))
   (BinopExpr
    (BinopExpr
     (BinopExpr
      (BinopExpr
       (BinopExpr
        (BinopExpr
         (UnopExpr
          -
          (BinopExpr (UnopExpr - (VarExpr x3zI5a)) <= (IntExpr 3196)))
         /
         (VarExpr ggSS6C))
        !=
        (UnopExpr - (IntExpr 14907)))
       ==
       (BinopExpr
        (UnopExpr - (VarExpr Z5bw8A))
        /
        (UnopExpr ! (VarExpr XijuTO))))
      >=
      (IteExpr
       (IteExpr
        (UnopExpr - (IntExpr 34543))
        (UnopExpr ! (UnopExpr - (IntExpr 42374)))
        (UnopExpr - (IntExpr 22541)))
       (BinopExpr (UnopExpr - (IntExpr 18896)) == (VarExpr DeOIbQ))
       (VarExpr h5umBJ)))
     >
     (BinopExpr
      (UnopExpr ! (IntExpr 10070))
      -
      (IteExpr
       (IteExpr (IntExpr 48717) (UnopExpr - (IntExpr 23527)) (VarExpr false))
       (BinopExpr (UnopExpr - (IntExpr 47651)) * (UnopExpr - (IntExpr 21264)))
       (BinopExpr (UnopExpr - (IntExpr 14856)) - (VarExpr uXVY86)))))
    !=
    (IteExpr
     (BinopExpr (UnopExpr - (IntExpr 1662)) == (UnopExpr - (IntExpr 53)))
     (VarExpr true)
     (IteExpr (VarExpr I8s4UR) (VarExpr uhHYTM) (VarExpr y5lwk3)))))))
(StmtCmd
 (LetStmt
  (ArgLValue (VarArgument x4))
  (IteExpr
   (BinopExpr
    (BinopExpr
     (BinopExpr
      (IteExpr
       (IteExpr
        (IteExpr
         (UnopExpr
          -
          (BinopExpr (UnopExpr - (IntExpr 41169)) / (VarExpr PprM_e)))
         (BinopExpr
          (IteExpr
           (UnopExpr - (IntExpr 7970))
           (UnopExpr - (IntExpr 46202))
           (UnopExpr - (IntExpr 36778)))
          <
          (VarExpr L8ttDS))
         (VarExpr false))
        (BinopExpr
         (BinopExpr
          (BinopExpr
           (IntExpr 8456)
           >
           (IteExpr
            (UnopExpr - (IntExpr 32357))
            (UnopExpr - (IntExpr 13609))
            (UnopExpr - (IntExpr 39526))))
          <=
          (BinopExpr
           (BinopExpr
            (BinopExpr
             (BinopExpr
              (VarExpr KFcYpx)
              *
              (UnopExpr ! (UnopExpr - (IntExpr 9748))))
             *
             (VarExpr ISb0qi))
            *
            (IntExpr 15200))
           +
           (BinopExpr
            (UnopExpr ! (VarExpr ZUCiv3))
            *
            (UnopExpr ! (VarExpr atgZ20)))))
         ==
         (IteExpr
          (VarExpr Zxdfbg)
          (UnopExpr - (IntExpr 35504))
          (UnopExpr - (IntExpr 38984))))
        (VarExpr false))
       (IteExpr
        (BinopExpr
         (UnopExpr - (BinopExpr (UnopExpr ! (IntExpr 514)) < (VarExpr Gj4xCw)))
         <=
         (UnopExpr - (UnopExpr - (IntExpr 28242))))
        (VarExpr true)
        (BinopExpr
         (BinopExpr
          (IntExpr 44060)
          ==
          (BinopExpr
           (IntExpr 37714)
           -
           (BinopExpr
            (UnopExpr - (UnopExpr - (VarExpr NbIwF7)))
            -
            (VarExpr aLzOYe))))
         >=
         (BinopExpr
          (IteExpr
           (BinopExpr
            (UnopExpr ! (UnopExpr - (IntExpr 39365)))
            >
            (VarExpr M_GCzF))
           (IteExpr
            (UnopExpr - (IntExpr 12050))
            (VarExpr L4Ehmu)
            (UnopExpr ! (UnopExpr - (IntExpr 41609))))
           (UnopExpr - (IntExpr 5345)))
          -
          (IntExpr 16915))))
       (UnopExpr - (IntExpr 37954)))
      <
      (BinopExpr
       (BinopExpr
        (UnopExpr ! (UnopExpr - (VarExpr FTi86m)))
        %
        (UnopExpr ! (IntExpr 28479)))
       *
       (IteExpr
        (IntExpr 37076)
        (BinopExpr (UnopExpr - (VarExpr BnIgVZ)) >= (VarExpr KYZc9S))
        (VarExpr r802WX))))
     <
     (BinopExpr
      (BinopExpr
       (BinopExpr
        (BinopExpr
         (BinopExpr
          (UnopExpr ! (VarExpr U6SNpK))
          %
          (UnopExpr - (UnopExpr - (IntExpr 36683))))
         %
         (VarExpr OdJHFi))
        <
        (VarExpr BMiRjD))
       *
       (VarExpr NwzZG2))
      -
      (BinopExpr
       (BinopExpr
        (UnopExpr
         !
         (BinopExpr
          (BinopExpr
           (BinopExpr
            (BinopExpr
             (IteExpr
              (IntExpr 13700)
              (IteExpr (VarExpr RmCD6U) (VarExpr QyvY3V) (VarExpr false))
              (BinopExpr (VarExpr Osk1eZ) * (IntExpr 32095)))
             %
             (UnopExpr - (UnopExpr - (IntExpr 32353))))
            <=
            (UnopExpr - (IntExpr 7099)))
           >=
           (IntExpr 11501))
          >
          (UnopExpr - (IntExpr 8592))))
        %
        (BinopExpr
         (BinopExpr
          (UnopExpr - (UnopExpr - (IntExpr 30039)))
          >=
          (BinopExpr
           (UnopExpr - (IntExpr 42002))
           +
           (BinopExpr (IntExpr 34229) % (VarExpr PWYzWI))))
         ==
         (BinopExpr (UnopExpr - (IntExpr 21337)) * (IntExpr 44721))))
       %
       (IntExpr 45803))))
    ==
    (BinopExpr
     (BinopExpr
      (VarExpr zAbSdv)
      +
      (BinopExpr
       (BinopExpr
        (IteExpr
         (BinopExpr
          (UnopExpr ! (UnopExpr ! (VarExpr o_k7QG)))
          *
          (VarExpr wUMxMk))
         (BinopExpr
          (UnopExpr - (IntExpr 6118))
          <=
          (UnopExpr ! (VarExpr vXigiU)))
         (IteExpr
          (UnopExpr - (IntExpr 22869))
          (IntExpr 41758)
          (VarExpr false)))
        %
        (UnopExpr ! (IntExpr 30784)))
       *
       (IteExpr
        (VarExpr qRiJmZ)
        (IteExpr
         (UnopExpr ! (UnopExpr - (IntExpr 4152)))
         (VarExpr J3r9Pz)
         (IntExpr 26119))
        (BinopExpr (VarExpr cvanI_) < (UnopExpr - (VarExpr qDVG8U))))))
     +
     (UnopExpr - (VarExpr r4l4jW))))
   (VarExpr true)
   (BinopExpr
    (BinopExpr (UnopExpr - (IntExpr 27882)) > (UnopExpr - (IntExpr 11454)))
    <
    (BinopExpr
     (IteExpr (UnopExpr - (IntExpr 42672)) (VarExpr FYFqH3) (IntExpr 46982))
     /
     (IntExpr 38265))))))
(StmtCmd
 (LetStmt
  (ArgLValue (VarArgument x5))
  (IteExpr
   (IteExpr
    (IteExpr
     (IteExpr
      (IteExpr
       (IteExpr
        (BinopExpr
         (UnopExpr - (UnopExpr - (VarExpr A1U0mp)))
         ==
         (BinopExpr
          (BinopExpr
           (BinopExpr
            (BinopExpr
             (UnopExpr
              !
              (IteExpr
               (BinopExpr
                (UnopExpr - (VarExpr fWL_Nh))
                /
                (UnopExpr - (VarExpr q9wInL)))
               (BinopExpr
                (UnopExpr ! (VarExpr p2Vi22))
                <=
                (UnopExpr ! (UnopExpr - (IntExpr 33397))))
               (BinopExpr (VarExpr WtmMeT) / (IntExpr 45614))))
             !=
             (IntExpr 25402))
            !=
            (BinopExpr
             (UnopExpr ! (VarExpr Xc6q8D))
             %
             (UnopExpr - (VarExpr S787eC))))
           >
           (UnopExpr - (IntExpr 44708)))
          -
          (BinopExpr
           (BinopExpr
            (UnopExpr - (UnopExpr - (IntExpr 9398)))
            *
            (IteExpr
             (UnopExpr - (VarExpr p4FFNl))
             (UnopExpr - (IntExpr 39874))
             (VarExpr KKCH08)))
           *
           (IteExpr
            (UnopExpr - (IntExpr 24840))
            (UnopExpr - (IntExpr 3881))
            (IntExpr 23437)))))
        (BinopExpr
         (BinopExpr
          (BinopExpr
           (BinopExpr
            (UnopExpr
             !
             (BinopExpr
              (BinopExpr (VarExpr xdcekW) % (VarExpr tAQx4D))
              ==
              (VarExpr pnlNZs)))
            ==
            (UnopExpr - (IntExpr 83)))
           >=
           (IteExpr
            (UnopExpr
             -
             (IteExpr
              (VarExpr smphrQ)
              (BinopExpr
               (BinopExpr
                (BinopExpr (VarExpr fZyNIm) % (VarExpr D97YDD))
                /
                (VarExpr E6O8Fd))
               >
               (UnopExpr - (IntExpr 1063)))
              (UnopExpr ! (VarExpr cl90UI))))
            (VarExpr true)
            (VarExpr ohOByx)))
          <=
          (VarExpr tJ6rOP))
         <=
         (IteExpr
          (VarExpr aYK09M)
          (VarExpr b0dn_J)
          (UnopExpr - (IntExpr 15478))))
        (VarExpr false))
       (UnopExpr - (IntExpr 23186))
       (VarExpr false))
      (VarExpr true)
      (IteExpr (VarExpr mprtFy) (IntExpr 46781) (VarExpr uUA_yr)))
     (VarExpr true)
     (BinopExpr
      (UnopExpr
       !
       (IteExpr
        (BinopExpr (UnopExpr - (IntExpr 10926)) % (VarExpr LOxi4c))
        (UnopExpr - (UnopExpr - (IntExpr 4674)))
        (IteExpr
         (UnopExpr ! (VarExpr BEEfrf))
         (VarExpr true)
         (UnopExpr - (VarExpr SqnyeI)))))
      !=
      (UnopExpr - (UnopExpr - (IntExpr 34370)))))
    (VarExpr true)
    (BinopExpr
     (UnopExpr ! (UnopExpr - (IntExpr 14438)))
     <=
     (UnopExpr ! (IntExpr 26938))))
   (VarExpr true)
   (BinopExpr
    (BinopExpr
     (BinopExpr
      (BinopExpr
       (UnopExpr - (UnopExpr - (IntExpr 48907)))
       >
       (IteExpr
        (IteExpr
         (BinopExpr
          (UnopExpr ! (UnopExpr - (IntExpr 32636)))
          ==
          (VarExpr TG3cFs))
         (VarExpr true)
         (BinopExpr (VarExpr qxhY3q) / (UnopExpr - (VarExpr qravsk))))
        (IteExpr
         (UnopExpr ! (IntExpr 35529))
         (BinopExpr
          (BinopExpr
           (UnopExpr - (VarExpr kDHJ9B))
           >
           (BinopExpr
            (UnopExpr - (IntExpr 4940))
            *
            (UnopExpr - (IntExpr 12977))))
          ==
          (UnopExpr - (IntExpr 38084)))
         (VarExpr false))
        (IteExpr
         (BinopExpr
          (BinopExpr
           (UnopExpr ! (UnopExpr ! (VarExpr WsinQk)))
           -
           (VarExpr p01ObG))
          >=
          (BinopExpr (UnopExpr - (IntExpr 47052)) * (VarExpr xRBvWK)))
         (BinopExpr
          (IteExpr
           (UnopExpr - (VarExpr jqJJne))
           (IntExpr 18701)
           (VarExpr V1vvsA))
          <
          (IteExpr
           (IntExpr 10373)
           (UnopExpr - (IntExpr 24733))
           (UnopExpr - (IntExpr 14080))))
         (IteExpr
          (IteExpr
           (VarExpr ae0wNr)
           (UnopExpr - (IntExpr 28870))
           (VarExpr false))
          (VarExpr cooww2)
          (VarExpr false)))))
      <
      (UnopExpr
       -
       (BinopExpr
        (BinopExpr
         (IteExpr
          (UnopExpr ! (VarExpr I4qhWR))
          (VarExpr HQDema)
          (VarExpr false))
         >=
         (IntExpr 41506))
        ==
        (UnopExpr - (IntExpr 7746)))))
     <
     (VarExpr k103r0))
    >
    (BinopExpr (IntExpr 46964) + (VarExpr Cdbnje))))))
(StmtCmd
 (LetStmt
  (ArgLValue (VarArgument x6))
  (BinopExpr
   (BinopExpr
    (BinopExpr
     (IteExpr
      (BinopExpr
       (IteExpr
        (UnopExpr - (IntExpr 36244))
        (UnopExpr - (IntExpr 32725))
        (IteExpr
         (IteExpr
          (BinopExpr
           (BinopExpr
            (BinopExpr
             (IteExpr (VarExpr qFLGi8) (VarExpr d5ZTmA) (VarExpr nh5uHC))
             !=
             (UnopExpr - (VarExpr HyPf_6)))
            <=
            (IntExpr 20405))
           <
           (VarExpr AjIyce))
          (BinopExpr (VarExpr Hr5HC_) <= (VarExpr qQBJjg))
          (VarExpr false))
         (VarExpr true)
         (UnopExpr ! (UnopExpr - (IntExpr 12759)))))
       !=
       (IteExpr
        (UnopExpr
         !
         (IteExpr
          (BinopExpr
           (UnopExpr ! (VarExpr qetU8c))
           !=
           (UnopExpr - (IntExpr 19098)))
          (VarExpr true)
          (VarExpr MW6u2v)))
        (BinopExpr
         (BinopExpr
          (UnopExpr - (UnopExpr - (VarExpr xW8OGs)))
          >
          (BinopExpr (UnopExpr ! (VarExpr G0GxlQ)) / (VarExpr QKDtHy)))
         ==
         (BinopExpr
          (BinopExpr (VarExpr iPO8T5) <= (IntExpr 17018))
          ==
          (IteExpr
           (BinopExpr (VarExpr KoXs_Z) > (VarExpr x_p8IY))
           (IntExpr 37276)
           (UnopExpr - (IntExpr 30788)))))
        (VarExpr false)))
      (IteExpr
       (BinopExpr
        (BinopExpr
         (BinopExpr
          (BinopExpr
           (UnopExpr
            !
            (UnopExpr
             -
             (IteExpr
              (BinopExpr (VarExpr ZbeA_B) >= (IntExpr 251))
              (IteExpr
               (UnopExpr - (IntExpr 25676))
               (IntExpr 3403)
               (IntExpr 40785))
              (UnopExpr ! (IntExpr 43260)))))
           >=
           (BinopExpr
            (IntExpr 23872)
            *
            (UnopExpr
             -
             (BinopExpr (IntExpr 44449) != (UnopExpr - (IntExpr 32609))))))
          >=
          (BinopExpr (VarExpr OyMlO6) / (UnopExpr - (VarExpr wnyqZj))))
         <=
         (BinopExpr (VarExpr vywd7k) - (UnopExpr - (IntExpr 44229))))
        <
        (BinopExpr (UnopExpr - (IntExpr 21850)) % (VarExpr i6KcLK)))
       (BinopExpr
        (BinopExpr
         (BinopExpr (UnopExpr - (IntExpr 48012)) * (IntExpr 6272))
         -
         (BinopExpr (VarExpr jF04ge) != (VarExpr kAdn7l)))
        +
        (IteExpr
         (IntExpr 34951)
         (BinopExpr (IntExpr 37511) == (VarExpr gipffe))
         (VarExpr false)))
       (BinopExpr
        (UnopExpr - (IntExpr 669))
        !=
        (IteExpr
         (VarExpr in2vKd)
         (IteExpr
          (IteExpr
           (IntExpr 38805)
           (UnopExpr ! (UnopExpr - (IntExpr 964)))
           (VarExpr false))
          (BinopExpr (UnopExpr - (IntExpr 8049)) < (VarExpr DjToaL))
          (VarExpr dQSjT3))
         (VarExpr false))))
      (IteExpr
       (BinopExpr
        (IteExpr
         (BinopExpr
          (IteExpr
           (VarExpr NMqPFu)
           (UnopExpr ! (UnopExpr - (IntExpr 30457)))
           (UnopExpr ! (VarExpr bOfGQO)))
          +
          (UnopExpr ! (VarExpr vzX2sw)))
         (BinopExpr
          (IteExpr
           (UnopExpr - (UnopExpr - (IntExpr 28987)))
           (VarExpr true)
           (VarExpr AXjKmZ))
          >=
          (BinopExpr
           (UnopExpr ! (UnopExpr - (IntExpr 20438)))
           !=
           (UnopExpr - (IntExpr 11911))))
         (BinopExpr
          (UnopExpr - (VarExpr GKHbfp))
          !=
          (BinopExpr
           (UnopExpr - (IntExpr 32267))
           -
           (IteExpr (VarExpr ybgtAW) (VarExpr qMb0IP) (VarExpr XGvY59)))))
        -
        (BinopExpr
         (IteExpr
          (IteExpr (VarExpr oZfpRd) (VarExpr ehaknQ) (VarExpr hsbRKd))
          (IteExpr
           (UnopExpr - (IntExpr 24174))
           (UnopExpr - (VarExpr eRdNF_))
           (UnopExpr - (IntExpr 36577)))
          (IteExpr
           (UnopExpr - (IntExpr 26423))
           (UnopExpr - (IntExpr 32099))
           (IntExpr 37263)))
         *
         (IteExpr
          (IntExpr 3442)
          (BinopExpr (VarExpr ne6uE8) == (IntExpr 46797))
          (UnopExpr - (IntExpr 8389)))))
       (IteExpr
        (BinopExpr
         (IteExpr
          (UnopExpr - (IntExpr 21195))
          (BinopExpr
           (VarExpr Ed2Y05)
           <=
           (UnopExpr ! (UnopExpr - (IntExpr 38384))))
          (BinopExpr (UnopExpr - (IntExpr 9229)) != (IntExpr 9093)))
         >
         (UnopExpr - (IntExpr 35020)))
        (BinopExpr
         (BinopExpr
          (BinopExpr
           (BinopExpr
            (VarExpr XZGKvg)
            ==
            (BinopExpr (VarExpr IOvFJr) / (UnopExpr - (IntExpr 41948))))
           !=
           (VarExpr RMSyMW))
          ==
          (BinopExpr
           (UnopExpr - (UnopExpr - (IntExpr 1479)))
           %
           (VarExpr S5qmCf)))
         <=
         (BinopExpr (VarExpr p1D6yN) > (VarExpr HrMUvz)))
        (IteExpr
         (BinopExpr (UnopExpr ! (VarExpr IO67vE)) != (VarExpr nbNmbT))
         (UnopExpr - (IntExpr 6665))
         (VarExpr false)))
       (IteExpr
        (IteExpr
         (BinopExpr (UnopExpr ! (VarExpr z7LUCW)) + (VarExpr W9XWMK))
         (VarExpr true)
         (VarExpr rFHGwL))
        (BinopExpr
         (BinopExpr (IntExpr 31918) % (UnopExpr - (IntExpr 29234)))
         >
         (BinopExpr
          (BinopExpr
           (BinopExpr (UnopExpr - (VarExpr HRa9TK)) % (IntExpr 38420))
           %
           (IntExpr 19752))
          *
          (IteExpr
           (BinopExpr
            (BinopExpr
             (UnopExpr - (UnopExpr - (IntExpr 7656)))
             %
             (UnopExpr ! (UnopExpr - (IntExpr 29163))))
            *
            (UnopExpr ! (IntExpr 9025)))
           (VarExpr qBD7Wg)
           (BinopExpr
            (BinopExpr
             (BinopExpr (VarExpr Ev6BN0) + (UnopExpr ! (VarExpr GRoHhH)))
             <=
             (UnopExpr - (VarExpr kNEUiO)))
            >=
            (UnopExpr ! (VarExpr AyRgZZ))))))
        (VarExpr false))))
     +
     (BinopExpr
      (IteExpr
       (IteExpr
        (BinopExpr
         (BinopExpr
          (BinopExpr
           (BinopExpr
            (BinopExpr
             (BinopExpr
              (UnopExpr ! (UnopExpr - (IntExpr 5754)))
              <
              (IntExpr 49711))
             ==
             (BinopExpr
              (UnopExpr ! (IntExpr 15524))
              *
              (UnopExpr - (IntExpr 41523))))
            >
            (BinopExpr (VarExpr acOpPl) / (VarExpr NvjAuj)))
           >=
           (BinopExpr
            (VarExpr FXT6BA)
            %
            (IteExpr
             (IntExpr 19321)
             (UnopExpr ! (VarExpr P7g9cF))
             (VarExpr sBs1mq))))
          >
          (VarExpr yYUjYJ))
         <
         (IntExpr 9843))
        (VarExpr true)
        (VarExpr lRV5Fp))
       (IteExpr
        (IteExpr
         (IteExpr
          (BinopExpr
           (BinopExpr
            (BinopExpr
             (BinopExpr
              (BinopExpr
               (UnopExpr
                !
                (UnopExpr
                 -
                 (IteExpr
                  (UnopExpr ! (VarExpr Ud61qj))
                  (UnopExpr - (IntExpr 34212))
                  (UnopExpr - (IntExpr 11592)))))
               *
               (IteExpr (VarExpr C_4uI5) (VarExpr M4GB4r) (IntExpr 27037)))
              ==
              (UnopExpr - (UnopExpr - (UnopExpr - (IntExpr 4690)))))
             <=
             (IntExpr 18749))
            >
            (BinopExpr (IntExpr 35947) / (VarExpr Xq7AWf)))
           ==
           (UnopExpr ! (UnopExpr - (IntExpr 9762))))
          (VarExpr true)
          (VarExpr onjqs3))
         (VarExpr true)
         (BinopExpr (UnopExpr ! (VarExpr zKDJoC)) - (IntExpr 38409)))
        (VarExpr true)
        (IteExpr
         (IteExpr
          (VarExpr ApIPyP)
          (VarExpr eyh6Gt)
          (UnopExpr - (IntExpr 48574)))
         (IteExpr
          (VarExpr DnlAJ7)
          (VarExpr CTr2rh)
          (UnopExpr ! (IntExpr 4044)))
         (IteExpr
          (UnopExpr - (VarExpr GKrE9J))
          (VarExpr GxRfnL)
          (UnopExpr ! (VarExpr lIo2uP)))))
       (IntExpr 13596))
      /
      (UnopExpr - (IntExpr 2651))))
    <=
    (BinopExpr
     (BinopExpr
      (BinopExpr
       (BinopExpr (VarExpr CmmKkN) > (IntExpr 45426))
       *
       (UnopExpr - (UnopExpr - (IntExpr 28797))))
      %
      (IntExpr 18065))
     -
     (VarExpr m6aoYy)))
   <=
   (BinopExpr
    (IteExpr
     (IteExpr
      (UnopExpr - (IntExpr 7171))
      (BinopExpr
       (VarExpr AiIdri)
       *
       (IteExpr
        (UnopExpr - (IntExpr 30549))
        (VarExpr KRKXZH)
        (VarExpr bXw9J8)))
      (VarExpr false))
     (BinopExpr
      (UnopExpr - (IntExpr 31141))
      ==
      (BinopExpr (IntExpr 22707) - (UnopExpr - (IntExpr 31035))))
     (BinopExpr
      (BinopExpr (UnopExpr - (IntExpr 2187)) < (UnopExpr - (IntExpr 10539)))
      ==
      (BinopExpr (UnopExpr - (IntExpr 28855)) * (IntExpr 11436))))
    /
    (VarExpr Hszkub)))))
(StmtCmd
 (LetStmt
  (ArgLValue (VarArgument x7))
  (UnopExpr ! (UnopExpr - (IntExpr 17800)))))
(StmtCmd (LetStmt (ArgLValue (VarArgument x8)) (IntExpr 30782)))
(StmtCmd
 (LetStmt
  (ArgLValue (VarArgument x9))
  (BinopExpr
   (IntExpr 46776)
   -
   (BinopExpr
    (BinopExpr
     (BinopExpr
      (UnopExpr
       !
       (IteExpr
        (IteExpr
         (VarExpr ljQf4M)
         (IteExpr
          (BinopExpr
           (UnopExpr ! (VarExpr RrSLdD))
           /
           (UnopExpr - (VarExpr LdzCxT)))
          (VarExpr true)
          (BinopExpr
           (BinopExpr
            (BinopExpr (UnopExpr ! (VarExpr I2a6f7)) >= (VarExpr uhuiT_))
            <
            (BinopExpr
             (UnopExpr
              -
              (IteExpr
               (VarExpr MLM7VG)
               (VarExpr gOFYTu)
               (UnopExpr ! (IntExpr 24797))))
             /
             (IntExpr 1124)))
           ==
           (UnopExpr - (IntExpr 15776))))
         (BinopExpr
          (BinopExpr
           (UnopExpr - (IntExpr 9294))
           >
           (BinopExpr (VarExpr cf6lGx) / (UnopExpr ! (IntExpr 15262))))
          -
          (BinopExpr
           (UnopExpr ! (IntExpr 34379))
           <=
           (IteExpr
            (VarExpr DQRTGW)
            (UnopExpr - (IntExpr 26671))
            (UnopExpr - (UnopExpr - (IntExpr 7933)))))))
        (IteExpr
         (BinopExpr
          (BinopExpr
           (BinopExpr
            (UnopExpr - (IntExpr 29188))
            -
            (BinopExpr
             (UnopExpr ! (VarExpr uRElYE))
             *
             (UnopExpr - (IntExpr 12103))))
           >=
           (VarExpr u8GimE))
          <
          (VarExpr ssOtVd))
         (IteExpr
          (UnopExpr - (VarExpr CFcpL8))
          (VarExpr true)
          (IteExpr
           (BinopExpr (UnopExpr - (IntExpr 33333)) - (IntExpr 25728))
           (UnopExpr ! (UnopExpr - (IntExpr 18746)))
           (VarExpr false)))
         (IteExpr
          (IteExpr
           (BinopExpr
            (BinopExpr (UnopExpr - (VarExpr sc0869)) % (VarExpr JRrgNN))
            /
            (VarExpr KZOiNt))
           (VarExpr gTZVyS)
           (VarExpr false))
          (BinopExpr
           (BinopExpr (UnopExpr - (IntExpr 44320)) / (VarExpr WWghFN))
           >
           (IteExpr (VarExpr KjuJ_V) (VarExpr GuNfDl) (VarExpr false)))
          (BinopExpr (UnopExpr - (IntExpr 33240)) / (VarExpr Q5OYS5))))
        (IteExpr
         (VarExpr GRPD9j)
         (IteExpr
          (IteExpr
           (BinopExpr
            (UnopExpr - (UnopExpr - (IntExpr 21451)))
            >=
            (VarExpr wGnbvJ))
           (VarExpr true)
           (IntExpr 8568))
          (VarExpr a52jVb)
          (IteExpr
           (BinopExpr (IntExpr 28855) < (UnopExpr - (IntExpr 43369)))
           (IteExpr
            (UnopExpr - (IntExpr 5518))
            (UnopExpr - (IntExpr 43342))
            (VarExpr false))
           (BinopExpr (UnopExpr - (IntExpr 32002)) <= (VarExpr QFb0BM))))
         (IteExpr (IntExpr 32409) (VarExpr U9fSnP) (VarExpr false)))))
      %
      (UnopExpr - (UnopExpr ! (UnopExpr - (IntExpr 22834)))))
     +
     (UnopExpr - (IntExpr 33147)))
    >
    (IteExpr
     (BinopExpr
      (BinopExpr
       (UnopExpr ! (IntExpr 9901))
       ==
       (BinopExpr
        (UnopExpr ! (UnopExpr - (IntExpr 8675)))
        *
        (UnopExpr - (IntExpr 36859))))
      ==
      (VarExpr JZzBij))
     (IteExpr
      (IteExpr
       (VarExpr j3L7Nt)
       (VarExpr true)
       (BinopExpr
        (BinopExpr (IntExpr 37915) - (VarExpr BzjZQL))
        +
        (VarExpr ZVlz2s)))
      (BinopExpr
       (BinopExpr (IntExpr 4041) >= (UnopExpr - (IntExpr 274)))
       >
       (BinopExpr (VarExpr uScSIC) / (VarExpr ryv3VB)))
      (VarExpr false))
     (BinopExpr
      (BinopExpr
       (BinopExpr
        (BinopExpr
         (BinopExpr
          (UnopExpr ! (UnopExpr - (IntExpr 27773)))
          <=
          (BinopExpr
           (UnopExpr - (IntExpr 5957))
           +
           (UnopExpr - (UnopExpr ! (VarExpr LG7StI)))))
         >=
         (IntExpr 2281))
        <
        (UnopExpr - (VarExpr Z0LkQk)))
       <=
       (VarExpr jY6H57))
      <
      (BinopExpr (VarExpr w4OT7v) - (VarExpr dIajqx))))))))
