(StmtCmd
 (LetStmt
  (ArgLValue (VarArgument x0))
  (BinopExpr
   (BinopExpr
    (IteExpr
     (IteExpr
      (BinopExpr
       (BinopExpr
        (BinopExpr
         (BinopExpr
          (UnopExpr ! (UnopExpr ! (UnopExpr - (IntExpr 20499))))
          *
          (UnopExpr
           -
           (IteExpr
            (BinopExpr (VarExpr bIQ92g) / (VarExpr UIdxdO))
            (BinopExpr (IntExpr 44156) != (VarExpr r7b9iJ))
            (BinopExpr
             (UnopExpr ! (IntExpr 35068))
             <=
             (UnopExpr ! (VarExpr lmbdqa))))))
         /
         (UnopExpr
          !
          (IteExpr
           (IntExpr 45002)
           (UnopExpr - (IntExpr 33250))
           (UnopExpr - (IntExpr 34165)))))
        +
        (BinopExpr (UnopExpr - (IntExpr 42150)) / (IntExpr 20808)))
       ==
       (IteExpr
        (VarExpr XakKbD)
        (IteExpr
         (BinopExpr (UnopExpr - (VarExpr YfTHzG)) > (VarExpr fBCldn))
         (BinopExpr (UnopExpr - (IntExpr 39305)) - (IntExpr 3955))
         (UnopExpr - (UnopExpr - (IntExpr 29763))))
        (VarExpr RjAI5H)))
      (VarExpr true)
      (UnopExpr - (UnopExpr - (IntExpr 8251))))
     (BinopExpr
      (BinopExpr
       (BinopExpr
        (BinopExpr (UnopExpr - (IntExpr 2524)) % (VarExpr TQDRFD))
        <=
        (VarExpr SkRqtw))
       ==
       (BinopExpr
        (VarExpr zVwoIF)
        <
        (BinopExpr
         (BinopExpr
          (UnopExpr ! (VarExpr ku4ftk))
          <=
          (BinopExpr
           (VarExpr RicSNi)
           -
           (UnopExpr ! (UnopExpr ! (IntExpr 14897)))))
         >
         (VarExpr nG497I))))
      ==
      (IteExpr
       (BinopExpr
        (VarExpr eU8CYN)
        <=
        (BinopExpr
         (BinopExpr
          (VarExpr GOTbEd)
          *
          (UnopExpr ! (UnopExpr - (IntExpr 30355))))
         +
         (VarExpr TXleBU)))
       (IteExpr
        (BinopExpr
         (UnopExpr - (UnopExpr - (IntExpr 27936)))
         !=
         (VarExpr i2O1hT))
        (BinopExpr (VarExpr kvxiLm) * (VarExpr KS_Ds7))
        (BinopExpr (VarExpr IDvUE1) * (IntExpr 7396)))
       (IteExpr
        (BinopExpr (VarExpr iHpmEC) / (IntExpr 42209))
        (BinopExpr (VarExpr V7n9Bh) % (UnopExpr ! (VarExpr ZsKqnE)))
        (IteExpr
         (VarExpr bm4ufY)
         (UnopExpr - (IntExpr 30825))
         (UnopExpr - (VarExpr OU6hno))))))
     (VarExpr false))
    %
    (UnopExpr - (IntExpr 29169)))
   +
   (IteExpr
    (IteExpr
     (IteExpr
      (BinopExpr
       (BinopExpr
        (IteExpr (IntExpr 33071) (VarExpr WogMes) (VarExpr s46tQt))
        <=
        (BinopExpr (IntExpr 42050) >= (VarExpr DjmCd_)))
       <=
       (BinopExpr
        (BinopExpr
         (IteExpr
          (BinopExpr (VarExpr zb9mmv) - (VarExpr Tt2GAS))
          (BinopExpr
           (UnopExpr - (UnopExpr - (IntExpr 39919)))
           !=
           (UnopExpr - (IntExpr 10694)))
          (BinopExpr (UnopExpr - (IntExpr 47961)) != (VarExpr t63zZj)))
         +
         (UnopExpr - (VarExpr vGuMK_)))
        -
        (UnopExpr - (IntExpr 4669))))
      (VarExpr true)
      (BinopExpr
       (IntExpr 3376)
       ==
       (BinopExpr
        (IteExpr
         (BinopExpr (UnopExpr ! (VarExpr ROuaFG)) > (VarExpr w2xy2d))
         (BinopExpr (UnopExpr - (VarExpr s3MHuV)) / (IntExpr 12766))
         (BinopExpr (VarExpr xxUgLs) + (IntExpr 38261)))
        <
        (VarExpr MYvqbn))))
     (IteExpr
      (UnopExpr ! (UnopExpr - (IntExpr 29273)))
      (BinopExpr
       (BinopExpr
        (BinopExpr (IntExpr 45571) + (VarExpr KqH43R))
        -
        (IntExpr 16169))
       >=
       (BinopExpr
        (UnopExpr ! (UnopExpr - (IntExpr 31835)))
        ==
        (BinopExpr
         (UnopExpr - (UnopExpr - (IntExpr 15565)))
         <=
         (IntExpr 49806))))
      (VarExpr N1J4Wc))
     (VarExpr false))
    (IteExpr
     (IteExpr
      (IteExpr
       (BinopExpr
        (BinopExpr
         (UnopExpr ! (VarExpr x0m3Qe))
         >
         (IteExpr
          (VarExpr TN9_WT)
          (BinopExpr
           (UnopExpr - (UnopExpr ! (IntExpr 31632)))
           >=
           (BinopExpr
            (UnopExpr - (IntExpr 22093))
            +
            (IteExpr
             (UnopExpr - (IntExpr 24516))
             (UnopExpr - (IntExpr 36187))
             (UnopExpr ! (VarExpr TrEmoZ)))))
          (BinopExpr
           (VarExpr Cz0HX8)
           !=
           (BinopExpr
            (UnopExpr - (IntExpr 15720))
            /
            (UnopExpr - (VarExpr mTa0NG))))))
        !=
        (BinopExpr
         (BinopExpr
          (BinopExpr
           (BinopExpr
            (BinopExpr
             (UnopExpr ! (VarExpr rFY3DK))
             >=
             (UnopExpr - (IntExpr 257)))
            >
            (VarExpr qLWudh))
           <
           (UnopExpr - (IntExpr 19850)))
          <
          (VarExpr xieWKX))
         <=
         (BinopExpr (UnopExpr - (IntExpr 25491)) - (VarExpr CSAQVk))))
       (BinopExpr
        (VarExpr kthsYh)
        !=
        (BinopExpr
         (VarExpr kTZB5s)
         %
         (UnopExpr - (UnopExpr ! (UnopExpr - (VarExpr RGY5sE))))))
       (VarExpr false))
      (VarExpr true)
      (BinopExpr
       (BinopExpr
        (BinopExpr (VarExpr AV42A1) - (VarExpr vsCpKl))
        >=
        (BinopExpr (UnopExpr - (IntExpr 24493)) + (VarExpr U2KqpX)))
       !=
       (UnopExpr - (IntExpr 45335))))
     (VarExpr true)
     (IntExpr 45733))
    (BinopExpr
     (VarExpr HvRbcd)
     !=
     (BinopExpr
      (BinopExpr
       (BinopExpr
        (IteExpr
         (BinopExpr
          (BinopExpr (UnopExpr - (IntExpr 36784)) / (IntExpr 18679))
          +
          (UnopExpr - (IntExpr 26340)))
         (VarExpr true)
         (VarExpr thUwtR))
        ==
        (BinopExpr
         (BinopExpr
          (UnopExpr - (IntExpr 10838))
          /
          (IteExpr
           (VarExpr lKodCk)
           (VarExpr B6Iyrk)
           (UnopExpr ! (IntExpr 22789))))
         -
         (IntExpr 31944)))
       /
       (UnopExpr - (IntExpr 44219)))
      *
      (BinopExpr
       (BinopExpr
        (UnopExpr
         -
         (IteExpr
          (BinopExpr (VarExpr aPRhla) >= (UnopExpr ! (IntExpr 12116)))
          (BinopExpr
           (UnopExpr ! (UnopExpr - (IntExpr 42986)))
           <=
           (VarExpr jON3DY))
          (BinopExpr (VarExpr Pv9T7q) <= (IntExpr 15982))))
        /
        (UnopExpr ! (IntExpr 13756)))
       ==
       (UnopExpr - (VarExpr piDTZ3)))))))))
(StmtCmd
 (LetStmt
  (ArgLValue (VarArgument x1))
  (BinopExpr
   (BinopExpr
    (BinopExpr
     (UnopExpr - (VarExpr I1gXyk))
     %
     (IteExpr
      (IteExpr
       (BinopExpr
        (BinopExpr
         (UnopExpr - (VarExpr LwvZz5))
         >=
         (UnopExpr - (UnopExpr ! (VarExpr Qja7U7))))
        !=
        (IntExpr 19077))
       (BinopExpr
        (BinopExpr
         (BinopExpr
          (VarExpr ztZdeW)
          ==
          (BinopExpr
           (BinopExpr
            (BinopExpr (VarExpr xIKIyO) + (IntExpr 36118))
            <=
            (IntExpr 16688))
           <
           (UnopExpr - (VarExpr ck7RFm))))
         ==
         (IntExpr 16676))
        !=
        (BinopExpr
         (BinopExpr
          (IteExpr
           (UnopExpr - (IntExpr 7898))
           (UnopExpr - (VarExpr PL4wzV))
           (UnopExpr - (UnopExpr - (IntExpr 6490))))
          <
          (VarExpr wjSv3i))
         <
         (BinopExpr
          (BinopExpr (IntExpr 46984) / (IntExpr 18718))
          -
          (UnopExpr - (IntExpr 11750)))))
       (VarExpr false))
      (VarExpr Iz1AzQ)
      (IteExpr
       (BinopExpr
        (BinopExpr
         (BinopExpr (VarExpr XplVG3) % (UnopExpr - (IntExpr 12673)))
         >
         (IteExpr (IntExpr 426) (VarExpr true) (UnopExpr - (IntExpr 2768))))
        <
        (BinopExpr
         (BinopExpr (IntExpr 8399) < (UnopExpr - (IntExpr 44743)))
         +
         (BinopExpr (VarExpr EvCF2x) % (VarExpr b8upKM))))
       (BinopExpr
        (BinopExpr
         (UnopExpr - (IntExpr 5680))
         >=
         (BinopExpr
          (IntExpr 7361)
          !=
          (UnopExpr - (UnopExpr - (IntExpr 43472)))))
        >=
        (VarExpr GQ7HwE))
       (VarExpr false))))
    -
    (VarExpr W7aKjx))
   +
   (BinopExpr
    (BinopExpr
     (IteExpr
      (BinopExpr
       (BinopExpr
        (BinopExpr
         (BinopExpr
          (BinopExpr
           (BinopExpr
            (UnopExpr ! (IntExpr 8969))
            !=
            (IteExpr
             (BinopExpr
              (BinopExpr
               (BinopExpr (IntExpr 14807) > (VarExpr c5dnt8))
               <=
               (VarExpr QucVkR))
              <
              (VarExpr pgfnsZ))
             (BinopExpr
              (IteExpr
               (VarExpr dNufqz)
               (IntExpr 12903)
               (UnopExpr - (VarExpr VnJugB)))
              <
              (IntExpr 22063))
             (BinopExpr
              (BinopExpr
               (BinopExpr (VarExpr ULO9Gs) * (UnopExpr - (IntExpr 27984)))
               ==
               (IntExpr 7210))
              !=
              (UnopExpr ! (VarExpr PJ2Qlp)))))
           !=
           (BinopExpr
            (UnopExpr
             !
             (BinopExpr
              (UnopExpr ! (UnopExpr - (UnopExpr - (IntExpr 42632))))
              ==
              (BinopExpr
               (IntExpr 33925)
               +
               (IteExpr
                (VarExpr V4INFU)
                (UnopExpr ! (VarExpr cDxuBR))
                (IntExpr 23971)))))
            +
            (IntExpr 17211)))
          !=
          (UnopExpr - (UnopExpr - (IntExpr 24381))))
         !=
         (UnopExpr ! (IntExpr 26175)))
        ==
        (BinopExpr
         (BinopExpr (UnopExpr - (VarExpr MzDYuQ)) <= (VarExpr G4IZuU))
         !=
         (IteExpr
          (IntExpr 35609)
          (VarExpr ye2Uvx)
          (UnopExpr - (VarExpr SmvGzH)))))
       ==
       (UnopExpr ! (IntExpr 36748)))
      (VarExpr EqW8Z1)
      (IteExpr
       (IteExpr
        (IteExpr
         (BinopExpr
          (IntExpr 35029)
          >
          (UnopExpr
           !
           (BinopExpr
            (UnopExpr - (UnopExpr - (IntExpr 24642)))
            /
            (VarExpr voFGIn))))
         (BinopExpr
          (UnopExpr ! (UnopExpr - (IntExpr 38948)))
          *
          (UnopExpr ! (IntExpr 1264)))
         (VarExpr false))
        (UnopExpr - (IntExpr 1464))
        (VarExpr false))
       (VarExpr true)
       (IteExpr
        (BinopExpr
         (BinopExpr
          (UnopExpr ! (VarExpr rZn5xT))
          *
          (IteExpr
           (IntExpr 2027)
           (UnopExpr - (IntExpr 45346))
           (UnopExpr - (IntExpr 27707))))
         %
         (IteExpr
          (IntExpr 39319)
          (UnopExpr - (IntExpr 22326))
          (VarExpr Kwc0fi)))
        (IteExpr
         (BinopExpr
          (VarExpr nCclBN)
          -
          (BinopExpr (VarExpr rUC8jP) % (UnopExpr - (IntExpr 47313))))
         (VarExpr true)
         (BinopExpr
          (IntExpr 10929)
          >
          (UnopExpr - (UnopExpr - (IntExpr 13066)))))
        (IntExpr 3571))))
     >
     (IteExpr
      (BinopExpr
       (UnopExpr
        !
        (IteExpr
         (VarExpr XNsklt)
         (BinopExpr
          (UnopExpr
           !
           (BinopExpr (UnopExpr - (IntExpr 1986)) == (IntExpr 17528)))
          <=
          (BinopExpr (VarExpr yDYgno) / (UnopExpr ! (VarExpr XQGkDX))))
         (VarExpr false)))
       +
       (IteExpr
        (BinopExpr
         (BinopExpr
          (UnopExpr ! (VarExpr JRxMeR))
          /
          (UnopExpr - (IntExpr 21368)))
         %
         (UnopExpr - (IntExpr 19757)))
        (IteExpr
         (UnopExpr ! (VarExpr ZBwNSp))
         (VarExpr true)
         (BinopExpr (UnopExpr - (IntExpr 10084)) > (IntExpr 6258)))
        (BinopExpr
         (VarExpr jK1KOQ)
         !=
         (BinopExpr
          (UnopExpr - (IntExpr 37748))
          >
          (BinopExpr (VarExpr GrVaaO) != (UnopExpr - (IntExpr 31192)))))))
      (IteExpr
       (UnopExpr ! (IntExpr 37118))
       (VarExpr true)
       (UnopExpr - (IntExpr 17683)))
      (BinopExpr
       (BinopExpr
        (BinopExpr
         (BinopExpr
          (BinopExpr
           (UnopExpr - (IntExpr 25270))
           >=
           (BinopExpr
            (UnopExpr ! (UnopExpr ! (VarExpr XON7uX)))
            /
            (VarExpr VT6L_d)))
          <
          (VarExpr JCvipT))
         >=
         (BinopExpr
          (VarExpr gFYGKL)
          -
          (BinopExpr
           (IteExpr
            (BinopExpr
             (UnopExpr - (VarExpr SJNhyk))
             >=
             (UnopExpr - (IntExpr 19326)))
            (BinopExpr (UnopExpr - (IntExpr 6214)) >= (VarExpr WfjsfB))
            (UnopExpr - (VarExpr DYPMtG)))
           *
           (VarExpr pboNIL))))
        <=
        (VarExpr M_dbmU))
       <=
       (BinopExpr (VarExpr ir5lMw) * (IntExpr 16322)))))
    <=
    (IteExpr
     (BinopExpr
      (UnopExpr
       -
       (IteExpr
        (BinopExpr
         (IteExpr
          (IntExpr 19975)
          (UnopExpr ! (VarExpr s6Y3YZ))
          (VarExpr gufuiw))
         -
         (VarExpr GVb8Pt))
        (BinopExpr
         (BinopExpr
          (UnopExpr ! (UnopExpr - (VarExpr HvYDIG)))
          -
          (VarExpr KwrRnr))
         >=
         (BinopExpr (VarExpr pNbk30) - (IntExpr 275)))
        (IteExpr
         (IteExpr
          (VarExpr JA_fAF)
          (VarExpr true)
          (BinopExpr (UnopExpr - (VarExpr JG203l)) % (IntExpr 22836)))
         (VarExpr true)
         (IntExpr 16182))))
      +
      (UnopExpr - (IntExpr 40068)))
     (IteExpr
      (BinopExpr
       (BinopExpr
        (BinopExpr
         (BinopExpr
          (BinopExpr
           (BinopExpr
            (UnopExpr
             -
             (IteExpr
              (VarExpr PDucEM)
              (BinopExpr (VarExpr CwWLzv) >= (UnopExpr ! (VarExpr BJYoQG)))
              (BinopExpr
               (UnopExpr - (VarExpr sRtkA7))
               <
               (UnopExpr ! (IntExpr 19041)))))
            -
            (IntExpr 5685))
           -
           (IntExpr 47204))
          <=
          (BinopExpr (VarExpr tXtQfT) < (VarExpr XsGrme)))
         >=
         (UnopExpr ! (UnopExpr ! (UnopExpr - (IntExpr 3937)))))
        >
        (UnopExpr - (IntExpr 23348)))
       <
       (IteExpr
        (UnopExpr - (IntExpr 23001))
        (VarExpr s4N9dy)
        (UnopExpr ! (UnopExpr - (IntExpr 14442)))))
      (UnopExpr - (IntExpr 40394))
      (VarExpr false))
     (BinopExpr (UnopExpr - (IntExpr 25353)) < (IntExpr 38463)))))))
(StmtCmd
 (LetStmt
  (ArgLValue (VarArgument x2))
  (IteExpr
   (IteExpr
    (IteExpr
     (BinopExpr
      (BinopExpr
       (BinopExpr
        (BinopExpr
         (BinopExpr
          (IteExpr
           (IteExpr
            (IteExpr
             (IteExpr
              (IteExpr
               (BinopExpr
                (BinopExpr
                 (BinopExpr
                  (BinopExpr
                   (UnopExpr
                    -
                    (IteExpr
                     (UnopExpr - (IntExpr 42561))
                     (VarExpr w4CMeD)
                     (VarExpr ftcpAE)))
                   >
                   (IteExpr
                    (UnopExpr - (IntExpr 30785))
                    (VarExpr Xdx2sZ)
                    (IntExpr 15997)))
                  >
                  (BinopExpr
                   (UnopExpr - (VarExpr HrsYVU))
                   +
                   (BinopExpr
                    (BinopExpr
                     (UnopExpr - (IntExpr 47821))
                     %
                     (UnopExpr - (IntExpr 41684)))
                    %
                    (UnopExpr - (VarExpr rMXHgw)))))
                 <
                 (BinopExpr
                  (BinopExpr
                   (BinopExpr
                    (BinopExpr
                     (IteExpr
                      (BinopExpr
                       (BinopExpr
                        (UnopExpr
                         -
                         (IteExpr
                          (UnopExpr - (IntExpr 20798))
                          (UnopExpr ! (VarExpr TOViOV))
                          (IntExpr 2065)))
                        ==
                        (UnopExpr - (VarExpr oYMkus)))
                       !=
                       (VarExpr bbmuda))
                      (BinopExpr
                       (BinopExpr
                        (UnopExpr ! (UnopExpr ! (VarExpr Y9xdJH)))
                        ==
                        (UnopExpr ! (IntExpr 12816)))
                       !=
                       (VarExpr PEwaTd))
                      (UnopExpr - (IntExpr 41980)))
                     *
                     (VarExpr lTxcQs))
                    *
                    (VarExpr uTFS4c))
                   +
                   (BinopExpr
                    (UnopExpr - (VarExpr zAPfZN))
                    <
                    (VarExpr FiDVwi)))
                  -
                  (IntExpr 31000)))
                <=
                (VarExpr n7lekz))
               (VarExpr true)
               (BinopExpr
                (UnopExpr - (IntExpr 47609))
                <
                (UnopExpr ! (VarExpr lBw0Z0))))
              (BinopExpr
               (BinopExpr
                (UnopExpr - (UnopExpr - (IntExpr 2271)))
                <
                (BinopExpr
                 (BinopExpr
                  (BinopExpr
                   (UnopExpr ! (UnopExpr - (IntExpr 43814)))
                   %
                   (UnopExpr ! (IntExpr 37587)))
                  *
                  (IntExpr 34481))
                 %
                 (BinopExpr
                  (BinopExpr (UnopExpr - (VarExpr kI_2q5)) * (VarExpr U4GiLo))
                  >
                  (IteExpr
                   (IntExpr 36868)
                   (UnopExpr - (IntExpr 19414))
                   (IntExpr 30872)))))
               >
               (BinopExpr
                (UnopExpr ! (UnopExpr - (VarExpr lMx17j)))
                *
                (UnopExpr - (IntExpr 3417))))
              (VarExpr false))
             (VarExpr true)
             (BinopExpr
              (BinopExpr
               (BinopExpr
                (BinopExpr
                 (UnopExpr - (IntExpr 10256))
                 %
                 (UnopExpr - (IntExpr 5877)))
                >=
                (UnopExpr - (UnopExpr - (VarExpr TEkeOh))))
               ==
               (UnopExpr - (IntExpr 14493)))
              !=
              (BinopExpr
               (BinopExpr
                (BinopExpr
                 (IntExpr 25198)
                 *
                 (BinopExpr
                  (BinopExpr
                   (IteExpr
                    (IntExpr 29302)
                    (VarExpr aUWfzU)
                    (UnopExpr ! (VarExpr UKxrd1)))
                   /
                   (VarExpr GB9wRQ))
                  +
                  (UnopExpr - (IntExpr 40957))))
                >=
                (IteExpr
                 (BinopExpr
                  (UnopExpr - (IntExpr 44110))
                  >
                  (UnopExpr ! (VarExpr KYHl44)))
                 (BinopExpr (UnopExpr - (VarExpr cnP9t1)) + (IntExpr 45560))
                 (BinopExpr (VarExpr OMIizV) >= (VarExpr Wa3j46))))
               >=
               (UnopExpr - (UnopExpr - (IntExpr 24914))))))
            (VarExpr true)
            (BinopExpr (IntExpr 33801) + (VarExpr EsB63O)))
           (BinopExpr
            (BinopExpr
             (BinopExpr
              (UnopExpr
               !
               (IteExpr
                (IteExpr
                 (BinopExpr
                  (UnopExpr - (IntExpr 46422))
                  +
                  (UnopExpr ! (UnopExpr - (IntExpr 43574))))
                 (BinopExpr (UnopExpr ! (VarExpr CjOiNf)) >= (VarExpr RestYh))
                 (VarExpr false))
                (IntExpr 14432)
                (BinopExpr
                 (BinopExpr
                  (IteExpr
                   (UnopExpr - (IntExpr 3019))
                   (UnopExpr - (VarExpr bg2tbR))
                   (UnopExpr - (IntExpr 34047)))
                  %
                  (IntExpr 15288))
                 <=
                 (VarExpr K9c7Wt))))
              <=
              (BinopExpr
               (BinopExpr
                (BinopExpr (VarExpr N_M1YX) * (UnopExpr ! (IntExpr 19264)))
                /
                (VarExpr k4bICv))
               /
               (VarExpr GiRcrC)))
             <
             (IteExpr
              (BinopExpr
               (IteExpr
                (BinopExpr (UnopExpr - (VarExpr Y7n66c)) - (IntExpr 32344))
                (VarExpr true)
                (BinopExpr (VarExpr WbzCBH) / (IntExpr 45383)))
               >=
               (BinopExpr
                (IntExpr 39933)
                <
                (IteExpr
                 (UnopExpr - (IntExpr 34338))
                 (VarExpr cAJTDo)
                 (IntExpr 1092))))
              (BinopExpr
               (IteExpr
                (IteExpr
                 (VarExpr k2LVzc)
                 (UnopExpr ! (IntExpr 20233))
                 (UnopExpr ! (IntExpr 42272)))
                (VarExpr o9XQn9)
                (VarExpr LUTPyI))
               <
               (VarExpr BYf7XS))
              (BinopExpr
               (BinopExpr
                (BinopExpr
                 (UnopExpr ! (UnopExpr - (IntExpr 30443)))
                 >=
                 (BinopExpr (VarExpr z9gDc8) * (UnopExpr - (IntExpr 24226))))
                <=
                (UnopExpr ! (IntExpr 13748)))
               >=
               (VarExpr Nr6Vmo))))
            *
            (IteExpr
             (BinopExpr
              (BinopExpr
               (BinopExpr
                (BinopExpr
                 (IteExpr
                  (IteExpr
                   (IteExpr (VarExpr o7jYkz) (VarExpr SbhxAQ) (VarExpr nfp5vA))
                   (BinopExpr (UnopExpr ! (IntExpr 19506)) + (VarExpr La0mWB))
                   (BinopExpr
                    (UnopExpr ! (UnopExpr ! (VarExpr LpnBPA)))
                    -
                    (UnopExpr ! (VarExpr KxyTKK))))
                  (VarExpr CoFEUv)
                  (IteExpr
                   (BinopExpr (UnopExpr - (IntExpr 18389)) <= (IntExpr 15309))
                   (IteExpr
                    (UnopExpr - (IntExpr 25880))
                    (VarExpr BCZ1Ax)
                    (IntExpr 30027))
                   (VarExpr KXufhd)))
                 *
                 (VarExpr RHHgvA))
                +
                (UnopExpr ! (IntExpr 19039)))
               ==
               (BinopExpr (VarExpr RvX_uv) >= (VarExpr MqiHoQ)))
              ==
              (IteExpr
               (BinopExpr (VarExpr lEFQcT) != (VarExpr AC4Y5I))
               (UnopExpr - (IntExpr 22173))
               (BinopExpr (VarExpr awrtim) == (UnopExpr - (IntExpr 27595)))))
             (UnopExpr - (IntExpr 44886))
             (IteExpr
              (IteExpr
               (IteExpr
                (BinopExpr
                 (BinopExpr
                  (UnopExpr - (IntExpr 3309))
                  !=
                  (BinopExpr
                   (VarExpr AFMO1D)
                   -
                   (BinopExpr (VarExpr AiV9tN) % (IntExpr 11745))))
                 !=
                 (BinopExpr
                  (BinopExpr
                   (BinopExpr (IntExpr 45071) < (UnopExpr - (IntExpr 13440)))
                   >
                   (IteExpr
                    (UnopExpr - (IntExpr 46991))
                    (VarExpr tAjxXN)
                    (UnopExpr - (VarExpr uyOzF6))))
                  <=
                  (UnopExpr - (IntExpr 32425))))
                (BinopExpr
                 (UnopExpr - (UnopExpr - (UnopExpr - (IntExpr 17396))))
                 /
                 (IntExpr 36706))
                (VarExpr false))
               (UnopExpr ! (UnopExpr - (IntExpr 15130)))
               (VarExpr false))
              (VarExpr true)
              (IteExpr (IntExpr 9227) (IntExpr 26659) (VarExpr false)))))
           (IteExpr
            (IteExpr
             (BinopExpr (UnopExpr - (IntExpr 23404)) + (VarExpr Tl6dLC))
             (BinopExpr
              (BinopExpr
               (VarExpr fHf0Cj)
               >=
               (BinopExpr
                (UnopExpr - (IntExpr 9187))
                -
                (UnopExpr ! (VarExpr DcFn3v))))
              ==
              (BinopExpr (VarExpr pmESjp) % (UnopExpr - (IntExpr 25226))))
             (VarExpr false))
            (IteExpr
             (BinopExpr (IntExpr 35409) < (UnopExpr ! (VarExpr ACC25y)))
             (VarExpr true)
             (BinopExpr
              (BinopExpr
               (BinopExpr
                (BinopExpr (IntExpr 36616) * (VarExpr MYxB7q))
                /
                (IntExpr 49022))
               !=
               (VarExpr bIXYyS))
              ==
              (BinopExpr
               (UnopExpr - (UnopExpr - (IntExpr 25620)))
               %
               (VarExpr Pg50Rr))))
            (BinopExpr
             (BinopExpr
              (UnopExpr ! (VarExpr iCvtd1))
              >=
              (UnopExpr - (IntExpr 17427)))
             !=
             (IteExpr
              (BinopExpr
               (IteExpr
                (UnopExpr - (IntExpr 1857))
                (IntExpr 39621)
                (UnopExpr - (IntExpr 1283)))
               ==
               (BinopExpr
                (UnopExpr ! (VarExpr uxADgc))
                >
                (BinopExpr
                 (BinopExpr (UnopExpr - (IntExpr 2780)) > (IntExpr 40562))
                 >
                 (VarExpr URl4sj))))
              (IteExpr
               (BinopExpr
                (BinopExpr
                 (UnopExpr - (IntExpr 39186))
                 /
                 (UnopExpr - (IntExpr 45733)))
                +
                (BinopExpr
                 (UnopExpr - (VarExpr BOi8AT))
                 <=
                 (UnopExpr - (IntExpr 30381))))
               (UnopExpr - (VarExpr G2iC9x))
               (IntExpr 3220))
              (IteExpr
               (IteExpr
                (BinopExpr
                 (UnopExpr - (IntExpr 44357))
                 *
                 (UnopExpr ! (VarExpr X5NH2_)))
                (VarExpr true)
                (BinopExpr (IntExpr 6478) >= (UnopExpr - (IntExpr 45516))))
               (IteExpr
                (BinopExpr
                 (BinopExpr (VarExpr OKSw3i) == (VarExpr AY3n0G))
                 <
                 (IntExpr 37856))
                (VarExpr true)
                (UnopExpr - (IntExpr 49836)))
               (BinopExpr
                (BinopExpr
                 (IteExpr
                  (UnopExpr - (IntExpr 33518))
                  (UnopExpr - (VarExpr jsjMS8))
                  (VarExpr MopAGA))
                 >=
                 (VarExpr sr97an))
                <=
                (IntExpr 21821)))))))
          >
          (UnopExpr
           -
           (IteExpr
            (BinopExpr (UnopExpr ! (IntExpr 38062)) / (IntExpr 31926))
            (BinopExpr (UnopExpr - (IntExpr 30660)) >= (IntExpr 13641))
            (BinopExpr (IntExpr 17197) != (VarExpr gy_u1t)))))
         <=
         (VarExpr bHMu3m))
        ==
        (BinopExpr
         (BinopExpr
          (BinopExpr
           (BinopExpr
            (IteExpr
             (IntExpr 34490)
             (UnopExpr - (IntExpr 10649))
             (UnopExpr - (IntExpr 19091)))
            <
            (BinopExpr (VarExpr r1a4_G) < (VarExpr T2RwkB)))
           >
           (BinopExpr
            (BinopExpr
             (UnopExpr ! (IntExpr 9820))
             <
             (UnopExpr - (IntExpr 22236)))
            /
            (IntExpr 28158)))
          >
          (IteExpr
           (BinopExpr
            (BinopExpr
             (UnopExpr
              !
              (IteExpr
               (BinopExpr (IntExpr 18324) != (VarExpr FE95JS))
               (IteExpr
                (UnopExpr - (IntExpr 41133))
                (UnopExpr ! (VarExpr W8M3Gf))
                (VarExpr TCTpW2))
               (BinopExpr (VarExpr O3UrEb) < (UnopExpr - (VarExpr FPEmrf)))))
             >=
             (UnopExpr ! (BinopExpr (VarExpr pAT1AX) >= (IntExpr 20553))))
            <=
            (IteExpr
             (UnopExpr - (IntExpr 29719))
             (UnopExpr - (IntExpr 1915))
             (VarExpr rAWuKI)))
           (BinopExpr
            (UnopExpr ! (VarExpr SLbt8u))
            >=
            (IteExpr
             (IteExpr
              (IntExpr 7160)
              (UnopExpr - (IntExpr 4901))
              (IntExpr 42035))
             (VarExpr nWhskH)
             (UnopExpr ! (VarExpr Q4jmhF))))
           (IteExpr
            (BinopExpr
             (UnopExpr ! (UnopExpr - (VarExpr THSuOl)))
             ==
             (BinopExpr
              (BinopExpr
               (BinopExpr
                (UnopExpr - (IntExpr 38614))
                /
                (IteExpr
                 (UnopExpr - (IntExpr 10550))
                 (UnopExpr - (IntExpr 49437))
                 (UnopExpr - (IntExpr 16527))))
               <=
               (UnopExpr - (IntExpr 44992)))
              >
              (UnopExpr - (IntExpr 16643))))
            (VarExpr true)
            (UnopExpr - (IntExpr 36697)))))
         <
         (IteExpr
          (BinopExpr
           (BinopExpr
            (VarExpr aGZrmC)
            >=
            (BinopExpr
             (BinopExpr
              (IntExpr 21197)
              -
              (BinopExpr
               (IntExpr 47143)
               /
               (IteExpr
                (UnopExpr - (IntExpr 6108))
                (VarExpr Q0p5yE)
                (UnopExpr - (UnopExpr - (IntExpr 36736))))))
             -
             (UnopExpr
              !
              (BinopExpr
               (UnopExpr - (IntExpr 10522))
               !=
               (UnopExpr - (IntExpr 32908))))))
           <=
           (UnopExpr ! (VarExpr Rvwkow)))
          (UnopExpr ! (UnopExpr - (IntExpr 9181)))
          (VarExpr false))))
       ==
       (UnopExpr ! (IntExpr 27021)))
      ==
      (BinopExpr
       (BinopExpr (UnopExpr - (IntExpr 38315)) % (VarExpr WEiTBT))
       >=
       (BinopExpr (VarExpr Qs7qLE) % (UnopExpr - (IntExpr 3311)))))
     (VarExpr true)
     (UnopExpr - (IntExpr 44147)))
    (VarExpr true)
    (BinopExpr
     (VarExpr fvPQnI)
     <=
     (IteExpr
      (BinopExpr
       (BinopExpr
        (IteExpr (VarExpr MkQX3M) (VarExpr kzE5vV) (IntExpr 8264))
        %
        (VarExpr ss2T09))
       /
       (VarExpr UxGBtS))
      (BinopExpr (VarExpr CJxOk_) + (VarExpr oEK04K))
      (VarExpr false))))
   (VarExpr true)
   (IteExpr
    (BinopExpr
     (BinopExpr
      (BinopExpr
       (BinopExpr
        (VarExpr iLJMZA)
        /
        (IteExpr
         (UnopExpr ! (UnopExpr - (IntExpr 23415)))
         (IntExpr 9197)
         (VarExpr fFTGlF)))
       <
       (BinopExpr
        (BinopExpr (UnopExpr - (IntExpr 16394)) * (VarExpr uvJ1Cd))
        -
        (VarExpr ez6Ohr)))
      !=
      (UnopExpr ! (IntExpr 17473)))
     *
     (IteExpr
      (BinopExpr
       (UnopExpr - (UnopExpr ! (IntExpr 16662)))
       <=
       (UnopExpr - (IntExpr 44232)))
      (BinopExpr (VarExpr wxnXIg) * (UnopExpr - (IntExpr 4534)))
      (BinopExpr (UnopExpr - (IntExpr 17056)) % (IntExpr 29849))))
    (VarExpr true)
    (IteExpr
     (UnopExpr ! (IntExpr 4710))
     (BinopExpr (VarExpr APyTQR) / (UnopExpr - (IntExpr 10849)))
     (IteExpr (IntExpr 25925) (IntExpr 11446) (VarExpr foaEea)))))))
(StmtCmd
 (LetStmt
  (ArgLValue (VarArgument x3))
  (IteExpr
   (IteExpr
    (BinopExpr
     (BinopExpr
      (BinopExpr
       (BinopExpr
        (UnopExpr
         !
         (UnopExpr
          -
          (IteExpr
           (VarExpr mSE9xY)
           (IteExpr
            (BinopExpr
             (VarExpr BrtMxW)
             -
             (UnopExpr ! (BinopExpr (VarExpr C3_JBv) != (VarExpr sHDFY4))))
            (BinopExpr (IntExpr 3451) > (UnopExpr - (IntExpr 2712)))
            (VarExpr false))
           (IteExpr
            (BinopExpr
             (VarExpr ID0HcA)
             <
             (BinopExpr (IntExpr 38431) + (VarExpr HCaNS2)))
            (VarExpr XbskwB)
            (BinopExpr
             (UnopExpr - (IntExpr 39954))
             +
             (BinopExpr (VarExpr cZ4B7G) / (UnopExpr - (IntExpr 32071))))))))
        -
        (IteExpr
         (UnopExpr ! (IntExpr 35274))
         (IteExpr
          (BinopExpr
           (BinopExpr (VarExpr mt5T8J) != (IntExpr 47053))
           ==
           (BinopExpr (UnopExpr - (IntExpr 6427)) <= (VarExpr LRi7IE)))
          (IteExpr
           (UnopExpr ! (VarExpr RWW7u5))
           (VarExpr true)
           (BinopExpr
            (UnopExpr - (IntExpr 28516))
            ==
            (IteExpr (IntExpr 25087) (IntExpr 43843) (VarExpr tNrV2J))))
          (BinopExpr
           (VarExpr oSSxCj)
           <=
           (BinopExpr (VarExpr BZIQwZ) % (UnopExpr - (IntExpr 28750)))))
         (BinopExpr
          (BinopExpr
           (IteExpr
            (IteExpr
             (UnopExpr ! (VarExpr I5exYB))
             (IntExpr 15647)
             (IntExpr 33879))
            (BinopExpr (UnopExpr - (IntExpr 20423)) - (IntExpr 32791))
            (VarExpr Bl0Jvj))
           -
           (UnopExpr - (IntExpr 38888)))
          ==
          (BinopExpr
           (UnopExpr ! (VarExpr G521Je))
           >=
           (BinopExpr (VarExpr Ef9r41) % (UnopExpr - (VarExpr MM6xgw)))))))
       >=
       (BinopExpr
        (BinopExpr
         (BinopExpr
          (IteExpr
           (UnopExpr - (UnopExpr - (IntExpr 7748)))
           (BinopExpr
            (BinopExpr
             (IteExpr (VarExpr Eq2dQX) (VarExpr true) (IntExpr 48944))
             <
             (UnopExpr ! (UnopExpr ! (UnopExpr - (IntExpr 44935)))))
            <
            (VarExpr hWi7R7))
           (BinopExpr
            (IntExpr 2793)
            -
            (BinopExpr (UnopExpr ! (VarExpr Dek5_C)) == (VarExpr PhQrMo))))
          /
          (BinopExpr (VarExpr vSPjHL) - (IntExpr 24029)))
         %
         (IntExpr 20693))
        >
        (BinopExpr
         (BinopExpr (IntExpr 43797) / (IntExpr 10234))
         *
         (UnopExpr - (IntExpr 48353)))))
      !=
      (UnopExpr ! (VarExpr udXXSd)))
     !=
     (BinopExpr (VarExpr ck7O5U) > (UnopExpr - (IntExpr 44666))))
    (VarExpr true)
    (BinopExpr
     (BinopExpr
      (UnopExpr - (IntExpr 38171))
      *
      (IteExpr
       (UnopExpr - (IntExpr 5784))
       (BinopExpr (UnopExpr ! (IntExpr 34604)) < (UnopExpr ! (IntExpr 4087)))
       (IteExpr
        (VarExpr KmTvr1)
        (IntExpr 27754)
        (UnopExpr - (UnopExpr - (IntExpr 33710))))))
     !=
     (BinopExpr
      (BinopExpr
       (BinopExpr
        (BinopExpr
         (UnopExpr ! (IntExpr 15362))
         -
         (BinopExpr (IntExpr 14397) % (IntExpr 1178)))
        >=
        (VarExpr tzz5pN))
       +
       (IntExpr 3913))
      <=
      (VarExpr Fn2UMv))))
   (IteExpr
    (BinopExpr
     (BinopExpr
      (UnopExpr - (UnopExpr - (IntExpr 3253)))
      %
      (UnopExpr - (VarExpr q5zI2P)))
     >=
     (UnopExpr - (IntExpr 12343)))
    (VarExpr true)
    (BinopExpr
     (BinopExpr
      (BinopExpr
       (UnopExpr ! (UnopExpr - (IntExpr 41435)))
       -
       (BinopExpr (UnopExpr - (IntExpr 13281)) % (VarExpr wAtU8f)))
      -
      (BinopExpr
       (IteExpr
        (BinopExpr
         (BinopExpr
          (UnopExpr ! (IntExpr 33522))
          <=
          (UnopExpr - (IntExpr 35397)))
         ==
         (BinopExpr (UnopExpr ! (VarExpr hlQuia)) % (IntExpr 24981)))
        (IteExpr
         (IteExpr
          (UnopExpr - (VarExpr hCtI5u))
          (IntExpr 32279)
          (VarExpr false))
         (BinopExpr (IntExpr 41213) - (IntExpr 33801))
         (VarExpr false))
        (UnopExpr - (IntExpr 20194)))
       %
       (VarExpr onR1OS)))
     >
     (BinopExpr
      (UnopExpr - (IntExpr 27542))
      -
      (IteExpr
       (BinopExpr
        (BinopExpr
         (BinopExpr
          (BinopExpr
           (IteExpr
            (IteExpr (IntExpr 15437) (VarExpr K4WKmj) (VarExpr e9aLyw))
            (BinopExpr (UnopExpr - (IntExpr 22648)) % (IntExpr 20735))
            (BinopExpr (IntExpr 38909) <= (UnopExpr - (VarExpr uZSViC))))
           +
           (VarExpr Fg30cO))
          ==
          (IteExpr
           (IteExpr
            (VarExpr ZpUcNj)
            (IntExpr 29501)
            (BinopExpr (VarExpr glParx) % (UnopExpr - (IntExpr 38662))))
           (IteExpr
            (BinopExpr
             (UnopExpr - (UnopExpr - (IntExpr 1101)))
             >
             (IntExpr 31633))
            (IteExpr (VarExpr tG7qNk) (IntExpr 31886) (IntExpr 47774))
            (BinopExpr (VarExpr WI2JiD) < (UnopExpr - (IntExpr 16606))))
           (UnopExpr - (VarExpr DPT77H))))
         <=
         (UnopExpr - (VarExpr GPyQG6)))
        >
        (BinopExpr
         (UnopExpr ! (UnopExpr - (IntExpr 39151)))
         -
         (VarExpr Np8SII)))
       (VarExpr true)
       (BinopExpr
        (BinopExpr (VarExpr DfYLhI) != (VarExpr tDmPlB))
        <=
        (BinopExpr
         (UnopExpr
          !
          (IteExpr
           (IntExpr 19386)
           (UnopExpr ! (UnopExpr - (IntExpr 18414)))
           (IntExpr 20195)))
         ==
         (BinopExpr (VarExpr LAz5lE) / (VarExpr vXN5mP))))))))
   (IteExpr
    (IteExpr
     (BinopExpr
      (IteExpr
       (BinopExpr
        (BinopExpr
         (BinopExpr
          (BinopExpr
           (BinopExpr
            (IteExpr
             (IteExpr
              (BinopExpr (VarExpr czgQwe) == (UnopExpr - (VarExpr SufmIS)))
              (BinopExpr (IntExpr 22607) + (VarExpr zS4RVc))
              (VarExpr v6ThoH))
             (BinopExpr
              (BinopExpr
               (IteExpr (VarExpr KtifxY) (VarExpr YTp0cU) (VarExpr false))
               *
               (IntExpr 6060))
              ==
              (UnopExpr - (VarExpr O9Y6ru)))
             (BinopExpr
              (BinopExpr (UnopExpr - (VarExpr Kbxe6s)) + (VarExpr Qelx4I))
              <
              (IntExpr 6967)))
            /
            (IteExpr
             (BinopExpr
              (UnopExpr ! (UnopExpr - (IntExpr 22526)))
              *
              (UnopExpr ! (VarExpr vA3JWY)))
             (BinopExpr (VarExpr mFDhlC) <= (IntExpr 18087))
             (UnopExpr - (IntExpr 797))))
           <
           (IteExpr
            (VarExpr IjZ41P)
            (VarExpr Vhr9kr)
            (UnopExpr ! (IntExpr 31479))))
          <=
          (BinopExpr (UnopExpr - (IntExpr 15460)) < (VarExpr BjAlLz)))
         <=
         (UnopExpr
          -
          (IteExpr
           (VarExpr X9bJmt)
           (IteExpr
            (UnopExpr ! (VarExpr KrSweT))
            (VarExpr byqY7V)
            (VarExpr rD7Eax))
           (BinopExpr (UnopExpr - (VarExpr F9JV2T)) > (VarExpr ux8tne)))))
        <=
        (VarExpr waIQ5m))
       (VarExpr true)
       (IteExpr
        (IteExpr
         (IteExpr
          (VarExpr LUdDq_)
          (VarExpr VpL2zX)
          (UnopExpr - (IntExpr 39102)))
         (IteExpr
          (UnopExpr - (IntExpr 18846))
          (VarExpr lbHvad)
          (VarExpr RhzCnb))
         (BinopExpr
          (UnopExpr ! (IntExpr 39213))
          <
          (UnopExpr - (UnopExpr - (IntExpr 8722)))))
        (IteExpr
         (IteExpr
          (VarExpr LB50hy)
          (VarExpr npvydO)
          (UnopExpr ! (IntExpr 30693)))
         (BinopExpr (UnopExpr - (IntExpr 49052)) * (VarExpr lS9vXD))
         (BinopExpr (UnopExpr - (IntExpr 24281)) * (VarExpr MDBt1g)))
        (UnopExpr - (VarExpr oZAGlZ))))
      +
      (IteExpr
       (IntExpr 49341)
       (BinopExpr
        (BinopExpr
         (BinopExpr
          (UnopExpr - (IntExpr 9401))
          +
          (BinopExpr
           (IteExpr
            (BinopExpr (VarExpr voD1HT) <= (UnopExpr - (IntExpr 17610)))
            (BinopExpr (VarExpr XVeSd3) / (UnopExpr - (IntExpr 47050)))
            (BinopExpr (IntExpr 4938) != (IntExpr 3906)))
           %
           (UnopExpr - (VarExpr nzVA88))))
         >=
         (BinopExpr (UnopExpr ! (UnopExpr - (IntExpr 679))) / (IntExpr 31316)))
        <
        (VarExpr u5zXP6))
       (IteExpr
        (IteExpr
         (BinopExpr
          (UnopExpr ! (UnopExpr ! (VarExpr usCYAf)))
          ==
          (IteExpr (IntExpr 26563) (IntExpr 18414) (VarExpr dKKkUT)))
         (BinopExpr
          (IteExpr
           (IntExpr 48619)
           (UnopExpr - (IntExpr 2699))
           (VarExpr EgDQY9))
          !=
          (IteExpr
           (UnopExpr - (IntExpr 27159))
           (UnopExpr - (IntExpr 4976))
           (VarExpr vcMt3r)))
         (IteExpr
          (UnopExpr - (VarExpr yhI44d))
          (BinopExpr (VarExpr iXL3gG) / (UnopExpr - (IntExpr 28229)))
          (VarExpr false)))
        (BinopExpr
         (BinopExpr
          (BinopExpr
           (BinopExpr
            (UnopExpr - (UnopExpr - (IntExpr 31448)))
            +
            (VarExpr lCWhcg))
           -
           (BinopExpr
            (BinopExpr
             (BinopExpr (VarExpr NMnRDz) / (UnopExpr - (IntExpr 27369)))
             %
             (VarExpr BITcJK))
            /
            (UnopExpr ! (VarExpr IOZ3Vb))))
          <
          (UnopExpr - (IntExpr 33748)))
         !=
         (UnopExpr - (IntExpr 38869)))
        (VarExpr T8FfnA))))
     (VarExpr true)
     (IteExpr
      (IteExpr
       (BinopExpr
        (IntExpr 10688)
        <=
        (UnopExpr
         !
         (IteExpr (IntExpr 47027) (VarExpr KfXHEb) (VarExpr H5wfGn))))
       (BinopExpr
        (IntExpr 10360)
        <
        (BinopExpr
         (BinopExpr
          (UnopExpr - (VarExpr VmCX5H))
          <
          (BinopExpr (IntExpr 9954) + (UnopExpr ! (IntExpr 32138))))
         >=
         (VarExpr YUpCVB)))
       (VarExpr false))
      (IteExpr
       (BinopExpr
        (BinopExpr (IntExpr 2196) - (UnopExpr - (IntExpr 17123)))
        <=
        (UnopExpr - (IntExpr 43345)))
       (BinopExpr
        (VarExpr PbBvcG)
        -
        (BinopExpr
         (VarExpr eRobs5)
         %
         (UnopExpr - (UnopExpr - (IntExpr 36383)))))
       (BinopExpr
        (BinopExpr (VarExpr J4tnXB) % (UnopExpr ! (IntExpr 30811)))
        >=
        (VarExpr C2O0Ld)))
      (VarExpr false)))
    (VarExpr true)
    (VarExpr LCDkah)))))
(StmtCmd
 (LetStmt
  (ArgLValue (VarArgument x4))
  (BinopExpr
   (BinopExpr
    (BinopExpr (UnopExpr ! (VarExpr oGjJXM)) % (UnopExpr - (IntExpr 10660)))
    -
    (BinopExpr (UnopExpr - (VarExpr YXT1BM)) / (VarExpr pDbPVD)))
   !=
   (BinopExpr
    (BinopExpr
     (UnopExpr
      !
      (IteExpr
       (BinopExpr (UnopExpr - (IntExpr 21047)) <= (VarExpr ZAtNU2))
       (BinopExpr
        (BinopExpr (UnopExpr - (VarExpr eyAZsN)) < (IntExpr 458))
        ==
        (VarExpr IOXjqZ))
       (UnopExpr - (IntExpr 44163))))
     >=
     (IntExpr 24344))
    >
    (IteExpr
     (BinopExpr
      (BinopExpr (UnopExpr ! (VarExpr kWw6a6)) >= (UnopExpr - (IntExpr 15306)))
      <
      (VarExpr Pk8WKF))
     (BinopExpr
      (UnopExpr ! (VarExpr M84piK))
      !=
      (BinopExpr
       (UnopExpr - (IntExpr 46319))
       -
       (IteExpr (IntExpr 33528) (VarExpr dXYFnU) (UnopExpr - (IntExpr 2619)))))
     (BinopExpr
      (BinopExpr
       (BinopExpr
        (UnopExpr ! (UnopExpr - (IntExpr 8939)))
        %
        (UnopExpr - (IntExpr 20239)))
       +
       (IntExpr 11471))
      ==
      (IntExpr 6741)))))))
(StmtCmd
 (LetStmt
  (ArgLValue (VarArgument x5))
  (IteExpr
   (IteExpr
    (BinopExpr
     (BinopExpr
      (UnopExpr
       !
       (BinopExpr
        (BinopExpr
         (VarExpr pUW0JR)
         *
         (IteExpr
          (IteExpr
           (BinopExpr
            (IteExpr
             (UnopExpr - (IntExpr 43967))
             (VarExpr H6olxA)
             (UnopExpr - (UnopExpr - (IntExpr 7529))))
            /
            (IntExpr 35133))
           (VarExpr true)
           (UnopExpr - (IntExpr 23912)))
          (VarExpr true)
          (IteExpr
           (BinopExpr (IntExpr 17201) <= (IntExpr 35563))
           (BinopExpr (VarExpr mjB2D3) % (UnopExpr - (IntExpr 8616)))
           (IteExpr
            (UnopExpr ! (UnopExpr - (IntExpr 27137)))
            (IntExpr 24290)
            (UnopExpr ! (IntExpr 34238))))))
        !=
        (BinopExpr
         (UnopExpr - (VarExpr HgzoIx))
         >=
         (UnopExpr - (IntExpr 16206)))))
      -
      (VarExpr hWRaK_))
     +
     (BinopExpr
      (BinopExpr
       (UnopExpr - (UnopExpr - (IntExpr 21972)))
       *
       (UnopExpr ! (IntExpr 43422)))
      /
      (VarExpr nGGPVV)))
    (VarExpr true)
    (BinopExpr
     (IteExpr
      (BinopExpr
       (BinopExpr (UnopExpr - (UnopExpr - (IntExpr 31455))) / (VarExpr Sv_g7W))
       >=
       (BinopExpr (IntExpr 17124) - (VarExpr dt5wnS)))
      (UnopExpr - (IntExpr 17927))
      (IteExpr
       (UnopExpr ! (IntExpr 36445))
       (VarExpr true)
       (BinopExpr
        (IntExpr 41262)
        <=
        (IteExpr
         (IntExpr 26185)
         (UnopExpr - (IntExpr 47433))
         (UnopExpr - (IntExpr 16365))))))
     *
     (IntExpr 33786)))
   (IteExpr
    (BinopExpr
     (IteExpr
      (BinopExpr (VarExpr RF5ODN) >= (UnopExpr - (IntExpr 15348)))
      (BinopExpr
       (BinopExpr
        (BinopExpr
         (UnopExpr - (IntExpr 28465))
         >=
         (BinopExpr
          (BinopExpr (UnopExpr - (IntExpr 33187)) <= (VarExpr fTxFIU))
          -
          (BinopExpr (UnopExpr - (IntExpr 35920)) * (IntExpr 41012))))
        <=
        (BinopExpr
         (BinopExpr
          (UnopExpr - (VarExpr iAyURe))
          +
          (UnopExpr - (IntExpr 35969)))
         !=
         (BinopExpr (VarExpr Dh8Pc3) < (UnopExpr - (IntExpr 20036)))))
       >=
       (BinopExpr (IntExpr 19133) + (IntExpr 5036)))
      (VarExpr zo0fZB))
     %
     (UnopExpr ! (UnopExpr ! (IntExpr 8088))))
    (BinopExpr
     (BinopExpr
      (IteExpr
       (UnopExpr ! (VarExpr nYpkYP))
       (UnopExpr - (IntExpr 37356))
       (VarExpr tGAoob))
      %
      (UnopExpr - (IntExpr 10147)))
     !=
     (BinopExpr
      (BinopExpr
       (VarExpr p8poC4)
       >=
       (BinopExpr
        (BinopExpr
         (BinopExpr
          (BinopExpr
           (UnopExpr
            -
            (BinopExpr (IntExpr 31347) != (UnopExpr - (VarExpr BlG2Tt))))
           >=
           (UnopExpr - (IntExpr 498)))
          <
          (BinopExpr
           (BinopExpr
            (VarExpr hGmsR4)
            %
            (IteExpr
             (UnopExpr ! (UnopExpr - (IntExpr 25549)))
             (IntExpr 30808)
             (VarExpr BcXWnp)))
           *
           (UnopExpr - (UnopExpr - (IntExpr 14036)))))
         >
         (UnopExpr - (IntExpr 25720)))
        *
        (IntExpr 1656)))
      <
      (BinopExpr
       (BinopExpr
        (IteExpr
         (UnopExpr - (VarExpr QgUOch))
         (BinopExpr
          (BinopExpr (UnopExpr - (IntExpr 489)) % (UnopExpr - (IntExpr 5373)))
          >
          (BinopExpr
           (BinopExpr
            (UnopExpr - (UnopExpr - (IntExpr 25589)))
            /
            (UnopExpr - (UnopExpr ! (IntExpr 25035))))
           +
           (VarExpr o6yns8)))
         (VarExpr false))
        +
        (VarExpr JLsfPK))
       -
       (VarExpr cvVeaW))))
    (VarExpr false))
   (BinopExpr (UnopExpr - (VarExpr VE6wap)) - (VarExpr qGJJt8)))))
(StmtCmd
 (LetStmt
  (ArgLValue (VarArgument x6))
  (IteExpr
   (IteExpr
    (BinopExpr
     (UnopExpr
      -
      (IteExpr
       (BinopExpr
        (BinopExpr (IntExpr 16677) % (VarExpr Jn0nuc))
        /
        (VarExpr rQERIs))
       (BinopExpr
        (BinopExpr (UnopExpr - (UnopExpr - (IntExpr 8780))) % (VarExpr h1PhPw))
        <
        (BinopExpr
         (UnopExpr ! (UnopExpr - (IntExpr 32953)))
         %
         (UnopExpr ! (VarExpr msJUkF))))
       (IteExpr
        (BinopExpr
         (UnopExpr - (UnopExpr - (VarExpr nOGWgV)))
         +
         (UnopExpr ! (IntExpr 44706)))
        (IteExpr (UnopExpr - (IntExpr 22628)) (IntExpr 48781) (VarExpr false))
        (IteExpr
         (VarExpr iC7naK)
         (UnopExpr - (VarExpr z8gNXw))
         (VarExpr RledZL)))))
     +
     (IteExpr
      (BinopExpr
       (BinopExpr
        (BinopExpr (UnopExpr - (VarExpr pF7gMV)) > (IntExpr 42082))
        -
        (VarExpr LGoWSD))
       >
       (UnopExpr ! (UnopExpr - (IntExpr 7490))))
      (BinopExpr
       (BinopExpr (VarExpr ugzzs2) - (VarExpr HLbM4r))
       <
       (VarExpr b_Guzm))
      (BinopExpr
       (BinopExpr (UnopExpr - (IntExpr 2956)) - (UnopExpr - (IntExpr 12963)))
       -
       (IteExpr
        (UnopExpr - (IntExpr 4737))
        (VarExpr XWpgXg)
        (UnopExpr - (VarExpr tii04g))))))
    (VarExpr true)
    (BinopExpr
     (BinopExpr
      (BinopExpr (VarExpr anNtoX) % (UnopExpr ! (VarExpr vUAXSN)))
      !=
      (IteExpr
       (IteExpr (IntExpr 20261) (IntExpr 1353) (VarExpr Ti4TAc))
       (IntExpr 31683)
       (BinopExpr
        (UnopExpr ! (VarExpr Lz76Th))
        /
        (UnopExpr - (IntExpr 11773)))))
     ==
     (BinopExpr
      (IntExpr 42761)
      <
      (BinopExpr
       (BinopExpr
        (UnopExpr
         !
         (UnopExpr
          !
          (IteExpr
           (IteExpr
            (UnopExpr - (IntExpr 4647))
            (BinopExpr
             (VarExpr wbli4S)
             <=
             (BinopExpr
              (UnopExpr - (UnopExpr - (IntExpr 16129)))
              -
              (VarExpr C8j0No)))
            (VarExpr false))
           (VarExpr true)
           (BinopExpr
            (VarExpr imDHIp)
            >
            (BinopExpr
             (UnopExpr - (IntExpr 47124))
             -
             (BinopExpr
              (UnopExpr - (UnopExpr - (IntExpr 348)))
              >=
              (UnopExpr - (IntExpr 48382))))))))
        <
        (BinopExpr
         (BinopExpr
          (UnopExpr - (IntExpr 37710))
          *
          (BinopExpr
           (BinopExpr
            (BinopExpr
             (BinopExpr
              (IteExpr (VarExpr iT4kdv) (VarExpr onxvW5) (VarExpr A5tr73))
              -
              (VarExpr aRqVJi))
             <=
             (BinopExpr (IntExpr 916) % (UnopExpr - (IntExpr 25153))))
            ==
            (UnopExpr ! (VarExpr AVr77M)))
           !=
           (BinopExpr (IntExpr 17283) > (VarExpr qVDTSb))))
         -
         (UnopExpr - (VarExpr oilKtn))))
       <
       (BinopExpr
        (VarExpr xJHzKX)
        -
        (BinopExpr
         (BinopExpr
          (VarExpr W5LiR6)
          /
          (IteExpr
           (BinopExpr (VarExpr WUl8Xo) < (IntExpr 11512))
           (IteExpr (IntExpr 14105) (VarExpr Kzesua) (VarExpr Ueb61p))
           (UnopExpr ! (IntExpr 38980))))
         /
         (UnopExpr - (UnopExpr - (IntExpr 46717)))))))))
   (IteExpr
    (IteExpr
     (VarExpr mob0Ie)
     (UnopExpr - (IntExpr 29006))
     (UnopExpr - (VarExpr f_5tWo)))
    (IteExpr
     (IteExpr
      (BinopExpr
       (UnopExpr ! (UnopExpr - (VarExpr jPdpfC)))
       +
       (IteExpr
        (IntExpr 44594)
        (BinopExpr
         (BinopExpr
          (BinopExpr (UnopExpr - (IntExpr 17541)) * (VarExpr fG4BsK))
          <
          (VarExpr wmhUl9))
         ==
         (VarExpr z3Foau))
        (IteExpr
         (UnopExpr - (UnopExpr - (IntExpr 6444)))
         (BinopExpr
          (UnopExpr - (IntExpr 44359))
          ==
          (UnopExpr - (VarExpr rUnTJm)))
         (VarExpr false))))
      (VarExpr DYc20a)
      (VarExpr false))
     (VarExpr true)
     (BinopExpr
      (BinopExpr
       (UnopExpr ! (UnopExpr - (UnopExpr - (VarExpr w_H9ac))))
       ==
       (BinopExpr
        (BinopExpr
         (IteExpr
          (UnopExpr - (IntExpr 35592))
          (UnopExpr ! (IntExpr 13236))
          (VarExpr k_BESc))
         +
         (IntExpr 47428))
        >
        (UnopExpr - (IntExpr 10657))))
      ==
      (UnopExpr - (VarExpr jxNo6g))))
    (IteExpr
     (IteExpr
      (BinopExpr
       (BinopExpr
        (BinopExpr
         (IteExpr
          (IteExpr
           (IteExpr
            (UnopExpr - (IntExpr 35337))
            (VarExpr N4sm6F)
            (UnopExpr - (IntExpr 43626)))
           (UnopExpr - (UnopExpr - (IntExpr 12599)))
           (BinopExpr (UnopExpr - (VarExpr vhNeS1)) == (IntExpr 41110)))
          (VarExpr sxmZEh)
          (UnopExpr ! (IntExpr 46028)))
         -
         (BinopExpr
          (UnopExpr ! (VarExpr WuDGLt))
          %
          (IteExpr
           (IntExpr 9960)
           (UnopExpr - (VarExpr FJgCrK))
           (IntExpr 20919))))
        +
        (BinopExpr
         (UnopExpr - (VarExpr Tyttzt))
         %
         (UnopExpr - (IntExpr 26424))))
       >
       (UnopExpr - (UnopExpr - (IntExpr 44683))))
      (VarExpr true)
      (UnopExpr - (IntExpr 23344)))
     (VarExpr true)
     (BinopExpr
      (BinopExpr
       (BinopExpr
        (BinopExpr
         (BinopExpr
          (BinopExpr
           (UnopExpr ! (VarExpr fIhkuh))
           >=
           (UnopExpr ! (VarExpr d2VXBR)))
          <=
          (VarExpr nn8UdT))
         <
         (BinopExpr
          (BinopExpr (UnopExpr - (VarExpr NabPfV)) != (IntExpr 45754))
          %
          (UnopExpr ! (VarExpr RNgS61))))
        >
        (UnopExpr - (IntExpr 19067)))
       ==
       (BinopExpr
        (BinopExpr
         (BinopExpr
          (UnopExpr - (IntExpr 18340))
          <=
          (UnopExpr - (IntExpr 14935)))
         >
         (VarExpr zM9NGS))
        <=
        (BinopExpr (VarExpr maTRQX) % (UnopExpr - (IntExpr 24214)))))
      !=
      (IteExpr
       (BinopExpr
        (BinopExpr
         (IteExpr
          (IteExpr
           (VarExpr y5rKsN)
           (VarExpr mL_HwN)
           (UnopExpr - (IntExpr 14067)))
          (VarExpr true)
          (UnopExpr - (IntExpr 28519)))
         >=
         (IteExpr
          (BinopExpr
           (UnopExpr - (UnopExpr - (VarExpr b44uw1)))
           ==
           (UnopExpr ! (VarExpr O2V0mw)))
          (BinopExpr
           (UnopExpr - (VarExpr yJsaCh))
           ==
           (UnopExpr - (IntExpr 39759)))
          (VarExpr HSxIst)))
        ==
        (BinopExpr (VarExpr r3F3gl) * (IntExpr 28632)))
       (VarExpr RomVJK)
       (BinopExpr
        (IntExpr 25502)
        %
        (IteExpr
         (BinopExpr
          (BinopExpr
           (BinopExpr (UnopExpr - (VarExpr WTu6az)) - (IntExpr 47139))
           -
           (UnopExpr - (IntExpr 35128)))
          >
          (UnopExpr ! (VarExpr TsSGKx)))
         (BinopExpr
          (BinopExpr (UnopExpr ! (VarExpr TbJpNU)) + (VarExpr swsn6D))
          >=
          (IteExpr
           (IntExpr 26837)
           (UnopExpr - (IntExpr 28242))
           (UnopExpr ! (VarExpr u9hvLZ))))
         (IteExpr
          (UnopExpr - (IntExpr 18505))
          (VarExpr true)
          (BinopExpr
           (VarExpr q5xeyE)
           !=
           (BinopExpr (VarExpr SCEj3h) + (UnopExpr - (VarExpr GLFycv)))))))))))
   (IteExpr
    (BinopExpr
     (IteExpr
      (IteExpr
       (IteExpr
        (BinopExpr
         (BinopExpr (VarExpr ZaC7kO) > (UnopExpr - (IntExpr 43724)))
         >=
         (UnopExpr - (IntExpr 21682)))
        (IteExpr
         (BinopExpr (VarExpr WFEISS) < (VarExpr hM6hGg))
         (BinopExpr
          (UnopExpr - (UnopExpr - (IntExpr 29620)))
          +
          (UnopExpr ! (VarExpr Cl7C8J)))
         (BinopExpr (VarExpr gjHA_n) != (VarExpr JUhVZw)))
        (BinopExpr
         (VarExpr WjAjKX)
         -
         (BinopExpr (UnopExpr - (IntExpr 43923)) / (VarExpr PbeD_6))))
       (VarExpr true)
       (BinopExpr
        (BinopExpr
         (BinopExpr
          (UnopExpr ! (IntExpr 42327))
          /
          (UnopExpr ! (UnopExpr - (IntExpr 34099))))
         >
         (UnopExpr - (IntExpr 33152)))
        !=
        (BinopExpr
         (BinopExpr
          (UnopExpr - (VarExpr LZJSC4))
          -
          (BinopExpr
           (BinopExpr
            (BinopExpr (VarExpr YNLtXk) % (IntExpr 34771))
            %
            (IteExpr
             (VarExpr xgztXG)
             (VarExpr OA5WDk)
             (UnopExpr ! (VarExpr bP1PUC))))
           %
           (UnopExpr
            -
            (IteExpr
             (IteExpr
              (IteExpr (VarExpr YLgBV1) (VarExpr qnljpQ) (IntExpr 9087))
              (VarExpr wtNLGb)
              (VarExpr false))
             (BinopExpr
              (UnopExpr - (IntExpr 42229))
              <
              (BinopExpr
               (VarExpr MuU7km)
               -
               (IteExpr (VarExpr gvy3Go) (VarExpr MEc98j) (VarExpr l2E0QH))))
             (IteExpr
              (IteExpr
               (UnopExpr - (IntExpr 45083))
               (VarExpr zE8FD3)
               (VarExpr shY0_P))
              (UnopExpr ! (IntExpr 49840))
              (IteExpr
               (VarExpr RIvNkV)
               (UnopExpr - (IntExpr 20911))
               (IntExpr 35027)))))))
         >
         (IteExpr
          (UnopExpr - (IntExpr 29039))
          (VarExpr G5YW1x)
          (UnopExpr - (IntExpr 2567))))))
      (BinopExpr
       (BinopExpr
        (UnopExpr - (UnopExpr - (IntExpr 23731)))
        /
        (UnopExpr ! (UnopExpr - (IntExpr 17395))))
       +
       (BinopExpr (UnopExpr - (IntExpr 46236)) * (VarExpr Ju3R81)))
      (VarExpr false))
     !=
     (BinopExpr
      (IteExpr
       (IteExpr
        (IteExpr
         (BinopExpr (UnopExpr - (VarExpr qeKTFV)) > (IntExpr 12279))
         (BinopExpr (UnopExpr ! (VarExpr nu34iF)) < (IntExpr 38244))
         (BinopExpr (VarExpr tdSj_s) >= (VarExpr qo36Hy)))
        (VarExpr pCTKQI)
        (VarExpr false))
       (UnopExpr ! (VarExpr vsYRt5))
       (IteExpr
        (BinopExpr
         (BinopExpr (IntExpr 32612) - (UnopExpr - (IntExpr 31432)))
         -
         (IteExpr
          (UnopExpr - (IntExpr 40958))
          (UnopExpr - (IntExpr 47483))
          (IntExpr 16248)))
        (IntExpr 19765)
        (VarExpr false)))
      -
      (IteExpr
       (IteExpr
        (BinopExpr
         (UnopExpr - (UnopExpr - (UnopExpr - (IntExpr 28731))))
         +
         (UnopExpr - (UnopExpr - (IntExpr 22726))))
        (BinopExpr
         (BinopExpr
          (UnopExpr ! (VarExpr amqQqq))
          >=
          (BinopExpr (IntExpr 49980) + (UnopExpr - (IntExpr 49417))))
         ==
         (UnopExpr - (VarExpr RzaQpg)))
        (VarExpr false))
       (IteExpr
        (BinopExpr
         (BinopExpr
          (BinopExpr (VarExpr RT7hnk) > (IntExpr 24634))
          %
          (UnopExpr - (VarExpr NGHaWO)))
         ==
         (UnopExpr - (VarExpr PLEKIH)))
        (BinopExpr
         (BinopExpr (VarExpr m0GfHj) * (VarExpr rO6MhN))
         <
         (BinopExpr
          (VarExpr lbSYkb)
          <
          (UnopExpr ! (UnopExpr - (IntExpr 6555)))))
        (BinopExpr
         (BinopExpr
          (VarExpr zrnoeG)
          +
          (BinopExpr
           (UnopExpr - (IntExpr 19884))
           %
           (UnopExpr - (IntExpr 14580))))
         <
         (IntExpr 44214)))
       (IntExpr 26151))))
    (UnopExpr - (IntExpr 24955))
    (VarExpr xMFwTo)))))
(StmtCmd
 (LetStmt
  (ArgLValue (VarArgument x7))
  (IteExpr
   (BinopExpr
    (UnopExpr
     -
     (IteExpr
      (VarExpr KVanUB)
      (BinopExpr
       (BinopExpr
        (BinopExpr
         (BinopExpr
          (VarExpr gEYNuT)
          *
          (UnopExpr - (UnopExpr - (IntExpr 24574))))
         *
         (BinopExpr (VarExpr Sfifhf) <= (VarExpr xErHbi)))
        *
        (IteExpr (VarExpr JJJQb0) (VarExpr true) (VarExpr UAz05t)))
       ==
       (BinopExpr (VarExpr r8FBn7) % (IntExpr 37017)))
      (IteExpr
       (BinopExpr
        (VarExpr vndBOe)
        +
        (UnopExpr
         !
         (IteExpr (VarExpr cC5l5O) (VarExpr RVTyK1) (VarExpr NzNTLv))))
       (BinopExpr (UnopExpr - (IntExpr 20607)) != (VarExpr l_MUoC))
       (VarExpr false))))
    -
    (BinopExpr (UnopExpr ! (IntExpr 4488)) * (IntExpr 43284)))
   (BinopExpr
    (BinopExpr
     (BinopExpr
      (BinopExpr
       (BinopExpr
        (BinopExpr
         (BinopExpr
          (UnopExpr - (VarExpr tYhO6Q))
          %
          (UnopExpr - (IntExpr 35353)))
         <
         (UnopExpr
          -
          (IteExpr (VarExpr L2Mush) (VarExpr fQepni) (VarExpr NVabsp))))
        >
        (BinopExpr
         (BinopExpr
          (UnopExpr ! (VarExpr AC5tNz))
          /
          (IteExpr
           (IteExpr
            (BinopExpr
             (BinopExpr (IntExpr 45949) <= (IntExpr 49284))
             !=
             (UnopExpr - (IntExpr 39773)))
            (VarExpr n4RRlG)
            (VarExpr false))
           (VarExpr true)
           (BinopExpr
            (IntExpr 28337)
            ==
            (BinopExpr
             (UnopExpr - (IntExpr 15404))
             *
             (UnopExpr - (IntExpr 19302))))))
         -
         (UnopExpr - (UnopExpr - (IntExpr 21624)))))
       >
       (VarExpr rkc2F2))
      ==
      (BinopExpr
       (BinopExpr
        (UnopExpr ! (VarExpr TTbrrk))
        >=
        (BinopExpr
         (VarExpr xMR2nJ)
         -
         (BinopExpr (IntExpr 12114) / (IntExpr 15503))))
       >
       (BinopExpr
        (BinopExpr (VarExpr iRSWQu) % (VarExpr e6QFDK))
        -
        (UnopExpr ! (UnopExpr - (VarExpr qG9Mmt))))))
     ==
     (BinopExpr
      (UnopExpr
       -
       (IteExpr
        (IntExpr 10867)
        (IteExpr (IntExpr 3506) (IntExpr 22516) (IntExpr 13148))
        (BinopExpr (VarExpr K0TeBu) + (UnopExpr ! (VarExpr P_61yH)))))
      +
      (IteExpr
       (BinopExpr (UnopExpr - (UnopExpr - (IntExpr 23860))) * (IntExpr 26793))
       (VarExpr E7dhWR)
       (VarExpr false))))
    !=
    (BinopExpr
     (BinopExpr
      (BinopExpr
       (BinopExpr (VarExpr DQyTJ9) <= (IntExpr 45796))
       >=
       (VarExpr lYu_sm))
      <
      (IntExpr 40805))
     >
     (IteExpr
      (VarExpr zUSapr)
      (IteExpr
       (BinopExpr
        (BinopExpr
         (UnopExpr ! (IntExpr 49011))
         -
         (UnopExpr - (UnopExpr - (UnopExpr - (IntExpr 23338)))))
        >
        (BinopExpr
         (UnopExpr - (IntExpr 13601))
         -
         (BinopExpr (IntExpr 21619) / (VarExpr L4eAS9))))
       (BinopExpr
        (BinopExpr (UnopExpr ! (VarExpr tAfcpB)) % (VarExpr Rgw9Ty))
        <=
        (UnopExpr - (IntExpr 2952)))
       (VarExpr false))
      (IteExpr
       (BinopExpr
        (IteExpr
         (BinopExpr
          (IteExpr
           (UnopExpr - (IntExpr 12433))
           (VarExpr true)
           (UnopExpr - (IntExpr 47592)))
          ==
          (BinopExpr
           (UnopExpr - (IntExpr 48843))
           +
           (UnopExpr - (IntExpr 6600))))
         (BinopExpr
          (BinopExpr
           (BinopExpr (IntExpr 26085) > (VarExpr rkSYoj))
           %
           (VarExpr GwfyAJ))
          !=
          (VarExpr m66Q9b))
         (IntExpr 22026))
        -
        (UnopExpr - (UnopExpr - (IntExpr 24125))))
       (VarExpr true)
       (BinopExpr
        (UnopExpr ! (VarExpr m143tO))
        %
        (IteExpr
         (IntExpr 19923)
         (VarExpr d24ACt)
         (IteExpr
          (IteExpr
           (IteExpr
            (BinopExpr (IntExpr 18456) <= (VarExpr zGSDia))
            (UnopExpr - (IntExpr 136))
            (BinopExpr
             (VarExpr qZJaZL)
             *
             (UnopExpr - (UnopExpr - (IntExpr 29997)))))
           (IteExpr
            (IteExpr
             (UnopExpr - (IntExpr 39335))
             (UnopExpr - (IntExpr 48139))
             (IntExpr 37845))
            (BinopExpr (UnopExpr ! (IntExpr 40)) + (VarExpr PrnzC_))
            (IteExpr (VarExpr HrAHv9) (VarExpr qzruRc) (VarExpr yYLhRc)))
           (BinopExpr
            (BinopExpr (UnopExpr - (IntExpr 18045)) * (VarExpr IgTx4d))
            ==
            (BinopExpr
             (UnopExpr - (IntExpr 3303))
             >=
             (UnopExpr ! (IntExpr 39445)))))
          (BinopExpr
           (BinopExpr
            (BinopExpr (UnopExpr - (IntExpr 23688)) / (VarExpr sXEpQj))
            <=
            (IteExpr (VarExpr hfNKSe) (IntExpr 36044) (IntExpr 6061)))
           *
           (IteExpr
            (BinopExpr
             (UnopExpr - (UnopExpr - (UnopExpr - (IntExpr 15383))))
             -
             (VarExpr sAwmbF))
            (BinopExpr (VarExpr R_YAm6) == (UnopExpr - (IntExpr 4806)))
            (VarExpr OfU_Am)))
          (IteExpr
           (BinopExpr
            (BinopExpr
             (BinopExpr
              (UnopExpr - (UnopExpr ! (IntExpr 48542)))
              -
              (UnopExpr - (IntExpr 954)))
             -
             (UnopExpr ! (VarExpr XLPrny)))
            +
            (IntExpr 205))
           (BinopExpr
            (BinopExpr
             (UnopExpr ! (UnopExpr - (IntExpr 48263)))
             !=
             (IntExpr 27850))
            ==
            (UnopExpr - (IntExpr 35009)))
           (IteExpr
            (BinopExpr
             (UnopExpr - (VarExpr ZLinc6))
             +
             (UnopExpr - (UnopExpr - (IntExpr 10296))))
            (IteExpr
             (UnopExpr - (VarExpr xopzU3))
             (IntExpr 31600)
             (UnopExpr ! (VarExpr Bis21U)))
            (BinopExpr (IntExpr 22425) == (VarExpr YvbS1j)))))))))))
   (VarExpr false))))
(StmtCmd
 (LetStmt
  (ArgLValue (VarArgument x8))
  (IteExpr
   (BinopExpr
    (IteExpr
     (IteExpr
      (IteExpr
       (BinopExpr (UnopExpr - (IntExpr 49444)) * (IntExpr 2079))
       (BinopExpr (UnopExpr ! (VarExpr l1DKTZ)) / (VarExpr AGsv43))
       (VarExpr false))
      (UnopExpr - (IntExpr 18119))
      (BinopExpr
       (BinopExpr
        (UnopExpr - (UnopExpr ! (VarExpr Tpt2l7)))
        *
        (UnopExpr - (IntExpr 22262)))
       %
       (UnopExpr - (IntExpr 16786))))
     (BinopExpr
      (BinopExpr
       (BinopExpr
        (BinopExpr (VarExpr Fkwk9W) - (UnopExpr - (IntExpr 24613)))
        <
        (VarExpr fIWK8e))
       <
       (VarExpr L35iEZ))
      ==
      (BinopExpr
       (IntExpr 23211)
       <=
       (BinopExpr (VarExpr Utv2K3) * (IntExpr 44090))))
     (BinopExpr
      (IteExpr
       (BinopExpr
        (BinopExpr (VarExpr G16LNw) > (IntExpr 1966))
        /
        (VarExpr BTmcZU))
       (VarExpr CtE4Ah)
       (VarExpr false))
      >
      (BinopExpr
       (BinopExpr
        (UnopExpr
         !
         (BinopExpr
          (VarExpr t9Zb42)
          >
          (UnopExpr ! (UnopExpr - (IntExpr 49259)))))
        %
        (UnopExpr - (IntExpr 41231)))
       /
       (IntExpr 4088))))
    <
    (UnopExpr
     !
     (UnopExpr
      !
      (IteExpr
       (IteExpr (UnopExpr - (IntExpr 18569)) (VarExpr true) (IntExpr 22931))
       (VarExpr true)
       (UnopExpr - (IntExpr 14619))))))
   (BinopExpr
    (BinopExpr
     (BinopExpr
      (BinopExpr
       (BinopExpr
        (BinopExpr
         (BinopExpr
          (BinopExpr
           (BinopExpr
            (IteExpr
             (IteExpr (IntExpr 23623) (VarExpr ZPkF5u) (VarExpr y2E0Zq))
             (VarExpr true)
             (BinopExpr (IntExpr 28026) % (VarExpr AOx7lP)))
            *
            (UnopExpr - (UnopExpr - (IntExpr 11608))))
           %
           (VarExpr a6dw1Q))
          <
          (BinopExpr
           (UnopExpr - (UnopExpr - (IntExpr 39204)))
           ==
           (IntExpr 37616)))
         !=
         (VarExpr ITCmXG))
        !=
        (BinopExpr
         (BinopExpr
          (UnopExpr - (VarExpr qBVBkq))
          <=
          (BinopExpr (IntExpr 32657) % (UnopExpr - (IntExpr 2096))))
         <
         (BinopExpr
          (BinopExpr
           (BinopExpr
            (BinopExpr
             (BinopExpr
              (IteExpr
               (UnopExpr - (IntExpr 21317))
               (IteExpr
                (UnopExpr - (IntExpr 527))
                (VarExpr aQCXUx)
                (VarExpr false))
               (UnopExpr - (UnopExpr - (IntExpr 17294))))
              %
              (IntExpr 49324))
             +
             (VarExpr hzQcF5))
            <=
            (IntExpr 34847))
           >
           (VarExpr E2rMwM))
          >
          (BinopExpr
           (BinopExpr
            (IntExpr 21465)
            %
            (BinopExpr
             (UnopExpr - (VarExpr XrVeWO))
             <=
             (UnopExpr - (IntExpr 17320))))
           *
           (BinopExpr
            (UnopExpr
             -
             (IteExpr
              (UnopExpr - (IntExpr 32230))
              (UnopExpr - (VarExpr B0r04h))
              (UnopExpr ! (IntExpr 41879))))
            >=
            (BinopExpr (VarExpr PPKtFo) * (UnopExpr ! (VarExpr MxVrvN))))))))
       ==
       (IteExpr
        (BinopExpr
         (BinopExpr (UnopExpr ! (VarExpr HZLt11)) > (VarExpr fveGau))
         >
         (VarExpr JYdY5Z))
        (IteExpr
         (BinopExpr (IntExpr 10886) > (VarExpr X1N12A))
         (BinopExpr (IntExpr 47639) < (VarExpr Lg_xor))
         (IteExpr (VarExpr rMkQWS) (VarExpr ULfSy1) (VarExpr LGxuee)))
        (BinopExpr
         (UnopExpr - (UnopExpr - (IntExpr 854)))
         /
         (IteExpr
          (IntExpr 40884)
          (IntExpr 11694)
          (UnopExpr ! (IntExpr 10777))))))
      !=
      (BinopExpr
       (UnopExpr ! (UnopExpr ! (VarExpr RWbkyS)))
       <=
       (IntExpr 14086)))
     !=
     (BinopExpr
      (UnopExpr - (IntExpr 7698))
      *
      (UnopExpr - (BinopExpr (VarExpr ZPy5qn) - (VarExpr ZOxQu6)))))
    ==
    (BinopExpr
     (BinopExpr
      (BinopExpr (UnopExpr - (IntExpr 37967)) < (IntExpr 31504))
      >
      (BinopExpr
       (IteExpr
        (IteExpr
         (BinopExpr
          (UnopExpr ! (VarExpr L28PpZ))
          <=
          (IteExpr
           (UnopExpr - (IntExpr 8541))
           (VarExpr k3mkMj)
           (BinopExpr
            (IteExpr (VarExpr FZY74j) (VarExpr vRBw7Z) (VarExpr false))
            !=
            (IteExpr
             (UnopExpr - (UnopExpr - (IntExpr 7655)))
             (UnopExpr ! (VarExpr lf_GDz))
             (IntExpr 26258)))))
         (BinopExpr
          (BinopExpr
           (BinopExpr
            (BinopExpr
             (UnopExpr - (IntExpr 43111))
             -
             (BinopExpr (VarExpr uvFPW9) / (UnopExpr - (VarExpr AyYJTh))))
            >=
            (IntExpr 41019))
           <
           (IteExpr (VarExpr FwFdnv) (VarExpr qRtoFB) (VarExpr g0v4rP)))
          >
          (BinopExpr
           (VarExpr xzHn60)
           *
           (IteExpr
            (IteExpr
             (BinopExpr (UnopExpr - (VarExpr ef8GV5)) * (VarExpr QRsBad))
             (BinopExpr (VarExpr Tvf3oF) < (UnopExpr - (IntExpr 19975)))
             (BinopExpr (UnopExpr ! (IntExpr 3171)) >= (VarExpr q70IsB)))
            (IteExpr
             (BinopExpr
              (UnopExpr - (VarExpr Ts_Zxu))
              !=
              (BinopExpr
               (UnopExpr ! (VarExpr xHhK5P))
               >=
               (UnopExpr - (IntExpr 44198))))
             (UnopExpr - (VarExpr em3ksH))
             (VarExpr false))
            (BinopExpr (VarExpr q1kazf) == (VarExpr MmGYa9)))))
         (IntExpr 7568))
        (IteExpr
         (IteExpr
          (BinopExpr
           (BinopExpr
            (UnopExpr - (UnopExpr - (IntExpr 18306)))
            >
            (BinopExpr
             (BinopExpr
              (BinopExpr (VarExpr YK4GPc) * (VarExpr jtj_FP))
              <
              (UnopExpr ! (UnopExpr - (VarExpr fvCejR))))
             <=
             (VarExpr y88TLk)))
           >=
           (BinopExpr
            (UnopExpr ! (UnopExpr - (VarExpr n8RlwY)))
            -
            (UnopExpr - (UnopExpr - (IntExpr 45087)))))
          (VarExpr true)
          (BinopExpr (VarExpr UK5MPZ) > (UnopExpr - (IntExpr 41581))))
         (BinopExpr (IntExpr 555) == (VarExpr P69szj))
         (VarExpr false))
        (IteExpr
         (IteExpr
          (IteExpr
           (IteExpr
            (IntExpr 26659)
            (VarExpr true)
            (BinopExpr
             (UnopExpr ! (UnopExpr - (IntExpr 11595)))
             >
             (BinopExpr
              (VarExpr cEWzOF)
              %
              (IteExpr
               (IntExpr 8134)
               (UnopExpr - (IntExpr 17743))
               (VarExpr sOB71r)))))
           (VarExpr true)
           (BinopExpr
            (BinopExpr
             (BinopExpr
              (IteExpr
               (IteExpr
                (VarExpr Tjw0LQ)
                (UnopExpr ! (IntExpr 470))
                (VarExpr false))
               (VarExpr true)
               (IteExpr (VarExpr bIjFly) (VarExpr ZRNCWN) (VarExpr iTHpXO)))
              -
              (UnopExpr ! (BinopExpr (IntExpr 48325) - (VarExpr PESH_p))))
             >
             (VarExpr CfqMRt))
            <
            (IntExpr 30529)))
          (UnopExpr - (IntExpr 29199))
          (VarExpr false))
         (VarExpr true)
         (BinopExpr
          (UnopExpr - (IntExpr 3380))
          /
          (UnopExpr - (IntExpr 26545)))))
       +
       (UnopExpr - (IntExpr 14193))))
     <
     (IteExpr
      (IteExpr
       (IteExpr
        (UnopExpr
         -
         (IteExpr
          (IteExpr
           (IntExpr 38017)
           (UnopExpr - (IntExpr 48937))
           (VarExpr false))
          (IteExpr (UnopExpr - (IntExpr 8518)) (IntExpr 17881) (VarExpr false))
          (BinopExpr
           (UnopExpr ! (VarExpr j4Xhwx))
           *
           (UnopExpr - (IntExpr 28608)))))
        (VarExpr true)
        (BinopExpr
         (UnopExpr - (IntExpr 48993))
         >
         (IteExpr
          (VarExpr QBQWIo)
          (UnopExpr ! (IntExpr 20031))
          (VarExpr G7LABp))))
       (BinopExpr
        (BinopExpr
         (BinopExpr
          (BinopExpr
           (IteExpr
            (VarExpr eiEfRr)
            (BinopExpr (IntExpr 10517) < (UnopExpr - (IntExpr 13336)))
            (IteExpr
             (VarExpr Jt0VEm)
             (UnopExpr ! (VarExpr miysVs))
             (VarExpr eoe5m2)))
           <=
           (BinopExpr
            (UnopExpr - (UnopExpr - (IntExpr 1488)))
            <=
            (BinopExpr
             (IntExpr 13592)
             +
             (BinopExpr (UnopExpr - (VarExpr vj936o)) > (VarExpr OaGJ6o)))))
          <
          (UnopExpr - (VarExpr a9k4Nq)))
         >=
         (UnopExpr - (IntExpr 45053)))
        <
        (UnopExpr - (IntExpr 29065)))
       (VarExpr false))
      (VarExpr true)
      (BinopExpr
       (BinopExpr
        (IteExpr
         (IteExpr
          (UnopExpr - (IntExpr 16396))
          (VarExpr gpwFwX)
          (VarExpr false))
         (BinopExpr (UnopExpr - (IntExpr 2463)) < (IntExpr 22643))
         (BinopExpr (UnopExpr - (IntExpr 19590)) * (VarExpr Ib6SOG)))
        >
        (UnopExpr - (IntExpr 16144)))
       ==
       (VarExpr Hq7Usr)))))
   (VarExpr false))))
(StmtCmd
 (LetStmt
  (ArgLValue (VarArgument x9))
  (IteExpr
   (IteExpr
    (IteExpr
     (BinopExpr
      (BinopExpr
       (BinopExpr
        (BinopExpr
         (UnopExpr ! (UnopExpr - (VarExpr BpR7xa)))
         /
         (IteExpr
          (UnopExpr - (UnopExpr - (IntExpr 38245)))
          (IntExpr 26660)
          (IteExpr
           (IteExpr
            (VarExpr bqHV9J)
            (UnopExpr - (IntExpr 17535))
            (VarExpr false))
           (BinopExpr (UnopExpr ! (VarExpr uYHlv5)) + (VarExpr y4YmNf))
           (BinopExpr
            (UnopExpr ! (UnopExpr - (IntExpr 14990)))
            +
            (UnopExpr - (VarExpr Ma7BSA))))))
        <
        (IteExpr
         (BinopExpr
          (BinopExpr
           (UnopExpr - (VarExpr CCzE1V))
           <=
           (BinopExpr (VarExpr LjLjOz) * (VarExpr FzQaxx)))
          !=
          (UnopExpr - (UnopExpr ! (VarExpr nqR7YO))))
         (VarExpr true)
         (BinopExpr
          (VarExpr RpZVwg)
          ==
          (BinopExpr (UnopExpr - (IntExpr 3678)) / (IntExpr 37485)))))
       >
       (VarExpr Hh8v61))
      >
      (IteExpr
       (UnopExpr ! (IntExpr 42609))
       (UnopExpr - (UnopExpr - (IntExpr 23160)))
       (VarExpr tl7cGQ)))
     (VarExpr true)
     (BinopExpr
      (BinopExpr
       (UnopExpr ! (VarExpr t5RgQq))
       ==
       (BinopExpr
        (VarExpr ZuVgdk)
        +
        (BinopExpr
         (BinopExpr
          (BinopExpr (UnopExpr - (VarExpr th_fdS)) % (VarExpr k3zHDt))
          -
          (UnopExpr - (UnopExpr - (VarExpr BqkmCJ))))
         >
         (VarExpr GCU06R))))
      ==
      (IntExpr 41234)))
    (BinopExpr
     (IteExpr
      (BinopExpr
       (BinopExpr
        (BinopExpr (VarExpr gmMf_w) / (UnopExpr - (IntExpr 12230)))
        -
        (UnopExpr - (VarExpr umrC1u)))
       +
       (BinopExpr
        (BinopExpr (VarExpr f0R2bs) * (UnopExpr - (VarExpr VZnjUt)))
        /
        (UnopExpr ! (VarExpr I93PZV))))
      (BinopExpr
       (UnopExpr ! (VarExpr GbvKKs))
       <
       (BinopExpr
        (IteExpr
         (UnopExpr ! (VarExpr oBvwxb))
         (BinopExpr (UnopExpr - (IntExpr 26897)) <= (IntExpr 32722))
         (BinopExpr (VarExpr NiU2KU) * (IntExpr 38269)))
        /
        (IteExpr
         (BinopExpr
          (UnopExpr ! (VarExpr yOCUca))
          ==
          (UnopExpr - (VarExpr lhEG_S)))
         (BinopExpr (VarExpr WBUfwo) != (UnopExpr - (IntExpr 34956)))
         (IteExpr
          (UnopExpr - (IntExpr 28215))
          (VarExpr MIH7Na)
          (VarExpr ejaTVv)))))
      (VarExpr false))
     ==
     (IntExpr 34577))
    (VarExpr false))
   (BinopExpr
    (IteExpr
     (IteExpr
      (IteExpr
       (BinopExpr
        (BinopExpr
         (UnopExpr ! (UnopExpr - (IntExpr 21330)))
         -
         (UnopExpr
          -
          (IteExpr
           (UnopExpr - (IntExpr 4153))
           (VarExpr h_nGN9)
           (VarExpr vDAyaZ))))
        >
        (IteExpr
         (VarExpr hz0mKs)
         (VarExpr Axnpxu)
         (UnopExpr - (IntExpr 7701))))
       (BinopExpr
        (BinopExpr
         (UnopExpr ! (VarExpr cjN8Ex))
         ==
         (IteExpr
          (UnopExpr ! (VarExpr bTDKWO))
          (UnopExpr ! (IntExpr 13947))
          (UnopExpr - (IntExpr 14959))))
        !=
        (BinopExpr
         (UnopExpr ! (UnopExpr - (IntExpr 34691)))
         *
         (UnopExpr ! (IntExpr 9181))))
       (IteExpr
        (BinopExpr
         (BinopExpr
          (UnopExpr - (VarExpr HQ606C))
          >
          (UnopExpr - (IntExpr 44794)))
         >=
         (BinopExpr
          (BinopExpr (VarExpr ez7fFa) * (IntExpr 37936))
          *
          (IntExpr 46025)))
        (VarExpr true)
        (UnopExpr - (IntExpr 9134))))
      (IteExpr
       (IteExpr
        (BinopExpr
         (BinopExpr
          (UnopExpr - (IntExpr 35818))
          *
          (IteExpr
           (VarExpr AQ7MWX)
           (UnopExpr - (IntExpr 11232))
           (VarExpr DvtfwR)))
         >=
         (UnopExpr ! (VarExpr yu06xh)))
        (VarExpr yUxluL)
        (VarExpr false))
       (BinopExpr
        (BinopExpr
         (BinopExpr
          (UnopExpr - (IntExpr 32195))
          -
          (BinopExpr (VarExpr EoprLo) % (UnopExpr - (IntExpr 26154))))
         >
         (VarExpr BKQQyp))
        <=
        (UnopExpr - (IntExpr 44452)))
       (VarExpr false))
      (IteExpr
       (UnopExpr - (VarExpr Iv6uzC))
       (BinopExpr
        (BinopExpr
         (IteExpr
          (UnopExpr - (VarExpr tpvKs0))
          (UnopExpr - (IntExpr 17948))
          (VarExpr iu1Tld))
         /
         (UnopExpr ! (VarExpr QU8yQs)))
        %
        (BinopExpr
         (BinopExpr (UnopExpr - (VarExpr j3Zi6b)) != (VarExpr zOUMY6))
         ==
         (BinopExpr (UnopExpr - (VarExpr A4fqv3)) * (VarExpr RnHfY4))))
       (BinopExpr
        (IteExpr
         (IteExpr
          (IntExpr 41916)
          (UnopExpr - (VarExpr Z_pX89))
          (VarExpr gPWY0f))
         (BinopExpr (IntExpr 25945) >= (VarExpr DxGHKZ))
         (VarExpr nBlmMl))
        +
        (IteExpr
         (BinopExpr (VarExpr TY62GW) * (IntExpr 43498))
         (IteExpr
          (UnopExpr ! (IntExpr 46431))
          (UnopExpr - (IntExpr 44088))
          (IntExpr 21303))
         (VarExpr false)))))
     (VarExpr cGippt)
     (IteExpr
      (IteExpr
       (BinopExpr
        (IteExpr
         (IteExpr
          (UnopExpr ! (VarExpr aoi1hp))
          (BinopExpr
           (BinopExpr (IntExpr 15955) <= (UnopExpr - (IntExpr 23932)))
           !=
           (VarExpr YNWBCU))
          (VarExpr false))
         (IteExpr
          (BinopExpr (VarExpr P8ApLp) != (UnopExpr - (IntExpr 37926)))
          (VarExpr true)
          (BinopExpr (VarExpr hd0ltO) <= (VarExpr GKIER6)))
         (IteExpr
          (IteExpr
           (UnopExpr - (IntExpr 34947))
           (VarExpr true)
           (UnopExpr - (UnopExpr - (IntExpr 15941))))
          (UnopExpr - (UnopExpr - (IntExpr 23410)))
          (BinopExpr
           (UnopExpr - (IntExpr 2423))
           +
           (UnopExpr ! (IntExpr 17825)))))
        ==
        (UnopExpr - (IntExpr 16039)))
       (UnopExpr - (IntExpr 43966))
       (VarExpr false))
      (VarExpr true)
      (BinopExpr
       (BinopExpr
        (BinopExpr
         (BinopExpr
          (BinopExpr
           (BinopExpr
            (UnopExpr ! (UnopExpr - (IntExpr 7667)))
            <=
            (BinopExpr
             (BinopExpr
              (BinopExpr
               (BinopExpr
                (IntExpr 38588)
                >=
                (UnopExpr - (UnopExpr - (IntExpr 8755))))
               <
               (UnopExpr - (IntExpr 41976)))
              <=
              (VarExpr Pfcumf))
             +
             (UnopExpr ! (IntExpr 699))))
           !=
           (IteExpr
            (IntExpr 27465)
            (UnopExpr - (IntExpr 44226))
            (VarExpr BP573D)))
          ==
          (UnopExpr ! (UnopExpr - (IntExpr 38994))))
         !=
         (VarExpr MMj7Ot))
        !=
        (BinopExpr
         (BinopExpr
          (BinopExpr (IntExpr 31457) / (VarExpr VzJSY0))
          %
          (VarExpr CWK2hm))
         %
         (UnopExpr - (UnopExpr - (IntExpr 28065)))))
       ==
       (BinopExpr
        (BinopExpr (UnopExpr - (IntExpr 37508)) % (IntExpr 37022))
        %
        (VarExpr fntW3P)))))
    %
    (IteExpr
     (IteExpr
      (BinopExpr
       (UnopExpr
        !
        (UnopExpr
         !
         (IteExpr
          (BinopExpr
           (IteExpr
            (BinopExpr (UnopExpr - (IntExpr 31026)) - (IntExpr 28699))
            (UnopExpr ! (IntExpr 48896))
            (BinopExpr (UnopExpr - (VarExpr rtAVOD)) * (VarExpr H1HFsv)))
           %
           (UnopExpr - (UnopExpr - (IntExpr 20197))))
          (VarExpr true)
          (BinopExpr
           (BinopExpr
            (IntExpr 48434)
            -
            (BinopExpr (UnopExpr - (IntExpr 23250)) % (VarExpr AGOwS3)))
           >=
           (IntExpr 4996)))))
       <
       (UnopExpr
        -
        (IteExpr
         (IteExpr
          (IteExpr
           (VarExpr KBX7Dp)
           (VarExpr wrysFF)
           (UnopExpr - (IntExpr 7512)))
          (BinopExpr
           (UnopExpr ! (IntExpr 22945))
           /
           (UnopExpr - (UnopExpr - (IntExpr 19110))))
          (BinopExpr (VarExpr KMiiKb) > (IntExpr 26603)))
         (BinopExpr
          (IteExpr
           (VarExpr PcnUaw)
           (UnopExpr - (IntExpr 38297))
           (IntExpr 43510))
          <
          (BinopExpr (VarExpr UjO6jO) * (IntExpr 23393)))
         (VarExpr false))))
      (BinopExpr
       (BinopExpr
        (BinopExpr
         (BinopExpr
          (VarExpr fBMcIX)
          +
          (BinopExpr
           (BinopExpr
            (BinopExpr (IntExpr 6136) > (IntExpr 5388))
            !=
            (BinopExpr
             (VarExpr mCTAfb)
             -
             (BinopExpr (VarExpr wiqhiC) * (UnopExpr ! (IntExpr 46306)))))
           ==
           (UnopExpr - (IntExpr 24660))))
         <=
         (UnopExpr - (IntExpr 1426)))
        <=
        (BinopExpr
         (IteExpr (VarExpr huRIkE) (IntExpr 33201) (UnopExpr - (IntExpr 7801)))
         *
         (UnopExpr ! (UnopExpr - (IntExpr 32875)))))
       >=
       (VarExpr nx7Thn))
      (VarExpr false))
     (BinopExpr
      (UnopExpr - (IntExpr 32716))
      >=
      (BinopExpr (UnopExpr - (IntExpr 8875)) / (VarExpr mMy6bw)))
     (VarExpr false)))
   (BinopExpr
    (BinopExpr
     (IteExpr
      (IteExpr
       (BinopExpr
        (BinopExpr
         (UnopExpr - (IntExpr 10381))
         !=
         (BinopExpr
          (BinopExpr
           (BinopExpr
            (VarExpr l1N92v)
            <=
            (BinopExpr
             (BinopExpr (IntExpr 37375) + (UnopExpr - (VarExpr mIb1Rf)))
             +
             (VarExpr eDo9yW)))
           <
           (BinopExpr
            (IntExpr 47707)
            +
            (BinopExpr (VarExpr qa_7u5) - (VarExpr N5fw8I))))
          >
          (UnopExpr ! (VarExpr K2shi7))))
        ==
        (UnopExpr - (VarExpr RrRWfB)))
       (BinopExpr (UnopExpr ! (VarExpr Dg4NIg)) > (UnopExpr - (IntExpr 9638)))
       (VarExpr false))
      (BinopExpr
       (BinopExpr
        (BinopExpr
         (BinopExpr
          (BinopExpr
           (IteExpr
            (IteExpr
             (IteExpr
              (VarExpr k5uOCQ)
              (UnopExpr - (IntExpr 16621))
              (VarExpr KZMrtl))
             (BinopExpr (VarExpr lf7LNU) <= (IntExpr 27088))
             (BinopExpr
              (UnopExpr ! (IntExpr 35528))
              >
              (UnopExpr - (VarExpr xiuP1g))))
            (BinopExpr
             (BinopExpr
              (BinopExpr
               (UnopExpr ! (VarExpr u0mRLS))
               >=
               (UnopExpr ! (VarExpr dvFzic)))
              /
              (UnopExpr - (VarExpr upZFeW)))
             +
             (VarExpr p6Jb7J))
            (BinopExpr
             (BinopExpr
              (BinopExpr (UnopExpr - (IntExpr 19085)) % (VarExpr W4NTRG))
              %
              (IntExpr 6267))
             <=
             (UnopExpr - (IntExpr 42023))))
           *
           (UnopExpr - (IntExpr 43510)))
          +
          (IteExpr (VarExpr USY0oX) (VarExpr true) (VarExpr W5fl2Y)))
         >
         (UnopExpr - (VarExpr Z9lb4J)))
        <
        (VarExpr oQLecQ))
       >
       (BinopExpr (UnopExpr - (IntExpr 37842)) + (UnopExpr - (IntExpr 11278))))
      (VarExpr l3GubU))
     %
     (IteExpr
      (IteExpr
       (BinopExpr
        (BinopExpr
         (BinopExpr
          (UnopExpr ! (UnopExpr - (IntExpr 31388)))
          <=
          (BinopExpr
           (UnopExpr ! (UnopExpr ! (VarExpr CIhaZY)))
           %
           (UnopExpr - (IntExpr 47674))))
         ==
         (VarExpr Ehxv64))
        !=
        (UnopExpr ! (UnopExpr - (IntExpr 28513))))
       (VarExpr true)
       (BinopExpr
        (BinopExpr
         (UnopExpr - (VarExpr QtKOAb))
         <=
         (UnopExpr - (IntExpr 25817)))
        !=
        (BinopExpr
         (VarExpr b1hB7i)
         >
         (IteExpr
          (VarExpr lgLUgA)
          (VarExpr true)
          (BinopExpr
           (UnopExpr - (IntExpr 30379))
           >
           (UnopExpr - (IntExpr 23880)))))))
      (IteExpr
       (BinopExpr
        (BinopExpr
         (BinopExpr
          (BinopExpr
           (UnopExpr ! (VarExpr FDpqLh))
           /
           (UnopExpr - (IntExpr 804)))
          %
          (UnopExpr - (IntExpr 7683)))
         /
         (UnopExpr - (IntExpr 1620)))
        >
        (BinopExpr
         (VarExpr YB7Gt_)
         *
         (BinopExpr (VarExpr cX6HIZ) == (UnopExpr - (IntExpr 47076)))))
       (VarExpr true)
       (VarExpr OopX9h))
      (IteExpr
       (BinopExpr
        (BinopExpr
         (BinopExpr
          (UnopExpr
           -
           (UnopExpr
            !
            (IteExpr
             (UnopExpr ! (UnopExpr - (IntExpr 20887)))
             (VarExpr pUt8Sw)
             (UnopExpr ! (VarExpr LUh3B4)))))
          +
          (BinopExpr (UnopExpr ! (VarExpr RJAZAG)) >= (IntExpr 8110)))
         >=
         (BinopExpr (UnopExpr ! (VarExpr NffpFI)) * (VarExpr Rrsq9R)))
        <
        (BinopExpr
         (UnopExpr
          -
          (IteExpr
           (UnopExpr - (IntExpr 40386))
           (IntExpr 35507)
           (UnopExpr - (IntExpr 7179))))
         /
         (VarExpr iOftbI)))
       (UnopExpr ! (VarExpr dr_JiQ))
       (VarExpr false))))
    %
    (IteExpr
     (IteExpr
      (IteExpr
       (BinopExpr
        (BinopExpr
         (UnopExpr
          !
          (UnopExpr
           !
           (IteExpr
            (BinopExpr
             (VarExpr MbOvgT)
             >
             (BinopExpr (VarExpr zMMmUU) == (IntExpr 25456)))
            (IteExpr
             (BinopExpr
              (BinopExpr
               (UnopExpr - (UnopExpr - (IntExpr 47995)))
               <=
               (VarExpr RGKZu3))
              >
              (IntExpr 37545))
             (UnopExpr ! (VarExpr cQvA3i))
             (VarExpr false))
            (IteExpr
             (BinopExpr
              (UnopExpr ! (UnopExpr - (IntExpr 16544)))
              -
              (UnopExpr - (IntExpr 9096)))
             (BinopExpr (UnopExpr - (IntExpr 35593)) / (VarExpr Z1Ktvm))
             (BinopExpr (IntExpr 14830) / (UnopExpr - (IntExpr 11930)))))))
         >=
         (UnopExpr - (IntExpr 2358)))
        ==
        (UnopExpr - (UnopExpr - (IntExpr 22126))))
       (VarExpr true)
       (BinopExpr
        (UnopExpr - (IntExpr 14293))
        >=
        (BinopExpr (VarExpr wyU9z1) % (VarExpr XpJZoQ))))
      (BinopExpr
       (BinopExpr
        (IteExpr
         (IteExpr
          (BinopExpr
           (UnopExpr ! (UnopExpr - (UnopExpr - (IntExpr 49189))))
           +
           (UnopExpr - (IntExpr 13596)))
          (VarExpr true)
          (BinopExpr
           (UnopExpr - (VarExpr GSHoXb))
           %
           (UnopExpr ! (VarExpr WODze9))))
         (IntExpr 19757)
         (VarExpr false))
        %
        (VarExpr FMVSO1))
       !=
       (IntExpr 43716))
      (VarExpr false))
     (BinopExpr
      (BinopExpr
       (BinopExpr
        (IteExpr
         (BinopExpr
          (BinopExpr (VarExpr Il2RLG) >= (VarExpr xKLFoP))
          !=
          (BinopExpr (UnopExpr - (IntExpr 47155)) > (VarExpr Jqy01g)))
         (BinopExpr
          (BinopExpr
           (BinopExpr (VarExpr ARULCN) * (VarExpr pROqWc))
           /
           (VarExpr OYsJh3))
          >=
          (IntExpr 43935))
         (BinopExpr
          (IteExpr
           (UnopExpr - (VarExpr oANvH_))
           (UnopExpr - (IntExpr 40305))
           (IntExpr 32606))
          %
          (UnopExpr - (IntExpr 34916))))
        <
        (BinopExpr
         (BinopExpr
          (BinopExpr
           (VarExpr qqjN1w)
           -
           (BinopExpr
            (BinopExpr
             (BinopExpr
              (IntExpr 22256)
              /
              (IteExpr (IntExpr 28746) (VarExpr Cuby7h) (VarExpr nj_12r)))
             *
             (VarExpr H8fCKn))
            %
            (VarExpr I0EHJK)))
          ==
          (VarExpr B7CDKX))
         ==
         (VarExpr e6HGqA)))
       >=
       (BinopExpr
        (BinopExpr (VarExpr FmEHAX) * (UnopExpr - (IntExpr 10909)))
        /
        (IntExpr 956)))
      >=
      (VarExpr FmI0K3))
     (VarExpr false))))))
